Archive member included to satisfy reference by file (symbol)

E:/ST/STM32CubeIDE_1.17.0/STM32CubeIDE/plugins/com.st.stm32cube.ide.mcu.externaltools.gnu-tools-for-stm32.13.3.rel1.win32_1.0.0.202411081344/tools/bin/../lib/gcc/arm-none-eabi/13.3.1/../../../../arm-none-eabi/lib/thumb/v7-m/nofp\libc_nano.a(libc_a-exit.o)
                              E:/ST/STM32CubeIDE_1.17.0/STM32CubeIDE/plugins/com.st.stm32cube.ide.mcu.externaltools.gnu-tools-for-stm32.13.3.rel1.win32_1.0.0.202411081344/tools/bin/../lib/gcc/arm-none-eabi/13.3.1/../../../../arm-none-eabi/lib/thumb/v7-m/nofp/crt0.o (exit)
E:/ST/STM32CubeIDE_1.17.0/STM32CubeIDE/plugins/com.st.stm32cube.ide.mcu.externaltools.gnu-tools-for-stm32.13.3.rel1.win32_1.0.0.202411081344/tools/bin/../lib/gcc/arm-none-eabi/13.3.1/../../../../arm-none-eabi/lib/thumb/v7-m/nofp\libc_nano.a(libc_a-findfp.o)
                              ./Middlewares/Third_Party/FreeRTOS/Source/tasks.o (__sf)
E:/ST/STM32CubeIDE_1.17.0/STM32CubeIDE/plugins/com.st.stm32cube.ide.mcu.externaltools.gnu-tools-for-stm32.13.3.rel1.win32_1.0.0.202411081344/tools/bin/../lib/gcc/arm-none-eabi/13.3.1/../../../../arm-none-eabi/lib/thumb/v7-m/nofp\libc_nano.a(libc_a-fwalk.o)
                              E:/ST/STM32CubeIDE_1.17.0/STM32CubeIDE/plugins/com.st.stm32cube.ide.mcu.externaltools.gnu-tools-for-stm32.13.3.rel1.win32_1.0.0.202411081344/tools/bin/../lib/gcc/arm-none-eabi/13.3.1/../../../../arm-none-eabi/lib/thumb/v7-m/nofp\libc_nano.a(libc_a-findfp.o) (_fwalk_sglue)
E:/ST/STM32CubeIDE_1.17.0/STM32CubeIDE/plugins/com.st.stm32cube.ide.mcu.externaltools.gnu-tools-for-stm32.13.3.rel1.win32_1.0.0.202411081344/tools/bin/../lib/gcc/arm-none-eabi/13.3.1/../../../../arm-none-eabi/lib/thumb/v7-m/nofp\libc_nano.a(libc_a-stdio.o)
                              E:/ST/STM32CubeIDE_1.17.0/STM32CubeIDE/plugins/com.st.stm32cube.ide.mcu.externaltools.gnu-tools-for-stm32.13.3.rel1.win32_1.0.0.202411081344/tools/bin/../lib/gcc/arm-none-eabi/13.3.1/../../../../arm-none-eabi/lib/thumb/v7-m/nofp\libc_nano.a(libc_a-findfp.o) (__sread)
E:/ST/STM32CubeIDE_1.17.0/STM32CubeIDE/plugins/com.st.stm32cube.ide.mcu.externaltools.gnu-tools-for-stm32.13.3.rel1.win32_1.0.0.202411081344/tools/bin/../lib/gcc/arm-none-eabi/13.3.1/../../../../arm-none-eabi/lib/thumb/v7-m/nofp\libc_nano.a(libc_a-memset.o)
                              E:/ST/STM32CubeIDE_1.17.0/STM32CubeIDE/plugins/com.st.stm32cube.ide.mcu.externaltools.gnu-tools-for-stm32.13.3.rel1.win32_1.0.0.202411081344/tools/bin/../lib/gcc/arm-none-eabi/13.3.1/../../../../arm-none-eabi/lib/thumb/v7-m/nofp/crt0.o (memset)
E:/ST/STM32CubeIDE_1.17.0/STM32CubeIDE/plugins/com.st.stm32cube.ide.mcu.externaltools.gnu-tools-for-stm32.13.3.rel1.win32_1.0.0.202411081344/tools/bin/../lib/gcc/arm-none-eabi/13.3.1/../../../../arm-none-eabi/lib/thumb/v7-m/nofp\libc_nano.a(libc_a-closer.o)
                              E:/ST/STM32CubeIDE_1.17.0/STM32CubeIDE/plugins/com.st.stm32cube.ide.mcu.externaltools.gnu-tools-for-stm32.13.3.rel1.win32_1.0.0.202411081344/tools/bin/../lib/gcc/arm-none-eabi/13.3.1/../../../../arm-none-eabi/lib/thumb/v7-m/nofp\libc_nano.a(libc_a-stdio.o) (_close_r)
E:/ST/STM32CubeIDE_1.17.0/STM32CubeIDE/plugins/com.st.stm32cube.ide.mcu.externaltools.gnu-tools-for-stm32.13.3.rel1.win32_1.0.0.202411081344/tools/bin/../lib/gcc/arm-none-eabi/13.3.1/../../../../arm-none-eabi/lib/thumb/v7-m/nofp\libc_nano.a(libc_a-reent.o)
                              ./Middlewares/Third_Party/FreeRTOS/Source/tasks.o (_reclaim_reent)
E:/ST/STM32CubeIDE_1.17.0/STM32CubeIDE/plugins/com.st.stm32cube.ide.mcu.externaltools.gnu-tools-for-stm32.13.3.rel1.win32_1.0.0.202411081344/tools/bin/../lib/gcc/arm-none-eabi/13.3.1/../../../../arm-none-eabi/lib/thumb/v7-m/nofp\libc_nano.a(libc_a-impure.o)
                              ./Middlewares/Third_Party/FreeRTOS/Source/tasks.o (_impure_ptr)
E:/ST/STM32CubeIDE_1.17.0/STM32CubeIDE/plugins/com.st.stm32cube.ide.mcu.externaltools.gnu-tools-for-stm32.13.3.rel1.win32_1.0.0.202411081344/tools/bin/../lib/gcc/arm-none-eabi/13.3.1/../../../../arm-none-eabi/lib/thumb/v7-m/nofp\libc_nano.a(libc_a-lseekr.o)
                              E:/ST/STM32CubeIDE_1.17.0/STM32CubeIDE/plugins/com.st.stm32cube.ide.mcu.externaltools.gnu-tools-for-stm32.13.3.rel1.win32_1.0.0.202411081344/tools/bin/../lib/gcc/arm-none-eabi/13.3.1/../../../../arm-none-eabi/lib/thumb/v7-m/nofp\libc_nano.a(libc_a-stdio.o) (_lseek_r)
E:/ST/STM32CubeIDE_1.17.0/STM32CubeIDE/plugins/com.st.stm32cube.ide.mcu.externaltools.gnu-tools-for-stm32.13.3.rel1.win32_1.0.0.202411081344/tools/bin/../lib/gcc/arm-none-eabi/13.3.1/../../../../arm-none-eabi/lib/thumb/v7-m/nofp\libc_nano.a(libc_a-readr.o)
                              E:/ST/STM32CubeIDE_1.17.0/STM32CubeIDE/plugins/com.st.stm32cube.ide.mcu.externaltools.gnu-tools-for-stm32.13.3.rel1.win32_1.0.0.202411081344/tools/bin/../lib/gcc/arm-none-eabi/13.3.1/../../../../arm-none-eabi/lib/thumb/v7-m/nofp\libc_nano.a(libc_a-stdio.o) (_read_r)
[...]
Memory Configuration

Name             Origin             Length             Attributes
RAM              0x20000000         0x00005000         xrw
FLASH            0x08000000         0x00010000         xr
*default*        0x00000000         0xffffffff

Linker script and memory map

LOAD E:/ST/STM32CubeIDE_1.17.0/STM32CubeIDE/plugins/com.st.stm32cube.ide.mcu.externaltools.gnu-tools-for-stm32.13.3.rel1.win32_1.0.0.202411081344/tools/bin/../lib/gcc/arm-none-eabi/13.3.1/thumb/v7-m/nofp/crti.o
LOAD E:/ST/STM32CubeIDE_1.17.0/STM32CubeIDE/plugins/com.st.stm32cube.ide.mcu.externaltools.gnu-tools-for-stm32.13.3.rel1.win32_1.0.0.202411081344/tools/bin/../lib/gcc/arm-none-eabi/13.3.1/thumb/v7-m/nofp/crtbegin.o
LOAD E:/ST/STM32CubeIDE_1.17.0/STM32CubeIDE/plugins/com.st.stm32cube.ide.mcu.externaltools.gnu-tools-for-stm32.13.3.rel1.win32_1.0.0.202411081344/tools/bin/../lib/gcc/arm-none-eabi/13.3.1/../../../../arm-none-eabi/lib/thumb/v7-m/nofp/crt0.o
LOAD ./APP/app_params.o
LOAD ./APP/app_states.o
LOAD ./Core/Src/dma.o
LOAD ./Core/Src/freertos.o
LOAD ./Core/Src/gpio.o
LOAD ./Core/Src/main.o
LOAD ./Core/Src/stm32f1xx_hal_msp.o
LOAD ./Core/Src/stm32f1xx_hal_timebase_tim.o
LOAD ./Core/Src/stm32f1xx_it.o
LOAD ./Core/Src/syscalls.o
LOAD ./Core/Src/system_stm32f1xx.o
LOAD ./Core/Src/tim.o
LOAD ./Core/Src/usart.o
LOAD ./Core/Startup/startup_stm32f103c8tx.o
LOAD ./Drivers/STM32F1xx_HAL_Driver/Src/stm32f1xx_hal.o
LOAD ./Drivers/STM32F1xx_HAL_Driver/Src/stm32f1xx_hal_cortex.o
LOAD ./Drivers/STM32F1xx_HAL_Driver/Src/stm32f1xx_hal_dma.o
LOAD ./Drivers/STM32F1xx_HAL_Driver/Src/stm32f1xx_hal_exti.o
LOAD ./Drivers/STM32F1xx_HAL_Driver/Src/stm32f1xx_hal_flash.o
LOAD ./Drivers/STM32F1xx_HAL_Driver/Src/stm32f1xx_hal_flash_ex.o
LOAD ./Drivers/STM32F1xx_HAL_Driver/Src/stm32f1xx_hal_gpio.o
LOAD ./Drivers/STM32F1xx_HAL_Driver/Src/stm32f1xx_hal_gpio_ex.o
LOAD ./Drivers/STM32F1xx_HAL_Driver/Src/stm32f1xx_hal_pwr.o
LOAD ./Drivers/STM32F1xx_HAL_Driver/Src/stm32f1xx_hal_rcc.o
LOAD ./Drivers/STM32F1xx_HAL_Driver/Src/stm32f1xx_hal_rcc_ex.o
LOAD ./Drivers/STM32F1xx_HAL_Driver/Src/stm32f1xx_hal_tim.o
LOAD ./Drivers/STM32F1xx_HAL_Driver/Src/stm32f1xx_hal_tim_ex.o
LOAD ./Drivers/STM32F1xx_HAL_Driver/Src/stm32f1xx_hal_uart.o
LOAD ./EE/ee.o
LOAD ./EE/sysmem.o
LOAD ./HSM/hsm.o
LOAD ./HSM/hsm_timer.o
LOAD ./MODBUS-LIB/Modbus.o
LOAD ./MODBUS-LIB/UARTCallback.o
LOAD ./Middlewares/Third_Party/FreeRTOS/Source/CMSIS_RTOS_V2/cmsis_os2.o
LOAD ./Middlewares/Third_Party/FreeRTOS/Source/croutine.o
LOAD ./Middlewares/Third_Party/FreeRTOS/Source/event_groups.o
LOAD ./Middlewares/Third_Party/FreeRTOS/Source/list.o
LOAD ./Middlewares/Third_Party/FreeRTOS/Source/queue.o
LOAD ./Middlewares/Third_Party/FreeRTOS/Source/stream_buffer.o
LOAD ./Middlewares/Third_Party/FreeRTOS/Source/tasks.o
LOAD ./Middlewares/Third_Party/FreeRTOS/Source/timers.o
LOAD ./Middlewares/Third_Party/FreeRTOS/Source/portable/GCC/ARM_CM3/port.o
LOAD ./Middlewares/Third_Party/FreeRTOS/Source/portable/MemMang/heap_4.o
START GROUP
LOAD E:/ST/STM32CubeIDE_1.17.0/STM32CubeIDE/plugins/com.st.stm32cube.ide.mcu.externaltools.gnu-tools-for-stm32.13.3.rel1.win32_1.0.0.202411081344/tools/bin/../lib/gcc/arm-none-eabi/13.3.1/../../../../arm-none-eabi/lib/thumb/v7-m/nofp\libc_nano.a
LOAD E:/ST/STM32CubeIDE_1.17.0/STM32CubeIDE/plugins/com.st.stm32cube.ide.mcu.externaltools.gnu-tools-for-stm32.13.3.rel1.win32_1.0.0.202411081344/tools/bin/../lib/gcc/arm-none-eabi/13.3.1/../../../../arm-none-eabi/lib/thumb/v7-m/nofp\libm.a
END GROUP
START GROUP
LOAD E:/ST/STM32CubeIDE_1.17.0/STM32CubeIDE/plugins/com.st.stm32cube.ide.mcu.externaltools.gnu-tools-for-stm32.13.3.rel1.win32_1.0.0.202411081344/tools/bin/../lib/gcc/arm-none-eabi/13.3.1/thumb/v7-m/nofp\libgcc.a
LOAD E:/ST/STM32CubeIDE_1.17.0/STM32CubeIDE/plugins/com.st.stm32cube.ide.mcu.externaltools.gnu-tools-for-stm32.13.3.rel1.win32_1.0.0.202411081344/tools/bin/../lib/gcc/arm-none-eabi/13.3.1/../../../../arm-none-eabi/lib/thumb/v7-m/nofp\libc_nano.a
END GROUP
START GROUP
LOAD E:/ST/STM32CubeIDE_1.17.0/STM32CubeIDE/plugins/com.st.stm32cube.ide.mcu.externaltools.gnu-tools-for-stm32.13.3.rel1.win32_1.0.0.202411081344/tools/bin/../lib/gcc/arm-none-eabi/13.3.1/thumb/v7-m/nofp\libgcc.a
LOAD E:/ST/STM32CubeIDE_1.17.0/STM32CubeIDE/plugins/com.st.stm32cube.ide.mcu.externaltools.gnu-tools-for-stm32.13.3.rel1.win32_1.0.0.202411081344/tools/bin/../lib/gcc/arm-none-eabi/13.3.1/../../../../arm-none-eabi/lib/thumb/v7-m/nofp\libc_nano.a
LOAD E:/ST/STM32CubeIDE_1.17.0/STM32CubeIDE/plugins/com.st.stm32cube.ide.mcu.externaltools.gnu-tools-for-stm32.13.3.rel1.win32_1.0.0.202411081344/tools/bin/../lib/gcc/arm-none-eabi/13.3.1/../../../../arm-none-eabi/lib/thumb/v7-m/nofp\libnosys.a
END GROUP
START GROUP
LOAD E:/ST/STM32CubeIDE_1.17.0/STM32CubeIDE/plugins/com.st.stm32cube.ide.mcu.externaltools.gnu-tools-for-stm32.13.3.rel1.win32_1.0.0.202411081344/tools/bin/../lib/gcc/arm-none-eabi/13.3.1/thumb/v7-m/nofp\libgcc.a
LOAD E:/ST/STM32CubeIDE_1.17.0/STM32CubeIDE/plugins/com.st.stm32cube.ide.mcu.externaltools.gnu-tools-for-stm32.13.3.rel1.win32_1.0.0.202411081344/tools/bin/../lib/gcc/arm-none-eabi/13.3.1/../../../../arm-none-eabi/lib/thumb/v7-m/nofp\libc_nano.a
LOAD E:/ST/STM32CubeIDE_1.17.0/STM32CubeIDE/plugins/com.st.stm32cube.ide.mcu.externaltools.gnu-tools-for-stm32.13.3.rel1.win32_1.0.0.202411081344/tools/bin/../lib/gcc/arm-none-eabi/13.3.1/../../../../arm-none-eabi/lib/thumb/v7-m/nofp\libnosys.a
END GROUP
LOAD E:/ST/STM32CubeIDE_1.17.0/STM32CubeIDE/plugins/com.st.stm32cube.ide.mcu.externaltools.gnu-tools-for-stm32.13.3.rel1.win32_1.0.0.202411081344/tools/bin/../lib/gcc/arm-none-eabi/13.3.1/thumb/v7-m/nofp/crtend.o
LOAD E:/ST/STM32CubeIDE_1.17.0/STM32CubeIDE/plugins/com.st.stm32cube.ide.mcu.externaltools.gnu-tools-for-stm32.13.3.rel1.win32_1.0.0.202411081344/tools/bin/../lib/gcc/arm-none-eabi/13.3.1/thumb/v7-m/nofp/crtn.o
                0x20005000                        _estack = (ORIGIN (RAM) + LENGTH (RAM))
                0x00000200                        _Min_Heap_Size = 0x200
                0x00000400                        _Min_Stack_Size = 0x400

.isr_vector     0x08000000      0x10c
                0x08000000                        . = ALIGN (0x4)
 *(.isr_vector)
 .isr_vector    0x08000000      0x10c ./Core/Startup/startup_stm32f103c8tx.o
                0x08000000                g_pfnVectors
                0x0800010c                        . = ALIGN (0x4)

.text           0x08000110     0xad6c
                0x08000110                        . = ALIGN (0x4)
 *(.text)
 .text          0x08000110       0x40 E:/ST/STM32CubeIDE_1.17.0/STM32CubeIDE/plugins/com.st.stm32cube.ide.mcu.externaltools.gnu-tools-for-stm32.13.3.rel1.win32_1.0.0.202411081344/tools/bin/../lib/gcc/arm-none-eabi/13.3.1/thumb/v7-m/nofp/crtbegin.o
 *(.text*)
 .text.default_parameter_init
                0x08000150       0x4e ./APP/app_params.o
                0x08000150                default_parameter_init
 *fill*         0x0800019e        0x2 
 .text.BaudrateCodeToValue
                0x080001a0       0x88 ./APP/app_params.o
                0x080001a0                BaudrateCodeToValue
 .text.UART_Reconfigure
                0x08000228       0x58 ./APP/app_params.o
                0x08000228                UART_Reconfigure
 .text.UART_ReconfigureByCode
                0x08000280       0x32 ./APP/app_params.o
                0x08000280                UART_ReconfigureByCode
 *fill*         0x080002b2        0x2 
 .text.app_states_hsm_init
                0x080002b4       0xdc ./APP/app_states.o
                0x080002b4                app_states_hsm_init
 .text.app_state_setting_baudrate_handler
                0x08000390      0x134 ./APP/app_states.o
 .text.app_state_run_handler
                0x080004c4      0x200 ./APP/app_states.o
 .text.app_state_fault_handler
                0x080006c4       0xc8 ./APP/app_states.o
 .text.app_state_bat_not_connected_handler
                0x0800078c      0x108 ./APP/app_states.o
 .text.hsmt_custom_tick_callback
                0x08000894       0x1e ./APP/app_states.o
 .text.hsmt_turn_off_led_stt_tick_callback
                0x080008b2       0x1e ./APP/app_states.o
 .text.hsmt_setting_done_tick_callback
                0x080008d0       0x1e ./APP/app_states.o
 *fill*         0x080008ee        0x2 
 .text.MX_DMA_Init
                0x080008f0       0x6c ./Core/Src/dma.o
                0x080008f0                MX_DMA_Init
 .text.ReadModbusAddress
                0x0800095c       0x90 ./Core/Src/freertos.o
                0x0800095c                ReadModbusAddress
 .text.MX_FREERTOS_Init
                0x080009ec       0x8c ./Core/Src/freertos.o
                0x080009ec                MX_FREERTOS_Init
 .text.StartDefaultTask
                0x08000a78      0x1c8 ./Core/Src/freertos.o
                0x08000a78                StartDefaultTask
 .text.StartReadBatteryTask
                0x08000c40       0xc0 ./Core/Src/freertos.o
                0x08000c40                StartReadBatteryTask
 .text.StartCommTask
                0x08000d00       0x48 ./Core/Src/freertos.o
                0x08000d00                StartCommTask
 .text.ModbusSlave_TxCompleteCallback
                0x08000d48       0x2c ./Core/Src/freertos.o
                0x08000d48                ModbusSlave_TxCompleteCallback
 .text.MX_GPIO_Init
                0x08000d74       0xf4 ./Core/Src/gpio.o
                0x08000d74                MX_GPIO_Init
 .text.main     0x08000e68       0x30 ./Core/Src/main.o
                0x08000e68                main
 .text.SystemClock_Config
                0x08000e98       0x8a ./Core/Src/main.o
                0x08000e98                SystemClock_Config
 *fill*         0x08000f22        0x2 
 .text.HAL_TIM_PeriodElapsedCallback
                0x08000f24       0x30 ./Core/Src/main.o
                0x08000f24                HAL_TIM_PeriodElapsedCallback
 .text.Error_Handler
                0x08000f54        0xc ./Core/Src/main.o
                0x08000f54                Error_Handler
 .text.HAL_MspInit
                0x08000f60       0x70 ./Core/Src/stm32f1xx_hal_msp.o
                0x08000f60                HAL_MspInit
 .text.HAL_InitTick
                0x08000fd0       0xe4 ./Core/Src/stm32f1xx_hal_timebase_tim.o
                0x08000fd0                HAL_InitTick
 .text.NMI_Handler
                0x080010b4        0x8 ./Core/Src/stm32f1xx_it.o
                0x080010b4                NMI_Handler
 .text.HardFault_Handler
                0x080010bc        0x8 ./Core/Src/stm32f1xx_it.o
                0x080010bc                HardFault_Handler
 .text.MemManage_Handler
                0x080010c4        0x8 ./Core/Src/stm32f1xx_it.o
                0x080010c4                MemManage_Handler
 .text.BusFault_Handler
                0x080010cc        0x8 ./Core/Src/stm32f1xx_it.o
                0x080010cc                BusFault_Handler
 .text.UsageFault_Handler
                0x080010d4        0x8 ./Core/Src/stm32f1xx_it.o
                0x080010d4                UsageFault_Handler
 .text.DebugMon_Handler
                0x080010dc        0xc ./Core/Src/stm32f1xx_it.o
                0x080010dc                DebugMon_Handler
 .text.DMA1_Channel2_IRQHandler
                0x080010e8       0x14 ./Core/Src/stm32f1xx_it.o
                0x080010e8                DMA1_Channel2_IRQHandler
 .text.DMA1_Channel3_IRQHandler
                0x080010fc       0x14 ./Core/Src/stm32f1xx_it.o
                0x080010fc                DMA1_Channel3_IRQHandler
 .text.DMA1_Channel6_IRQHandler
                0x08001110       0x14 ./Core/Src/stm32f1xx_it.o
                0x08001110                DMA1_Channel6_IRQHandler
 .text.DMA1_Channel7_IRQHandler
                0x08001124       0x14 ./Core/Src/stm32f1xx_it.o
                0x08001124                DMA1_Channel7_IRQHandler
 .text.TIM1_UP_IRQHandler
                0x08001138       0x14 ./Core/Src/stm32f1xx_it.o
                0x08001138                TIM1_UP_IRQHandler
 .text.TIM2_IRQHandler
                0x0800114c       0x14 ./Core/Src/stm32f1xx_it.o
                0x0800114c                TIM2_IRQHandler
 .text.USART2_IRQHandler
                0x08001160       0x14 ./Core/Src/stm32f1xx_it.o
                0x08001160                USART2_IRQHandler
 .text.USART3_IRQHandler
                0x08001174       0x14 ./Core/Src/stm32f1xx_it.o
                0x08001174                USART3_IRQHandler
 .text.SystemInit
                0x08001188        0xc ./Core/Src/system_stm32f1xx.o
                0x08001188                SystemInit
 .text.MX_TIM2_Init
                0x08001194       0x98 ./Core/Src/tim.o
                0x08001194                MX_TIM2_Init
 .text.HAL_TIM_Base_MspInit
                0x0800122c       0x48 ./Core/Src/tim.o
                0x0800122c                HAL_TIM_Base_MspInit
 .text.MX_USART2_UART_Init
                0x08001274       0x54 ./Core/Src/usart.o
                0x08001274                MX_USART2_UART_Init
 .text.MX_USART3_UART_Init
                0x080012c8       0x54 ./Core/Src/usart.o
                0x080012c8                MX_USART3_UART_Init
 .text.HAL_UART_MspInit
                0x0800131c      0x280 ./Core/Src/usart.o
                0x0800131c                HAL_UART_MspInit
 .text.HAL_UART_MspDeInit
                0x0800159c       0x98 ./Core/Src/usart.o
                0x0800159c                HAL_UART_MspDeInit
 .text.Reset_Handler
                0x08001634       0x48 ./Core/Startup/startup_stm32f103c8tx.o
                0x08001634                Reset_Handler
 .text.Default_Handler
                0x0800167c        0x2 ./Core/Startup/startup_stm32f103c8tx.o
                0x0800167c                RTC_Alarm_IRQHandler
                0x0800167c                EXTI2_IRQHandler
                0x0800167c                TIM1_CC_IRQHandler
                0x0800167c                PVD_IRQHandler
                0x0800167c                EXTI3_IRQHandler
                0x0800167c                EXTI0_IRQHandler
                0x0800167c                I2C2_EV_IRQHandler
                0x0800167c                ADC1_2_IRQHandler
                0x0800167c                SPI1_IRQHandler
                0x0800167c                TAMPER_IRQHandler
                0x0800167c                DMA1_Channel4_IRQHandler
                0x0800167c                RTC_IRQHandler
                0x0800167c                CAN1_RX1_IRQHandler
                0x0800167c                TIM4_IRQHandler
                0x0800167c                I2C1_EV_IRQHandler
                0x0800167c                TIM3_IRQHandler
                0x0800167c                RCC_IRQHandler
                0x0800167c                TIM1_TRG_COM_IRQHandler
                0x0800167c                DMA1_Channel1_IRQHandler
                0x0800167c                Default_Handler
                0x0800167c                EXTI15_10_IRQHandler
                0x0800167c                EXTI9_5_IRQHandler
                0x0800167c                SPI2_IRQHandler
                0x0800167c                DMA1_Channel5_IRQHandler
                0x0800167c                EXTI4_IRQHandler
                0x0800167c                USB_LP_CAN1_RX0_IRQHandler
                0x0800167c                USB_HP_CAN1_TX_IRQHandler
                0x0800167c                WWDG_IRQHandler
                0x0800167c                TIM1_BRK_IRQHandler
                0x0800167c                EXTI1_IRQHandler
                0x0800167c                I2C2_ER_IRQHandler
                0x0800167c                CAN1_SCE_IRQHandler
                0x0800167c                FLASH_IRQHandler
                0x0800167c                USART1_IRQHandler
                0x0800167c                I2C1_ER_IRQHandler
                0x0800167c                USBWakeUp_IRQHandler
 *fill*         0x0800167e        0x2 
 .text.HAL_Init
                0x08001680       0x2c ./Drivers/STM32F1xx_HAL_Driver/Src/stm32f1xx_hal.o
                0x08001680                HAL_Init
 .text.HAL_IncTick
                0x080016ac       0x24 ./Drivers/STM32F1xx_HAL_Driver/Src/stm32f1xx_hal.o
                0x080016ac                HAL_IncTick
 .text.HAL_GetTick
                0x080016d0       0x14 ./Drivers/STM32F1xx_HAL_Driver/Src/stm32f1xx_hal.o
                0x080016d0                HAL_GetTick
 .text.__NVIC_SetPriorityGrouping
                0x080016e4       0x48 ./Drivers/STM32F1xx_HAL_Driver/Src/stm32f1xx_hal_cortex.o
 .text.__NVIC_GetPriorityGrouping
                0x0800172c       0x1c ./Drivers/STM32F1xx_HAL_Driver/Src/stm32f1xx_hal_cortex.o
 .text.__NVIC_EnableIRQ
                0x08001748       0x38 ./Drivers/STM32F1xx_HAL_Driver/Src/stm32f1xx_hal_cortex.o
 .text.__NVIC_DisableIRQ
                0x08001780       0x48 ./Drivers/STM32F1xx_HAL_Driver/Src/stm32f1xx_hal_cortex.o
 .text.__NVIC_SetPriority
                0x080017c8       0x54 ./Drivers/STM32F1xx_HAL_Driver/Src/stm32f1xx_hal_cortex.o
 .text.NVIC_EncodePriority
                0x0800181c       0x64 ./Drivers/STM32F1xx_HAL_Driver/Src/stm32f1xx_hal_cortex.o
 .text.HAL_NVIC_SetPriorityGrouping
                0x08001880       0x16 ./Drivers/STM32F1xx_HAL_Driver/Src/stm32f1xx_hal_cortex.o
                0x08001880                HAL_NVIC_SetPriorityGrouping
 .text.HAL_NVIC_SetPriority
                0x08001896       0x38 ./Drivers/STM32F1xx_HAL_Driver/Src/stm32f1xx_hal_cortex.o
                0x08001896                HAL_NVIC_SetPriority
 .text.HAL_NVIC_EnableIRQ
                0x080018ce       0x1c ./Drivers/STM32F1xx_HAL_Driver/Src/stm32f1xx_hal_cortex.o
                0x080018ce                HAL_NVIC_EnableIRQ
 .text.HAL_NVIC_DisableIRQ
                0x080018ea       0x1c ./Drivers/STM32F1xx_HAL_Driver/Src/stm32f1xx_hal_cortex.o
                0x080018ea                HAL_NVIC_DisableIRQ
 *fill*         0x08001906        0x2 
 .text.HAL_DMA_Init
                0x08001908       0xb4 ./Drivers/STM32F1xx_HAL_Driver/Src/stm32f1xx_hal_dma.o
                0x08001908                HAL_DMA_Init
 .text.HAL_DMA_DeInit
                0x080019bc       0xb8 ./Drivers/STM32F1xx_HAL_Driver/Src/stm32f1xx_hal_dma.o
                0x080019bc                HAL_DMA_DeInit
 .text.HAL_DMA_Start_IT
                0x08001a74       0xc0 ./Drivers/STM32F1xx_HAL_Driver/Src/stm32f1xx_hal_dma.o
                0x08001a74                HAL_DMA_Start_IT
 .text.HAL_DMA_Abort
                0x08001b34       0x76 ./Drivers/STM32F1xx_HAL_Driver/Src/stm32f1xx_hal_dma.o
                0x08001b34                HAL_DMA_Abort
 *fill*         0x08001baa        0x2 
 .text.HAL_DMA_Abort_IT
                0x08001bac       0xf0 ./Drivers/STM32F1xx_HAL_Driver/Src/stm32f1xx_hal_dma.o
                0x08001bac                HAL_DMA_Abort_IT
 .text.HAL_DMA_IRQHandler
                0x08001c9c      0x20c ./Drivers/STM32F1xx_HAL_Driver/Src/stm32f1xx_hal_dma.o
                0x08001c9c                HAL_DMA_IRQHandler
 .text.DMA_SetConfig
                0x08001ea8       0x5a ./Drivers/STM32F1xx_HAL_Driver/Src/stm32f1xx_hal_dma.o
 *fill*         0x08001f02        0x2 
 .text.HAL_FLASH_Program
                0x08001f04       0xe0 ./Drivers/STM32F1xx_HAL_Driver/Src/stm32f1xx_hal_flash.o
                0x08001f04                HAL_FLASH_Program
 .text.HAL_FLASH_Unlock
                0x08001fe4       0x4c ./Drivers/STM32F1xx_HAL_Driver/Src/stm32f1xx_hal_flash.o
                0x08001fe4                HAL_FLASH_Unlock
 .text.HAL_FLASH_Lock
                0x08002030       0x20 ./Drivers/STM32F1xx_HAL_Driver/Src/stm32f1xx_hal_flash.o
                0x08002030                HAL_FLASH_Lock
 .text.FLASH_Program_HalfWord
                0x08002050       0x38 ./Drivers/STM32F1xx_HAL_Driver/Src/stm32f1xx_hal_flash.o
 .text.FLASH_WaitForLastOperation
                0x08002088       0x8c ./Drivers/STM32F1xx_HAL_Driver/Src/stm32f1xx_hal_flash.o
                0x08002088                FLASH_WaitForLastOperation
 .text.FLASH_SetErrorCode
                0x08002114       0xa0 ./Drivers/STM32F1xx_HAL_Driver/Src/stm32f1xx_hal_flash.o
 .text.HAL_FLASHEx_Erase
                0x080021b4       0xd8 ./Drivers/STM32F1xx_HAL_Driver/Src/stm32f1xx_hal_flash_ex.o
                0x080021b4                HAL_FLASHEx_Erase
 .text.FLASH_MassErase
                0x0800228c       0x38 ./Drivers/STM32F1xx_HAL_Driver/Src/stm32f1xx_hal_flash_ex.o
 .text.FLASH_PageErase
                0x080022c4       0x40 ./Drivers/STM32F1xx_HAL_Driver/Src/stm32f1xx_hal_flash_ex.o
                0x080022c4                FLASH_PageErase
 .text.HAL_GPIO_Init
                0x08002304      0x308 ./Drivers/STM32F1xx_HAL_Driver/Src/stm32f1xx_hal_gpio.o
                0x08002304                HAL_GPIO_Init
 .text.HAL_GPIO_DeInit
                0x0800260c      0x178 ./Drivers/STM32F1xx_HAL_Driver/Src/stm32f1xx_hal_gpio.o
                0x0800260c                HAL_GPIO_DeInit
 .text.HAL_GPIO_ReadPin
                0x08002784       0x2e ./Drivers/STM32F1xx_HAL_Driver/Src/stm32f1xx_hal_gpio.o
                0x08002784                HAL_GPIO_ReadPin
 .text.HAL_GPIO_WritePin
                0x080027b2       0x30 ./Drivers/STM32F1xx_HAL_Driver/Src/stm32f1xx_hal_gpio.o
                0x080027b2                HAL_GPIO_WritePin
 .text.HAL_GPIO_TogglePin
                0x080027e2       0x32 ./Drivers/STM32F1xx_HAL_Driver/Src/stm32f1xx_hal_gpio.o
                0x080027e2                HAL_GPIO_TogglePin
 .text.HAL_RCC_OscConfig
                0x08002814      0x504 ./Drivers/STM32F1xx_HAL_Driver/Src/stm32f1xx_hal_rcc.o
                0x08002814                HAL_RCC_OscConfig
 .text.HAL_RCC_ClockConfig
                0x08002d18      0x1d4 ./Drivers/STM32F1xx_HAL_Driver/Src/stm32f1xx_hal_rcc.o
                0x08002d18                HAL_RCC_ClockConfig
 .text.HAL_RCC_GetSysClockFreq
                0x08002eec       0xa8 ./Drivers/STM32F1xx_HAL_Driver/Src/stm32f1xx_hal_rcc.o
                0x08002eec                HAL_RCC_GetSysClockFreq
 .text.HAL_RCC_GetHCLKFreq
                0x08002f94       0x14 ./Drivers/STM32F1xx_HAL_Driver/Src/stm32f1xx_hal_rcc.o
                0x08002f94                HAL_RCC_GetHCLKFreq
 .text.HAL_RCC_GetPCLK1Freq
                0x08002fa8       0x28 ./Drivers/STM32F1xx_HAL_Driver/Src/stm32f1xx_hal_rcc.o
                0x08002fa8                HAL_RCC_GetPCLK1Freq
 .text.HAL_RCC_GetPCLK2Freq
                0x08002fd0       0x28 ./Drivers/STM32F1xx_HAL_Driver/Src/stm32f1xx_hal_rcc.o
                0x08002fd0                HAL_RCC_GetPCLK2Freq
 .text.HAL_RCC_GetClockConfig
                0x08002ff8       0x60 ./Drivers/STM32F1xx_HAL_Driver/Src/stm32f1xx_hal_rcc.o
                0x08002ff8                HAL_RCC_GetClockConfig
 .text.RCC_Delay
                0x08003058       0x3c ./Drivers/STM32F1xx_HAL_Driver/Src/stm32f1xx_hal_rcc.o
 .text.HAL_TIM_Base_Init
                0x08003094       0x9e ./Drivers/STM32F1xx_HAL_Driver/Src/stm32f1xx_hal_tim.o
                0x08003094                HAL_TIM_Base_Init
 *fill*         0x08003132        0x2 
 .text.HAL_TIM_Base_Start_IT
                0x08003134       0xa4 ./Drivers/STM32F1xx_HAL_Driver/Src/stm32f1xx_hal_tim.o
                0x08003134                HAL_TIM_Base_Start_IT
 .text.HAL_TIM_IRQHandler
                0x080031d8      0x1e0 ./Drivers/STM32F1xx_HAL_Driver/Src/stm32f1xx_hal_tim.o
                0x080031d8                HAL_TIM_IRQHandler
 .text.HAL_TIM_ConfigClockSource
                0x080033b8      0x18e ./Drivers/STM32F1xx_HAL_Driver/Src/stm32f1xx_hal_tim.o
                0x080033b8                HAL_TIM_ConfigClockSource
 .text.HAL_TIM_OC_DelayElapsedCallback
                0x08003546       0x12 ./Drivers/STM32F1xx_HAL_Driver/Src/stm32f1xx_hal_tim.o
                0x08003546                HAL_TIM_OC_DelayElapsedCallback
 .text.HAL_TIM_IC_CaptureCallback
                0x08003558       0x12 ./Drivers/STM32F1xx_HAL_Driver/Src/stm32f1xx_hal_tim.o
                0x08003558                HAL_TIM_IC_CaptureCallback
 .text.HAL_TIM_PWM_PulseFinishedCallback
                0x0800356a       0x12 ./Drivers/STM32F1xx_HAL_Driver/Src/stm32f1xx_hal_tim.o
                0x0800356a                HAL_TIM_PWM_PulseFinishedCallback
 .text.HAL_TIM_TriggerCallback
                0x0800357c       0x12 ./Drivers/STM32F1xx_HAL_Driver/Src/stm32f1xx_hal_tim.o
                0x0800357c                HAL_TIM_TriggerCallback
 *fill*         0x0800358e        0x2 
 .text.TIM_Base_SetConfig
                0x08003590       0xdc ./Drivers/STM32F1xx_HAL_Driver/Src/stm32f1xx_hal_tim.o
                0x08003590                TIM_Base_SetConfig
 .text.TIM_TI1_ConfigInputStage
                0x0800366c       0x5c ./Drivers/STM32F1xx_HAL_Driver/Src/stm32f1xx_hal_tim.o
 .text.TIM_TI2_ConfigInputStage
                0x080036c8       0x5e ./Drivers/STM32F1xx_HAL_Driver/Src/stm32f1xx_hal_tim.o
 .text.TIM_ITRx_SetConfig
                0x08003726       0x34 ./Drivers/STM32F1xx_HAL_Driver/Src/stm32f1xx_hal_tim.o
 .text.TIM_ETR_SetConfig
                0x0800375a       0x3e ./Drivers/STM32F1xx_HAL_Driver/Src/stm32f1xx_hal_tim.o
                0x0800375a                TIM_ETR_SetConfig
 .text.HAL_TIMEx_MasterConfigSynchronization
                0x08003798       0xbc ./Drivers/STM32F1xx_HAL_Driver/Src/stm32f1xx_hal_tim_ex.o
                0x08003798                HAL_TIMEx_MasterConfigSynchronization
 .text.HAL_TIMEx_CommutCallback
                0x08003854       0x12 ./Drivers/STM32F1xx_HAL_Driver/Src/stm32f1xx_hal_tim_ex.o
                0x08003854                HAL_TIMEx_CommutCallback
 .text.HAL_TIMEx_BreakCallback
                0x08003866       0x12 ./Drivers/STM32F1xx_HAL_Driver/Src/stm32f1xx_hal_tim_ex.o
                0x08003866                HAL_TIMEx_BreakCallback
 .text.HAL_UART_Init
                0x08003878       0xa0 ./Drivers/STM32F1xx_HAL_Driver/Src/stm32f1xx_hal_uart.o
                0x08003878                HAL_UART_Init
 .text.HAL_UART_DeInit
                0x08003918       0x64 ./Drivers/STM32F1xx_HAL_Driver/Src/stm32f1xx_hal_uart.o
                0x08003918                HAL_UART_DeInit
 .text.HAL_UART_Transmit_IT
                0x0800397c       0x6a ./Drivers/STM32F1xx_HAL_Driver/Src/stm32f1xx_hal_uart.o
                0x0800397c                HAL_UART_Transmit_IT
 .text.HAL_UART_Receive_IT
                0x080039e6       0x4a ./Drivers/STM32F1xx_HAL_Driver/Src/stm32f1xx_hal_uart.o
                0x080039e6                HAL_UART_Receive_IT
 .text.HAL_UART_Transmit_DMA
                0x08003a30       0xe0 ./Drivers/STM32F1xx_HAL_Driver/Src/stm32f1xx_hal_uart.o
                0x08003a30                HAL_UART_Transmit_DMA
 .text.HAL_UART_DMAStop
                0x08003b10       0xfe ./Drivers/STM32F1xx_HAL_Driver/Src/stm32f1xx_hal_uart.o
                0x08003b10                HAL_UART_DMAStop
 .text.HAL_UARTEx_ReceiveToIdle_DMA
                0x08003c0e       0xb2 ./Drivers/STM32F1xx_HAL_Driver/Src/stm32f1xx_hal_uart.o
                0x08003c0e                HAL_UARTEx_ReceiveToIdle_DMA
 .text.HAL_UART_AbortReceive_IT
                0x08003cc0      0x164 ./Drivers/STM32F1xx_HAL_Driver/Src/stm32f1xx_hal_uart.o
                0x08003cc0                HAL_UART_AbortReceive_IT
 .text.HAL_UART_IRQHandler
                0x08003e24      0x524 ./Drivers/STM32F1xx_HAL_Driver/Src/stm32f1xx_hal_uart.o
                0x08003e24                HAL_UART_IRQHandler
 .text.HAL_UART_TxHalfCpltCallback
                0x08004348       0x12 ./Drivers/STM32F1xx_HAL_Driver/Src/stm32f1xx_hal_uart.o
                0x08004348                HAL_UART_TxHalfCpltCallback
 .text.HAL_UART_RxHalfCpltCallback
                0x0800435a       0x12 ./Drivers/STM32F1xx_HAL_Driver/Src/stm32f1xx_hal_uart.o
                0x0800435a                HAL_UART_RxHalfCpltCallback
 .text.HAL_UART_AbortReceiveCpltCallback
                0x0800436c       0x12 ./Drivers/STM32F1xx_HAL_Driver/Src/stm32f1xx_hal_uart.o
                0x0800436c                HAL_UART_AbortReceiveCpltCallback
 .text.HAL_HalfDuplex_EnableTransmitter
                0x0800437e       0x66 ./Drivers/STM32F1xx_HAL_Driver/Src/stm32f1xx_hal_uart.o
                0x0800437e                HAL_HalfDuplex_EnableTransmitter
 .text.HAL_HalfDuplex_EnableReceiver
                0x080043e4       0x66 ./Drivers/STM32F1xx_HAL_Driver/Src/stm32f1xx_hal_uart.o
                0x080043e4                HAL_HalfDuplex_EnableReceiver
 .text.HAL_UART_GetState
                0x0800444a       0x3a ./Drivers/STM32F1xx_HAL_Driver/Src/stm32f1xx_hal_uart.o
                0x0800444a                HAL_UART_GetState
 .text.UART_DMATransmitCplt
                0x08004484       0x9a ./Drivers/STM32F1xx_HAL_Driver/Src/stm32f1xx_hal_uart.o
 .text.UART_DMATxHalfCplt
                0x0800451e       0x1c ./Drivers/STM32F1xx_HAL_Driver/Src/stm32f1xx_hal_uart.o
 .text.UART_DMAReceiveCplt
                0x0800453a      0x12c ./Drivers/STM32F1xx_HAL_Driver/Src/stm32f1xx_hal_uart.o
 .text.UART_DMARxHalfCplt
                0x08004666       0x3c ./Drivers/STM32F1xx_HAL_Driver/Src/stm32f1xx_hal_uart.o
 .text.UART_DMAError
                0x080046a2       0x94 ./Drivers/STM32F1xx_HAL_Driver/Src/stm32f1xx_hal_uart.o
 .text.UART_Start_Receive_IT
                0x08004736       0x72 ./Drivers/STM32F1xx_HAL_Driver/Src/stm32f1xx_hal_uart.o
                0x08004736                UART_Start_Receive_IT
 .text.UART_Start_Receive_DMA
                0x080047a8      0x134 ./Drivers/STM32F1xx_HAL_Driver/Src/stm32f1xx_hal_uart.o
                0x080047a8                UART_Start_Receive_DMA
 .text.UART_EndTxTransfer
                0x080048dc       0x4e ./Drivers/STM32F1xx_HAL_Driver/Src/stm32f1xx_hal_uart.o
 .text.UART_EndRxTransfer
                0x0800492a       0xc4 ./Drivers/STM32F1xx_HAL_Driver/Src/stm32f1xx_hal_uart.o
 .text.UART_DMAAbortOnError
                0x080049ee       0x28 ./Drivers/STM32F1xx_HAL_Driver/Src/stm32f1xx_hal_uart.o
 .text.UART_DMARxOnlyAbortCallback
                0x08004a16       0x30 ./Drivers/STM32F1xx_HAL_Driver/Src/stm32f1xx_hal_uart.o
 .text.UART_Transmit_IT
                0x08004a46       0x9e ./Drivers/STM32F1xx_HAL_Driver/Src/stm32f1xx_hal_uart.o
 .text.UART_EndTransmit_IT
                0x08004ae4       0x30 ./Drivers/STM32F1xx_HAL_Driver/Src/stm32f1xx_hal_uart.o
 .text.UART_Receive_IT
                0x08004b14      0x17c ./Drivers/STM32F1xx_HAL_Driver/Src/stm32f1xx_hal_uart.o
 .text.UART_SetConfig
                0x08004c90      0x11c ./Drivers/STM32F1xx_HAL_Driver/Src/stm32f1xx_hal_uart.o
 .text.EE_Init  0x08004dac       0x90 ./EE/ee.o
                0x08004dac                EE_Init
 .text.EE_Format
                0x08004e3c       0x5c ./EE/ee.o
                0x08004e3c                EE_Format
 .text.EE_Read  0x08004e98       0x4c ./EE/ee.o
                0x08004e98                EE_Read
 .text.EE_Write
                0x08004ee4       0xc8 ./EE/ee.o
                0x08004ee4                EE_Write
 .text.HSM_RootHandler
                0x08004fac       0x18 ./HSM/hsm.o
                0x08004fac                HSM_RootHandler
 .text.HSM_STATE_Create
                0x08004fc4       0x50 ./HSM/hsm.o
                0x08004fc4                HSM_STATE_Create
 .text.HSM_Create
                0x08005014       0x3a ./HSM/hsm.o
                0x08005014                HSM_Create
 .text.HSM_Run  0x0800504e       0x38 ./HSM/hsm.o
                0x0800504e                HSM_Run
 .text.HSM_Tran
                0x08005086      0x17e ./HSM/hsm.o
                0x08005086                HSM_Tran
 .text.timer_get_index
                0x08005204       0x60 ./HSM/hsm_timer.o
 .text.hsmTimerCreate
                0x08005264       0xe8 ./HSM/hsm_timer.o
                0x08005264                hsmTimerCreate
 .text.hsmTimerStart
                0x0800534c       0x74 ./HSM/hsm_timer.o
                0x0800534c                hsmTimerStart
 .text.hsmTimerStop
                0x080053c0       0x40 ./HSM/hsm_timer.o
                0x080053c0                hsmTimerStop
 .text.HSM_TIM_IRQHandler
                0x08005400      0x128 ./HSM/hsm_timer.o
                0x08005400                HSM_TIM_IRQHandler
 .text.hsmTimerInit
                0x08005528       0x14 ./HSM/hsm_timer.o
                0x08005528                hsmTimerInit
 .text.RingAdd  0x0800553c       0x8c ./MODBUS-LIB/Modbus.o
                0x0800553c                RingAdd
 .text.RingGetAllBytes
                0x080055c8       0x24 ./MODBUS-LIB/Modbus.o
                0x080055c8                RingGetAllBytes
 .text.RingGetNBytes
                0x080055ec       0xa8 ./MODBUS-LIB/Modbus.o
                0x080055ec                RingGetNBytes
 .text.RingClear
                0x08005694       0x32 ./MODBUS-LIB/Modbus.o
                0x08005694                RingClear
 *fill*         0x080056c6        0x2 
 .text.ModbusInit
                0x080056c8      0x150 ./MODBUS-LIB/Modbus.o
                0x080056c8                ModbusInit
 .text.ModbusStart
                0x08005818      0x144 ./MODBUS-LIB/Modbus.o
                0x08005818                ModbusStart
 .text.vTimerCallbackT35
                0x0800595c       0x84 ./MODBUS-LIB/Modbus.o
 .text.vTimerCallbackTimeout
                0x080059e0       0x5c ./MODBUS-LIB/Modbus.o
 .text.StartTaskModbusSlave
                0x08005a3c      0x1dc ./MODBUS-LIB/Modbus.o
                0x08005a3c                StartTaskModbusSlave
 .text.ModbusQuery
                0x08005c18       0x44 ./MODBUS-LIB/Modbus.o
                0x08005c18                ModbusQuery
 .text.SendQuery
                0x08005c5c      0x2d8 ./MODBUS-LIB/Modbus.o
 .text.StartTaskModbusMaster
                0x08005f34      0x1d4 ./MODBUS-LIB/Modbus.o
                0x08005f34                StartTaskModbusMaster
 .text.get_FC1  0x08006108       0xae ./MODBUS-LIB/Modbus.o
 .text.get_FC3  0x080061b6       0x5c ./MODBUS-LIB/Modbus.o
 *fill*         0x08006212        0x2 
 .text.validateAnswer
                0x08006214       0xe0 ./MODBUS-LIB/Modbus.o
 .text.getRxBuffer
                0x080062f4       0x90 ./MODBUS-LIB/Modbus.o
 .text.validateRequest
                0x08006384      0x294 ./MODBUS-LIB/Modbus.o
 .text.word     0x08006618       0x24 ./MODBUS-LIB/Modbus.o
 .text.calcCRC  0x0800663c       0x8c ./MODBUS-LIB/Modbus.o
                0x0800663c                calcCRC
 .text.buildException
                0x080066c8       0x3c ./MODBUS-LIB/Modbus.o
 .text.sendTxBuffer
                0x08006704      0x178 ./MODBUS-LIB/Modbus.o
 .text.process_FC1
                0x0800687c      0x16a ./MODBUS-LIB/Modbus.o
 .text.process_FC3
                0x080069e6       0xd6 ./MODBUS-LIB/Modbus.o
 .text.process_FC5
                0x08006abc       0xb2 ./MODBUS-LIB/Modbus.o
 .text.process_FC6
                0x08006b6e       0x64 ./MODBUS-LIB/Modbus.o
 .text.process_FC15
                0x08006bd2      0x11c ./MODBUS-LIB/Modbus.o
 .text.process_FC16
                0x08006cee       0xb0 ./MODBUS-LIB/Modbus.o
 *fill*         0x08006d9e        0x2 
 .text.HAL_UART_TxCpltCallback
                0x08006da0       0x7c ./MODBUS-LIB/UARTCallback.o
                0x08006da0                HAL_UART_TxCpltCallback
 .text.HAL_UART_RxCpltCallback
                0x08006e1c       0xd4 ./MODBUS-LIB/UARTCallback.o
                0x08006e1c                HAL_UART_RxCpltCallback
 .text.HAL_UART_ErrorCallback
                0x08006ef0      0x104 ./MODBUS-LIB/UARTCallback.o
                0x08006ef0                HAL_UART_ErrorCallback
 .text.HAL_UARTEx_RxEventCallback
                0x08006ff4      0x110 ./MODBUS-LIB/UARTCallback.o
                0x08006ff4                HAL_UARTEx_RxEventCallback
 .text.__NVIC_SetPriority
                0x08007104       0x54 ./Middlewares/Third_Party/FreeRTOS/Source/CMSIS_RTOS_V2/cmsis_os2.o
 .text.SysTick_Handler
                0x08007158       0x20 ./Middlewares/Third_Party/FreeRTOS/Source/CMSIS_RTOS_V2/cmsis_os2.o
                0x08007158                SysTick_Handler
 .text.SVC_Setup
                0x08007178       0x12 ./Middlewares/Third_Party/FreeRTOS/Source/CMSIS_RTOS_V2/cmsis_os2.o
 *fill*         0x0800718a        0x2 
 .text.osKernelInitialize
                0x0800718c       0x44 ./Middlewares/Third_Party/FreeRTOS/Source/CMSIS_RTOS_V2/cmsis_os2.o
                0x0800718c                osKernelInitialize
 .text.osKernelStart
                0x080071d0       0x4c ./Middlewares/Third_Party/FreeRTOS/Source/CMSIS_RTOS_V2/cmsis_os2.o
                0x080071d0                osKernelStart
 .text.osThreadNew
                0x0800721c      0x124 ./Middlewares/Third_Party/FreeRTOS/Source/CMSIS_RTOS_V2/cmsis_os2.o
                0x0800721c                osThreadNew
 .text.osThreadGetId
                0x08007340       0x16 ./Middlewares/Third_Party/FreeRTOS/Source/CMSIS_RTOS_V2/cmsis_os2.o
                0x08007340                osThreadGetId
 .text.osDelay  0x08007356       0x36 ./Middlewares/Third_Party/FreeRTOS/Source/CMSIS_RTOS_V2/cmsis_os2.o
                0x08007356                osDelay
 .text.osSemaphoreNew
                0x0800738c      0x112 ./Middlewares/Third_Party/FreeRTOS/Source/CMSIS_RTOS_V2/cmsis_os2.o
                0x0800738c                osSemaphoreNew
 *fill*         0x0800749e        0x2 
 .text.osSemaphoreAcquire
                0x080074a0       0xa4 ./Middlewares/Third_Party/FreeRTOS/Source/CMSIS_RTOS_V2/cmsis_os2.o
                0x080074a0                osSemaphoreAcquire
 .text.osSemaphoreRelease
                0x08007544       0x88 ./Middlewares/Third_Party/FreeRTOS/Source/CMSIS_RTOS_V2/cmsis_os2.o
                0x08007544                osSemaphoreRelease
 .text.osMessageQueueNew
                0x080075cc       0xe6 ./Middlewares/Third_Party/FreeRTOS/Source/CMSIS_RTOS_V2/cmsis_os2.o
                0x080075cc                osMessageQueueNew
 *fill*         0x080076b2        0x2 
 .text.vApplicationGetIdleTaskMemory
                0x080076b4       0x30 ./Middlewares/Third_Party/FreeRTOS/Source/CMSIS_RTOS_V2/cmsis_os2.o
                0x080076b4                vApplicationGetIdleTaskMemory
 .text.vApplicationGetTimerTaskMemory
                0x080076e4       0x34 ./Middlewares/Third_Party/FreeRTOS/Source/CMSIS_RTOS_V2/cmsis_os2.o
                0x080076e4                vApplicationGetTimerTaskMemory
 .text.vListInitialise
                0x08007718       0x3e ./Middlewares/Third_Party/FreeRTOS/Source/list.o
                0x08007718                vListInitialise
 .text.vListInitialiseItem
                0x08007756       0x18 ./Middlewares/Third_Party/FreeRTOS/Source/list.o
                0x08007756                vListInitialiseItem
 .text.vListInsertEnd
                0x0800776e       0x46 ./Middlewares/Third_Party/FreeRTOS/Source/list.o
                0x0800776e                vListInsertEnd
 .text.vListInsert
                0x080077b4       0x70 ./Middlewares/Third_Party/FreeRTOS/Source/list.o
                0x080077b4                vListInsert
 .text.uxListRemove
                0x08007824       0x52 ./Middlewares/Third_Party/FreeRTOS/Source/list.o
                0x08007824                uxListRemove
 *fill*         0x08007876        0x2 
 .text.xQueueGenericReset
                0x08007878       0xd4 ./Middlewares/Third_Party/FreeRTOS/Source/queue.o
                0x08007878                xQueueGenericReset
 .text.xQueueGenericCreateStatic
                0x0800794c       0xfa ./Middlewares/Third_Party/FreeRTOS/Source/queue.o
                0x0800794c                xQueueGenericCreateStatic
 .text.xQueueGenericCreate
                0x08007a46       0x76 ./Middlewares/Third_Party/FreeRTOS/Source/queue.o
                0x08007a46                xQueueGenericCreate
 .text.prvInitialiseNewQueue
                0x08007abc       0x46 ./Middlewares/Third_Party/FreeRTOS/Source/queue.o
 .text.xQueueCreateCountingSemaphoreStatic
                0x08007b02       0x72 ./Middlewares/Third_Party/FreeRTOS/Source/queue.o
                0x08007b02                xQueueCreateCountingSemaphoreStatic
 .text.xQueueCreateCountingSemaphore
                0x08007b74       0x6a ./Middlewares/Third_Party/FreeRTOS/Source/queue.o
                0x08007b74                xQueueCreateCountingSemaphore
 *fill*         0x08007bde        0x2 
 .text.xQueueGenericSend
                0x08007be0      0x204 ./Middlewares/Third_Party/FreeRTOS/Source/queue.o
                0x08007be0                xQueueGenericSend
 .text.xQueueGenericSendFromISR
                0x08007de4      0x13c ./Middlewares/Third_Party/FreeRTOS/Source/queue.o
                0x08007de4                xQueueGenericSendFromISR
 .text.xQueueGiveFromISR
                0x08007f20      0x120 ./Middlewares/Third_Party/FreeRTOS/Source/queue.o
                0x08007f20                xQueueGiveFromISR
 .text.xQueueReceive
                0x08008040      0x1c4 ./Middlewares/Third_Party/FreeRTOS/Source/queue.o
                0x08008040                xQueueReceive
 .text.xQueueSemaphoreTake
                0x08008204      0x220 ./Middlewares/Third_Party/FreeRTOS/Source/queue.o
                0x08008204                xQueueSemaphoreTake
 .text.xQueueReceiveFromISR
                0x08008424      0x104 ./Middlewares/Third_Party/FreeRTOS/Source/queue.o
                0x08008424                xQueueReceiveFromISR
 .text.vQueueDelete
                0x08008528       0x48 ./Middlewares/Third_Party/FreeRTOS/Source/queue.o
                0x08008528                vQueueDelete
 .text.prvGetDisinheritPriorityAfterTimeout
                0x08008570       0x2e ./Middlewares/Third_Party/FreeRTOS/Source/queue.o
 .text.prvCopyDataToQueue
                0x0800859e       0xd4 ./Middlewares/Third_Party/FreeRTOS/Source/queue.o
 .text.prvCopyDataFromQueue
                0x08008672       0x4c ./Middlewares/Third_Party/FreeRTOS/Source/queue.o
 .text.prvUnlockQueue
                0x080086be       0xa4 ./Middlewares/Third_Party/FreeRTOS/Source/queue.o
 .text.prvIsQueueEmpty
                0x08008762       0x2c ./Middlewares/Third_Party/FreeRTOS/Source/queue.o
 .text.prvIsQueueFull
                0x0800878e       0x30 ./Middlewares/Third_Party/FreeRTOS/Source/queue.o
 *fill*         0x080087be        0x2 
 .text.vQueueAddToRegistry
                0x080087c0       0x50 ./Middlewares/Third_Party/FreeRTOS/Source/queue.o
                0x080087c0                vQueueAddToRegistry
 .text.vQueueUnregisterQueue
                0x08008810       0x54 ./Middlewares/Third_Party/FreeRTOS/Source/queue.o
                0x08008810                vQueueUnregisterQueue
 .text.vQueueWaitForMessageRestricted
                0x08008864       0x68 ./Middlewares/Third_Party/FreeRTOS/Source/queue.o
                0x08008864                vQueueWaitForMessageRestricted
 .text.xTaskCreateStatic
                0x080088cc       0xc0 ./Middlewares/Third_Party/FreeRTOS/Source/tasks.o
                0x080088cc                xTaskCreateStatic
 .text.xTaskCreate
                0x0800898c       0x8a ./Middlewares/Third_Party/FreeRTOS/Source/tasks.o
                0x0800898c                xTaskCreate
 *fill*         0x08008a16        0x2 
 .text.prvInitialiseNewTask
                0x08008a18      0x150 ./Middlewares/Third_Party/FreeRTOS/Source/tasks.o
 .text.prvAddNewTaskToReadyList
                0x08008b68       0xe0 ./Middlewares/Third_Party/FreeRTOS/Source/tasks.o
 .text.vTaskDelay
                0x08008c48       0x6c ./Middlewares/Third_Party/FreeRTOS/Source/tasks.o
                0x08008c48                vTaskDelay
 .text.vTaskStartScheduler
                0x08008cb4       0xe0 ./Middlewares/Third_Party/FreeRTOS/Source/tasks.o
                0x08008cb4                vTaskStartScheduler
 .text.vTaskSuspendAll
                0x08008d94       0x1c ./Middlewares/Third_Party/FreeRTOS/Source/tasks.o
                0x08008d94                vTaskSuspendAll
 .text.xTaskResumeAll
                0x08008db0      0x13c ./Middlewares/Third_Party/FreeRTOS/Source/tasks.o
                0x08008db0                xTaskResumeAll
 .text.xTaskGetTickCount
                0x08008eec       0x1c ./Middlewares/Third_Party/FreeRTOS/Source/tasks.o
                0x08008eec                xTaskGetTickCount
 .text.xTaskGetTickCountFromISR
                0x08008f08       0x24 ./Middlewares/Third_Party/FreeRTOS/Source/tasks.o
                0x08008f08                xTaskGetTickCountFromISR
 .text.xTaskIncrementTick
                0x08008f2c      0x174 ./Middlewares/Third_Party/FreeRTOS/Source/tasks.o
                0x08008f2c                xTaskIncrementTick
 .text.vTaskSwitchContext
                0x080090a0       0xc8 ./Middlewares/Third_Party/FreeRTOS/Source/tasks.o
                0x080090a0                vTaskSwitchContext
 .text.vTaskPlaceOnEventList
                0x08009168       0x4c ./Middlewares/Third_Party/FreeRTOS/Source/tasks.o
                0x08009168                vTaskPlaceOnEventList
 .text.vTaskPlaceOnEventListRestricted
                0x080091b4       0x58 ./Middlewares/Third_Party/FreeRTOS/Source/tasks.o
                0x080091b4                vTaskPlaceOnEventListRestricted
 .text.xTaskRemoveFromEventList
                0x0800920c       0xc8 ./Middlewares/Third_Party/FreeRTOS/Source/tasks.o
                0x0800920c                xTaskRemoveFromEventList
 .text.vTaskInternalSetTimeOutState
                0x080092d4       0x2c ./Middlewares/Third_Party/FreeRTOS/Source/tasks.o
                0x080092d4                vTaskInternalSetTimeOutState
 .text.xTaskCheckForTimeOut
                0x08009300       0xc8 ./Middlewares/Third_Party/FreeRTOS/Source/tasks.o
                0x08009300                xTaskCheckForTimeOut
 .text.vTaskMissedYield
                0x080093c8       0x18 ./Middlewares/Third_Party/FreeRTOS/Source/tasks.o
                0x080093c8                vTaskMissedYield
 .text.prvIdleTask
                0x080093e0       0x30 ./Middlewares/Third_Party/FreeRTOS/Source/tasks.o
 .text.prvInitialiseTaskLists
                0x08009410       0x80 ./Middlewares/Third_Party/FreeRTOS/Source/tasks.o
 .text.prvCheckTasksWaitingTermination
                0x08009490       0x5c ./Middlewares/Third_Party/FreeRTOS/Source/tasks.o
 .text.prvDeleteTCB
                0x080094ec       0x6a ./Middlewares/Third_Party/FreeRTOS/Source/tasks.o
 *fill*         0x08009556        0x2 
 .text.prvResetNextTaskUnblockTime
                0x08009558       0x40 ./Middlewares/Third_Party/FreeRTOS/Source/tasks.o
 .text.xTaskGetCurrentTaskHandle
                0x08009598       0x1c ./Middlewares/Third_Party/FreeRTOS/Source/tasks.o
                0x08009598                xTaskGetCurrentTaskHandle
 .text.xTaskGetSchedulerState
                0x080095b4       0x3c ./Middlewares/Third_Party/FreeRTOS/Source/tasks.o
                0x080095b4                xTaskGetSchedulerState
 .text.xTaskPriorityInherit
                0x080095f0       0xd0 ./Middlewares/Third_Party/FreeRTOS/Source/tasks.o
                0x080095f0                xTaskPriorityInherit
 .text.xTaskPriorityDisinherit
                0x080096c0       0xe0 ./Middlewares/Third_Party/FreeRTOS/Source/tasks.o
                0x080096c0                xTaskPriorityDisinherit
 .text.vTaskPriorityDisinheritAfterTimeout
                0x080097a0      0x108 ./Middlewares/Third_Party/FreeRTOS/Source/tasks.o
                0x080097a0                vTaskPriorityDisinheritAfterTimeout
 .text.pvTaskIncrementMutexHeldCount
                0x080098a8       0x28 ./Middlewares/Third_Party/FreeRTOS/Source/tasks.o
                0x080098a8                pvTaskIncrementMutexHeldCount
 .text.ulTaskNotifyTake
                0x080098d0       0x98 ./Middlewares/Third_Party/FreeRTOS/Source/tasks.o
                0x080098d0                ulTaskNotifyTake
 .text.xTaskGenericNotify
                0x08009968      0x184 ./Middlewares/Third_Party/FreeRTOS/Source/tasks.o
                0x08009968                xTaskGenericNotify
 .text.xTaskGenericNotifyFromISR
                0x08009aec      0x1cc ./Middlewares/Third_Party/FreeRTOS/Source/tasks.o
                0x08009aec                xTaskGenericNotifyFromISR
 .text.prvAddCurrentTaskToDelayedList
                0x08009cb8       0xa8 ./Middlewares/Third_Party/FreeRTOS/Source/tasks.o
 .text.xTimerCreateTimerTask
                0x08009d60       0x94 ./Middlewares/Third_Party/FreeRTOS/Source/timers.o
                0x08009d60                xTimerCreateTimerTask
 .text.xTimerCreate
                0x08009df4       0x42 ./Middlewares/Third_Party/FreeRTOS/Source/timers.o
                0x08009df4                xTimerCreate
 .text.prvInitialiseNewTimer
                0x08009e36       0x78 ./Middlewares/Third_Party/FreeRTOS/Source/timers.o
 *fill*         0x08009eae        0x2 
 .text.xTimerGenericCommand
                0x08009eb0       0x9c ./Middlewares/Third_Party/FreeRTOS/Source/timers.o
                0x08009eb0                xTimerGenericCommand
 .text.prvProcessExpiredTimer
                0x08009f4c       0x9c ./Middlewares/Third_Party/FreeRTOS/Source/timers.o
 .text.prvTimerTask
                0x08009fe8       0x26 ./Middlewares/Third_Party/FreeRTOS/Source/timers.o
 *fill*         0x0800a00e        0x2 
 .text.prvProcessTimerOrBlockTask
                0x0800a010       0x9c ./Middlewares/Third_Party/FreeRTOS/Source/timers.o
 .text.prvGetNextExpireTime
                0x0800a0ac       0x44 ./Middlewares/Third_Party/FreeRTOS/Source/timers.o
 .text.prvSampleTimeNow
                0x0800a0f0       0x40 ./Middlewares/Third_Party/FreeRTOS/Source/timers.o
 .text.prvInsertTimerInActiveList
                0x0800a130       0x84 ./Middlewares/Third_Party/FreeRTOS/Source/timers.o
 .text.prvProcessReceivedCommands
                0x0800a1b4      0x1cc ./Middlewares/Third_Party/FreeRTOS/Source/timers.o
 .text.prvSwitchTimerLists
                0x0800a380       0xcc ./Middlewares/Third_Party/FreeRTOS/Source/timers.o
 .text.prvCheckForValidListAndQueue
                0x0800a44c       0x80 ./Middlewares/Third_Party/FreeRTOS/Source/timers.o
 .text.pxPortInitialiseStack
                0x0800a4cc       0x58 ./Middlewares/Third_Party/FreeRTOS/Source/portable/GCC/ARM_CM3/port.o
                0x0800a4cc                pxPortInitialiseStack
 .text.prvTaskExitError
                0x0800a524       0x58 ./Middlewares/Third_Party/FreeRTOS/Source/portable/GCC/ARM_CM3/port.o
 *fill*         0x0800a57c        0x4 
 .text.SVC_Handler
                0x0800a580       0x28 ./Middlewares/Third_Party/FreeRTOS/Source/portable/GCC/ARM_CM3/port.o
                0x0800a580                SVC_Handler
 .text.prvPortStartFirstTask
                0x0800a5a8       0x20 ./Middlewares/Third_Party/FreeRTOS/Source/portable/GCC/ARM_CM3/port.o
 .text.xPortStartScheduler
                0x0800a5c8       0xe4 ./Middlewares/Third_Party/FreeRTOS/Source/portable/GCC/ARM_CM3/port.o
                0x0800a5c8                xPortStartScheduler
 .text.vPortEnterCritical
                0x0800a6ac       0x60 ./Middlewares/Third_Party/FreeRTOS/Source/portable/GCC/ARM_CM3/port.o
                0x0800a6ac                vPortEnterCritical
 .text.vPortExitCritical
                0x0800a70c       0x54 ./Middlewares/Third_Party/FreeRTOS/Source/portable/GCC/ARM_CM3/port.o
                0x0800a70c                vPortExitCritical
 .text.PendSV_Handler
                0x0800a760       0x48 ./Middlewares/Third_Party/FreeRTOS/Source/portable/GCC/ARM_CM3/port.o
                0x0800a760                PendSV_Handler
 .text.xPortSysTickHandler
                0x0800a7a8       0x44 ./Middlewares/Third_Party/FreeRTOS/Source/portable/GCC/ARM_CM3/port.o
                0x0800a7a8                xPortSysTickHandler
 .text.vPortSetupTimerInterrupt
                0x0800a7ec       0x44 ./Middlewares/Third_Party/FreeRTOS/Source/portable/GCC/ARM_CM3/port.o
                0x0800a7ec                vPortSetupTimerInterrupt
 .text.vPortValidateInterruptPriority
                0x0800a830       0x80 ./Middlewares/Third_Party/FreeRTOS/Source/portable/GCC/ARM_CM3/port.o
                0x0800a830                vPortValidateInterruptPriority
 .text.pvPortMalloc
                0x0800a8b0      0x19c ./Middlewares/Third_Party/FreeRTOS/Source/portable/MemMang/heap_4.o
                0x0800a8b0                pvPortMalloc
 .text.vPortFree
                0x0800aa4c       0xc8 ./Middlewares/Third_Party/FreeRTOS/Source/portable/MemMang/heap_4.o
                0x0800aa4c                vPortFree
 .text.prvHeapInit
                0x0800ab14       0xc4 ./Middlewares/Third_Party/FreeRTOS/Source/portable/MemMang/heap_4.o
 .text.prvInsertBlockIntoFreeList
                0x0800abd8       0xb0 ./Middlewares/Third_Party/FreeRTOS/Source/portable/MemMang/heap_4.o
 .text.memset   0x0800ac88       0x10 E:/ST/STM32CubeIDE_1.17.0/STM32CubeIDE/plugins/com.st.stm32cube.ide.mcu.externaltools.gnu-tools-for-stm32.13.3.rel1.win32_1.0.0.202411081344/tools/bin/../lib/gcc/arm-none-eabi/13.3.1/../../../../arm-none-eabi/lib/thumb/v7-m/nofp\libc_nano.a(libc_a-memset.o)
                0x0800ac88                memset
 .text._reclaim_reent
                0x0800ac98       0xbc E:/ST/STM32CubeIDE_1.17.0/STM32CubeIDE/plugins/com.st.stm32cube.ide.mcu.externaltools.gnu-tools-for-stm32.13.3.rel1.win32_1.0.0.202411081344/tools/bin/../lib/gcc/arm-none-eabi/13.3.1/../../../../arm-none-eabi/lib/thumb/v7-m/nofp\libc_nano.a(libc_a-reent.o)
                0x0800ac98                _reclaim_reent
 .text.__libc_init_array
                0x0800ad54       0x48 E:/ST/STM32CubeIDE_1.17.0/STM32CubeIDE/plugins/com.st.stm32cube.ide.mcu.externaltools.gnu-tools-for-stm32.13.3.rel1.win32_1.0.0.202411081344/tools/bin/../lib/gcc/arm-none-eabi/13.3.1/../../../../arm-none-eabi/lib/thumb/v7-m/nofp\libc_nano.a(libc_a-init.o)
                0x0800ad54                __libc_init_array
 .text.__retarget_lock_acquire_recursive
                0x0800ad9c        0x2 E:/ST/STM32CubeIDE_1.17.0/STM32CubeIDE/plugins/com.st.stm32cube.ide.mcu.externaltools.gnu-tools-for-stm32.13.3.rel1.win32_1.0.0.202411081344/tools/bin/../lib/gcc/arm-none-eabi/13.3.1/../../../../arm-none-eabi/lib/thumb/v7-m/nofp\libc_nano.a(libc_a-lock.o)
                0x0800ad9c                __retarget_lock_acquire_recursive
 .text.__retarget_lock_release_recursive
                0x0800ad9e        0x2 E:/ST/STM32CubeIDE_1.17.0/STM32CubeIDE/plugins/com.st.stm32cube.ide.mcu.externaltools.gnu-tools-for-stm32.13.3.rel1.win32_1.0.0.202411081344/tools/bin/../lib/gcc/arm-none-eabi/13.3.1/../../../../arm-none-eabi/lib/thumb/v7-m/nofp\libc_nano.a(libc_a-lock.o)
                0x0800ad9e                __retarget_lock_release_recursive
 .text.memcpy   0x0800ada0       0x1c E:/ST/STM32CubeIDE_1.17.0/STM32CubeIDE/plugins/com.st.stm32cube.ide.mcu.externaltools.gnu-tools-for-stm32.13.3.rel1.win32_1.0.0.202411081344/tools/bin/../lib/gcc/arm-none-eabi/13.3.1/../../../../arm-none-eabi/lib/thumb/v7-m/nofp\libc_nano.a(libc_a-memcpy-stub.o)
                0x0800ada0                memcpy
 .text._free_r  0x0800adbc       0x90 E:/ST/STM32CubeIDE_1.17.0/STM32CubeIDE/plugins/com.st.stm32cube.ide.mcu.externaltools.gnu-tools-for-stm32.13.3.rel1.win32_1.0.0.202411081344/tools/bin/../lib/gcc/arm-none-eabi/13.3.1/../../../../arm-none-eabi/lib/thumb/v7-m/nofp\libc_nano.a(libc_a-freer.o)
                0x0800adbc                _free_r
 .text.__malloc_lock
                0x0800ae4c        0xc E:/ST/STM32CubeIDE_1.17.0/STM32CubeIDE/plugins/com.st.stm32cube.ide.mcu.externaltools.gnu-tools-for-stm32.13.3.rel1.win32_1.0.0.202411081344/tools/bin/../lib/gcc/arm-none-eabi/13.3.1/../../../../arm-none-eabi/lib/thumb/v7-m/nofp\libc_nano.a(libc_a-mlock.o)
                0x0800ae4c                __malloc_lock
 .text.__malloc_unlock
                0x0800ae58        0xc E:/ST/STM32CubeIDE_1.17.0/STM32CubeIDE/plugins/com.st.stm32cube.ide.mcu.externaltools.gnu-tools-for-stm32.13.3.rel1.win32_1.0.0.202411081344/tools/bin/../lib/gcc/arm-none-eabi/13.3.1/../../../../arm-none-eabi/lib/thumb/v7-m/nofp\libc_nano.a(libc_a-mlock.o)
                0x0800ae58                __malloc_unlock
 *(.glue_7)
 .glue_7        0x0800ae64        0x0 linker stubs
 *(.glue_7t)
 .glue_7t       0x0800ae64        0x0 linker stubs
 *(.eh_frame)
 .eh_frame      0x0800ae64        0x0 E:/ST/STM32CubeIDE_1.17.0/STM32CubeIDE/plugins/com.st.stm32cube.ide.mcu.externaltools.gnu-tools-for-stm32.13.3.rel1.win32_1.0.0.202411081344/tools/bin/../lib/gcc/arm-none-eabi/13.3.1/thumb/v7-m/nofp/crtbegin.o
 *(.init)
 .init          0x0800ae64        0x4 E:/ST/STM32CubeIDE_1.17.0/STM32CubeIDE/plugins/com.st.stm32cube.ide.mcu.externaltools.gnu-tools-for-stm32.13.3.rel1.win32_1.0.0.202411081344/tools/bin/../lib/gcc/arm-none-eabi/13.3.1/thumb/v7-m/nofp/crti.o
                0x0800ae64                _init
 .init          0x0800ae68        0x8 E:/ST/STM32CubeIDE_1.17.0/STM32CubeIDE/plugins/com.st.stm32cube.ide.mcu.externaltools.gnu-tools-for-stm32.13.3.rel1.win32_1.0.0.202411081344/tools/bin/../lib/gcc/arm-none-eabi/13.3.1/thumb/v7-m/nofp/crtn.o
 *(.fini)
 .fini          0x0800ae70        0x4 E:/ST/STM32CubeIDE_1.17.0/STM32CubeIDE/plugins/com.st.stm32cube.ide.mcu.externaltools.gnu-tools-for-stm32.13.3.rel1.win32_1.0.0.202411081344/tools/bin/../lib/gcc/arm-none-eabi/13.3.1/thumb/v7-m/nofp/crti.o
                0x0800ae70                _fini
 .fini          0x0800ae74        0x8 E:/ST/STM32CubeIDE_1.17.0/STM32CubeIDE/plugins/com.st.stm32cube.ide.mcu.externaltools.gnu-tools-for-stm32.13.3.rel1.win32_1.0.0.202411081344/tools/bin/../lib/gcc/arm-none-eabi/13.3.1/thumb/v7-m/nofp/crtn.o
                0x0800ae7c                        . = ALIGN (0x4)
                0x0800ae7c                        _etext = .

.vfp11_veneer   0x0800ae7c        0x0
 .vfp11_veneer  0x0800ae7c        0x0 linker stubs

.v4_bx          0x0800ae7c        0x0
 .v4_bx         0x0800ae7c        0x0 linker stubs

.iplt           0x0800ae7c        0x0
 .iplt          0x0800ae7c        0x0 E:/ST/STM32CubeIDE_1.17.0/STM32CubeIDE/plugins/com.st.stm32cube.ide.mcu.externaltools.gnu-tools-for-stm32.13.3.rel1.win32_1.0.0.202411081344/tools/bin/../lib/gcc/arm-none-eabi/13.3.1/thumb/v7-m/nofp/crtbegin.o

.rodata         0x0800ae7c      0x280
                0x0800ae7c                        . = ALIGN (0x4)
 *(.rodata)
 .rodata        0x0800ae7c       0x58 ./APP/app_states.o
 .rodata        0x0800aed4       0x4f ./Core/Src/freertos.o
 *fill*         0x0800af23        0x1 
 .rodata        0x0800af24       0x1f ./HSM/hsm.o
 *fill*         0x0800af43        0x1 
 .rodata        0x0800af44       0x5d ./MODBUS-LIB/Modbus.o
 *fill*         0x0800afa1        0x3 
 .rodata        0x0800afa4        0x5 ./Middlewares/Third_Party/FreeRTOS/Source/tasks.o
 *fill*         0x0800afa9        0x3 
 .rodata        0x0800afac        0xd ./Middlewares/Third_Party/FreeRTOS/Source/timers.o
 *(.rodata*)
 *fill*         0x0800afb9        0x3 
 .rodata.defaultTask_attributes
                0x0800afbc       0x24 ./Core/Src/freertos.o
                0x0800afbc                defaultTask_attributes
 .rodata.readBatteryTask_attributes
                0x0800afe0       0x24 ./Core/Src/freertos.o
                0x0800afe0                readBatteryTask_attributes
 .rodata.commTask_attributes
                0x0800b004       0x24 ./Core/Src/freertos.o
                0x0800b004                commTask_attributes
 .rodata.binsemaModbusMaster_attributes
                0x0800b028       0x10 ./Core/Src/freertos.o
                0x0800b028                binsemaModbusMaster_attributes
 .rodata.binsemaModbusSlave_attributes
                0x0800b038       0x10 ./Core/Src/freertos.o
                0x0800b038                binsemaModbusSlave_attributes
 .rodata.AHBPrescTable
                0x0800b048       0x10 ./Core/Src/system_stm32f1xx.o
                0x0800b048                AHBPrescTable
 .rodata.APBPrescTable
                0x0800b058        0x8 ./Core/Src/system_stm32f1xx.o
                0x0800b058                APBPrescTable
 .rodata.aPLLMULFactorTable.1
                0x0800b060       0x10 ./Drivers/STM32F1xx_HAL_Driver/Src/stm32f1xx_hal_rcc.o
 .rodata.aPredivFactorTable.0
                0x0800b070        0x2 ./Drivers/STM32F1xx_HAL_Driver/Src/stm32f1xx_hal_rcc.o
 *fill*         0x0800b072        0x2 
 .rodata.HSM_ROOT
                0x0800b074       0x10 ./HSM/hsm.o
                0x0800b074                HSM_ROOT
 .rodata.QueueTelegram_attributes
                0x0800b084       0x18 ./MODBUS-LIB/Modbus.o
                0x0800b084                QueueTelegram_attributes
 .rodata.myTaskModbusA_attributes
                0x0800b09c       0x24 ./MODBUS-LIB/Modbus.o
                0x0800b09c                myTaskModbusA_attributes
 .rodata.myTaskModbusB_attributes
                0x0800b0c0       0x24 ./MODBUS-LIB/Modbus.o
                0x0800b0c0                myTaskModbusB_attributes
 .rodata.ModBusSphr_attributes
                0x0800b0e4       0x10 ./MODBUS-LIB/Modbus.o
                0x0800b0e4                ModBusSphr_attributes
 .rodata.fctsupported
                0x0800b0f4        0x8 ./MODBUS-LIB/Modbus.o
                0x0800b0f4                fctsupported
                0x0800b0fc                        . = ALIGN (0x4)

.ARM.extab      0x0800b0fc        0x0
                0x0800b0fc                        . = ALIGN (0x4)
 *(.ARM.extab* .gnu.linkonce.armextab.*)
                0x0800b0fc                        . = ALIGN (0x4)

.ARM            0x0800b0fc        0x0
                0x0800b0fc                        . = ALIGN (0x4)
                0x0800b0fc                        __exidx_start = .
 *(.ARM.exidx*)
                0x0800b0fc                        __exidx_end = .
                0x0800b0fc                        . = ALIGN (0x4)

.preinit_array  0x0800b0fc        0x0
                0x0800b0fc                        . = ALIGN (0x4)
                0x0800b0fc                        PROVIDE (__preinit_array_start = .)
 *(.preinit_array*)
                0x0800b0fc                        PROVIDE (__preinit_array_end = .)
                0x0800b0fc                        . = ALIGN (0x4)

.init_array     0x0800b0fc        0x4
                0x0800b0fc                        . = ALIGN (0x4)
                0x0800b0fc                        PROVIDE (__init_array_start = .)
 *(SORT_BY_NAME(.init_array.*))
 *(.init_array*)
 .init_array    0x0800b0fc        0x4 E:/ST/STM32CubeIDE_1.17.0/STM32CubeIDE/plugins/com.st.stm32cube.ide.mcu.externaltools.gnu-tools-for-stm32.13.3.rel1.win32_1.0.0.202411081344/tools/bin/../lib/gcc/arm-none-eabi/13.3.1/thumb/v7-m/nofp/crtbegin.o
                0x0800b100                        PROVIDE (__init_array_end = .)
                0x0800b100                        . = ALIGN (0x4)

.fini_array     0x0800b100        0x4
                0x0800b100                        . = ALIGN (0x4)
                [!provide]                        PROVIDE (__fini_array_start = .)
 *(SORT_BY_NAME(.fini_array.*))
 *(.fini_array*)
 .fini_array    0x0800b100        0x4 E:/ST/STM32CubeIDE_1.17.0/STM32CubeIDE/plugins/com.st.stm32cube.ide.mcu.externaltools.gnu-tools-for-stm32.13.3.rel1.win32_1.0.0.202411081344/tools/bin/../lib/gcc/arm-none-eabi/13.3.1/thumb/v7-m/nofp/crtbegin.o
                [!provide]                        PROVIDE (__fini_array_end = .)
                0x0800b104                        . = ALIGN (0x4)
                0x0800b104                        _sidata = LOADADDR (.data)

.rel.dyn        0x0800b104        0x0
 .rel.iplt      0x0800b104        0x0 E:/ST/STM32CubeIDE_1.17.0/STM32CubeIDE/plugins/com.st.stm32cube.ide.mcu.externaltools.gnu-tools-for-stm32.13.3.rel1.win32_1.0.0.202411081344/tools/bin/../lib/gcc/arm-none-eabi/13.3.1/thumb/v7-m/nofp/crtbegin.o

.data           0x20000000       0x78 load address 0x0800b104
                0x20000000                        . = ALIGN (0x4)
                0x20000000                        _sdata = .
 *(.data)
 *(.data*)
 .data.hsmt_custom_tick_att
                0x20000000        0x8 ./APP/app_states.o
 .data.hsmt_turn_off_led_stt_tick_att
                0x20000008        0x8 ./APP/app_states.o
 .data.hsmt_setting_done_tick_att
                0x20000010        0x8 ./APP/app_states.o
 .data.SystemCoreClock
                0x20000018        0x4 ./Core/Src/system_stm32f1xx.o
                0x20000018                SystemCoreClock
 .data.uwTickPrio
                0x2000001c        0x4 ./Drivers/STM32F1xx_HAL_Driver/Src/stm32f1xx_hal.o
                0x2000001c                uwTickPrio
 .data.uwTickFreq
                0x20000020        0x1 ./Drivers/STM32F1xx_HAL_Driver/Src/stm32f1xx_hal.o
                0x20000020                uwTickFreq
 *fill*         0x20000021        0x3 
 .data.uxCriticalNesting
                0x20000024        0x4 ./Middlewares/Third_Party/FreeRTOS/Source/portable/GCC/ARM_CM3/port.o
 .data._impure_ptr
                0x20000028        0x4 E:/ST/STM32CubeIDE_1.17.0/STM32CubeIDE/plugins/com.st.stm32cube.ide.mcu.externaltools.gnu-tools-for-stm32.13.3.rel1.win32_1.0.0.202411081344/tools/bin/../lib/gcc/arm-none-eabi/13.3.1/../../../../arm-none-eabi/lib/thumb/v7-m/nofp\libc_nano.a(libc_a-impure.o)
                0x20000028                _impure_ptr
 .data._impure_data
                0x2000002c       0x4c E:/ST/STM32CubeIDE_1.17.0/STM32CubeIDE/plugins/com.st.stm32cube.ide.mcu.externaltools.gnu-tools-for-stm32.13.3.rel1.win32_1.0.0.202411081344/tools/bin/../lib/gcc/arm-none-eabi/13.3.1/../../../../arm-none-eabi/lib/thumb/v7-m/nofp\libc_nano.a(libc_a-impure.o)
                0x2000002c                _impure_data
 *(.RamFunc)
 *(.RamFunc*)
                0x20000078                        . = ALIGN (0x4)
                0x20000078                        _edata = .

.igot.plt       0x20000078        0x0 load address 0x0800b17c
 .igot.plt      0x20000078        0x0 E:/ST/STM32CubeIDE_1.17.0/STM32CubeIDE/plugins/com.st.stm32cube.ide.mcu.externaltools.gnu-tools-for-stm32.13.3.rel1.win32_1.0.0.202411081344/tools/bin/../lib/gcc/arm-none-eabi/13.3.1/thumb/v7-m/nofp/crtbegin.o
                0x20000078                        . = ALIGN (0x4)

.bss            0x20000078     0x33b8 load address 0x0800b17c
                0x20000078                        _sbss = .
                0x20000078                        __bss_start__ = _sbss
 *(.bss)
 .bss           0x20000078       0x1c E:/ST/STM32CubeIDE_1.17.0/STM32CubeIDE/plugins/com.st.stm32cube.ide.mcu.externaltools.gnu-tools-for-stm32.13.3.rel1.win32_1.0.0.202411081344/tools/bin/../lib/gcc/arm-none-eabi/13.3.1/thumb/v7-m/nofp/crtbegin.o
 *(.bss*)
 .bss.app_state_setting_baudrate
                0x20000094       0x10 ./APP/app_states.o
 .bss.app_state_run
                0x200000a4       0x10 ./APP/app_states.o
 .bss.app_state_fault
                0x200000b4       0x10 ./APP/app_states.o
 .bss.app_state_bat_not_connected
                0x200000c4       0x10 ./APP/app_states.o
 .bss.hsmt_custom_tick_handle
                0x200000d4        0x4 ./APP/app_states.o
 .bss.hsmt_turn_off_led_stt_tick_handle
                0x200000d8        0x4 ./APP/app_states.o
 .bss.hsmt_setting_done_tick_handle
                0x200000dc        0x4 ./APP/app_states.o
 .bss.device    0x200000e0      0x388 ./Core/Src/freertos.o
                0x200000e0                device
 .bss.defaultTaskHandle
                0x20000468        0x4 ./Core/Src/freertos.o
                0x20000468                defaultTaskHandle
 .bss.readBatteryTaskHandle
                0x2000046c        0x4 ./Core/Src/freertos.o
                0x2000046c                readBatteryTaskHandle
 .bss.commTaskHandle
                0x20000470        0x4 ./Core/Src/freertos.o
                0x20000470                commTaskHandle
 .bss.binsemaModbusMasterHandle
                0x20000474        0x4 ./Core/Src/freertos.o
                0x20000474                binsemaModbusMasterHandle
 .bss.binsemaModbusSlaveHandle
                0x20000478        0x4 ./Core/Src/freertos.o
                0x20000478                binsemaModbusSlaveHandle
 .bss.timeout_count.0
                0x2000047c        0x2 ./Core/Src/freertos.o
 *fill*         0x2000047e        0x2 
 .bss.htim1     0x20000480       0x48 ./Core/Src/stm32f1xx_hal_timebase_tim.o
                0x20000480                htim1
 .bss.htim2     0x200004c8       0x48 ./Core/Src/tim.o
                0x200004c8                htim2
 .bss.huart2    0x20000510       0x48 ./Core/Src/usart.o
                0x20000510                huart2
 .bss.huart3    0x20000558       0x48 ./Core/Src/usart.o
                0x20000558                huart3
 .bss.hdma_usart2_rx
                0x200005a0       0x44 ./Core/Src/usart.o
                0x200005a0                hdma_usart2_rx
 .bss.hdma_usart2_tx
                0x200005e4       0x44 ./Core/Src/usart.o
                0x200005e4                hdma_usart2_tx
 .bss.hdma_usart3_rx
                0x20000628       0x44 ./Core/Src/usart.o
                0x20000628                hdma_usart3_rx
 .bss.hdma_usart3_tx
                0x2000066c       0x44 ./Core/Src/usart.o
                0x2000066c                hdma_usart3_tx
 .bss.uwTick    0x200006b0        0x4 ./Drivers/STM32F1xx_HAL_Driver/Src/stm32f1xx_hal.o
                0x200006b0                uwTick
 *fill*         0x200006b4        0x4 
 .bss.pFlash    0x200006b8       0x20 ./Drivers/STM32F1xx_HAL_Driver/Src/stm32f1xx_hal_flash.o
                0x200006b8                pFlash
 .bss.eeHandle  0x200006d8       0x14 ./EE/ee.o
                0x200006d8                eeHandle
 .bss.timerPool
                0x200006ec      0x540 ./HSM/hsm_timer.o
 .bss.timerAllocated
                0x20000c2c       0x10 ./HSM/hsm_timer.o
 .bss.timerRuntime
                0x20000c3c       0xc0 ./HSM/hsm_timer.o
 .bss.mHandlers
                0x20000cfc        0x8 ./MODBUS-LIB/Modbus.o
                0x20000cfc                mHandlers
 .bss.numberHandlers
                0x20000d04        0x1 ./MODBUS-LIB/Modbus.o
                0x20000d04                numberHandlers
 *fill*         0x20000d05        0x3 
 .bss.KernelState
                0x20000d08        0x4 ./Middlewares/Third_Party/FreeRTOS/Source/CMSIS_RTOS_V2/cmsis_os2.o
 .bss.Idle_TCB.3
                0x20000d0c       0xa8 ./Middlewares/Third_Party/FreeRTOS/Source/CMSIS_RTOS_V2/cmsis_os2.o
 .bss.Idle_Stack.2
                0x20000db4      0x200 ./Middlewares/Third_Party/FreeRTOS/Source/CMSIS_RTOS_V2/cmsis_os2.o
 .bss.Timer_TCB.1
                0x20000fb4       0xa8 ./Middlewares/Third_Party/FreeRTOS/Source/CMSIS_RTOS_V2/cmsis_os2.o
 .bss.Timer_Stack.0
                0x2000105c      0x400 ./Middlewares/Third_Party/FreeRTOS/Source/CMSIS_RTOS_V2/cmsis_os2.o
 .bss.xQueueRegistry
                0x2000145c       0x40 ./Middlewares/Third_Party/FreeRTOS/Source/queue.o
                0x2000145c                xQueueRegistry
 .bss.pxCurrentTCB
                0x2000149c        0x4 ./Middlewares/Third_Party/FreeRTOS/Source/tasks.o
                0x2000149c                pxCurrentTCB
 .bss.pxReadyTasksLists
                0x200014a0      0x460 ./Middlewares/Third_Party/FreeRTOS/Source/tasks.o
 .bss.xDelayedTaskList1
                0x20001900       0x14 ./Middlewares/Third_Party/FreeRTOS/Source/tasks.o
 .bss.xDelayedTaskList2
                0x20001914       0x14 ./Middlewares/Third_Party/FreeRTOS/Source/tasks.o
 .bss.pxDelayedTaskList
                0x20001928        0x4 ./Middlewares/Third_Party/FreeRTOS/Source/tasks.o
 .bss.pxOverflowDelayedTaskList
                0x2000192c        0x4 ./Middlewares/Third_Party/FreeRTOS/Source/tasks.o
 .bss.xPendingReadyList
                0x20001930       0x14 ./Middlewares/Third_Party/FreeRTOS/Source/tasks.o
 .bss.xTasksWaitingTermination
                0x20001944       0x14 ./Middlewares/Third_Party/FreeRTOS/Source/tasks.o
 .bss.uxDeletedTasksWaitingCleanUp
                0x20001958        0x4 ./Middlewares/Third_Party/FreeRTOS/Source/tasks.o
 .bss.xSuspendedTaskList
                0x2000195c       0x14 ./Middlewares/Third_Party/FreeRTOS/Source/tasks.o
 .bss.uxCurrentNumberOfTasks
                0x20001970        0x4 ./Middlewares/Third_Party/FreeRTOS/Source/tasks.o
 .bss.xTickCount
                0x20001974        0x4 ./Middlewares/Third_Party/FreeRTOS/Source/tasks.o
 .bss.uxTopReadyPriority
                0x20001978        0x4 ./Middlewares/Third_Party/FreeRTOS/Source/tasks.o
 .bss.xSchedulerRunning
                0x2000197c        0x4 ./Middlewares/Third_Party/FreeRTOS/Source/tasks.o
 .bss.xPendedTicks
                0x20001980        0x4 ./Middlewares/Third_Party/FreeRTOS/Source/tasks.o
 .bss.xYieldPending
                0x20001984        0x4 ./Middlewares/Third_Party/FreeRTOS/Source/tasks.o
 .bss.xNumOfOverflows
                0x20001988        0x4 ./Middlewares/Third_Party/FreeRTOS/Source/tasks.o
 .bss.uxTaskNumber
                0x2000198c        0x4 ./Middlewares/Third_Party/FreeRTOS/Source/tasks.o
 .bss.xNextTaskUnblockTime
                0x20001990        0x4 ./Middlewares/Third_Party/FreeRTOS/Source/tasks.o
 .bss.xIdleTaskHandle
                0x20001994        0x4 ./Middlewares/Third_Party/FreeRTOS/Source/tasks.o
 .bss.uxSchedulerSuspended
                0x20001998        0x4 ./Middlewares/Third_Party/FreeRTOS/Source/tasks.o
 .bss.xActiveTimerList1
                0x2000199c       0x14 ./Middlewares/Third_Party/FreeRTOS/Source/timers.o
 .bss.xActiveTimerList2
                0x200019b0       0x14 ./Middlewares/Third_Party/FreeRTOS/Source/timers.o
 .bss.pxCurrentTimerList
                0x200019c4        0x4 ./Middlewares/Third_Party/FreeRTOS/Source/timers.o
 .bss.pxOverflowTimerList
                0x200019c8        0x4 ./Middlewares/Third_Party/FreeRTOS/Source/timers.o
 .bss.xTimerQueue
                0x200019cc        0x4 ./Middlewares/Third_Party/FreeRTOS/Source/timers.o
 .bss.xTimerTaskHandle
                0x200019d0        0x4 ./Middlewares/Third_Party/FreeRTOS/Source/timers.o
 .bss.xLastTime.2
                0x200019d4        0x4 ./Middlewares/Third_Party/FreeRTOS/Source/timers.o
 .bss.ucStaticTimerQueueStorage.1
                0x200019d8       0xa0 ./Middlewares/Third_Party/FreeRTOS/Source/timers.o
 .bss.xStaticTimerQueue.0
                0x20001a78       0x50 ./Middlewares/Third_Party/FreeRTOS/Source/timers.o
 .bss.ucMaxSysCallPriority
                0x20001ac8        0x1 ./Middlewares/Third_Party/FreeRTOS/Source/portable/GCC/ARM_CM3/port.o
 *fill*         0x20001ac9        0x3 
 .bss.ulMaxPRIGROUPValue
                0x20001acc        0x4 ./Middlewares/Third_Party/FreeRTOS/Source/portable/GCC/ARM_CM3/port.o
 .bss.ucHeap    0x20001ad0     0x1800 ./Middlewares/Third_Party/FreeRTOS/Source/portable/MemMang/heap_4.o
 .bss.xStart    0x200032d0        0x8 ./Middlewares/Third_Party/FreeRTOS/Source/portable/MemMang/heap_4.o
 .bss.pxEnd     0x200032d8        0x4 ./Middlewares/Third_Party/FreeRTOS/Source/portable/MemMang/heap_4.o
 .bss.xFreeBytesRemaining
                0x200032dc        0x4 ./Middlewares/Third_Party/FreeRTOS/Source/portable/MemMang/heap_4.o
 .bss.xMinimumEverFreeBytesRemaining
                0x200032e0        0x4 ./Middlewares/Third_Party/FreeRTOS/Source/portable/MemMang/heap_4.o
 .bss.xNumberOfSuccessfulAllocations
                0x200032e4        0x4 ./Middlewares/Third_Party/FreeRTOS/Source/portable/MemMang/heap_4.o
 .bss.xNumberOfSuccessfulFrees
                0x200032e8        0x4 ./Middlewares/Third_Party/FreeRTOS/Source/portable/MemMang/heap_4.o
 .bss.xBlockAllocatedBit
                0x200032ec        0x4 ./Middlewares/Third_Party/FreeRTOS/Source/portable/MemMang/heap_4.o
 .bss.__sf      0x200032f0      0x138 E:/ST/STM32CubeIDE_1.17.0/STM32CubeIDE/plugins/com.st.stm32cube.ide.mcu.externaltools.gnu-tools-for-stm32.13.3.rel1.win32_1.0.0.202411081344/tools/bin/../lib/gcc/arm-none-eabi/13.3.1/../../../../arm-none-eabi/lib/thumb/v7-m/nofp\libc_nano.a(libc_a-findfp.o)
                0x200032f0                __sf
 .bss.__lock___malloc_recursive_mutex
                0x20003428        0x1 E:/ST/STM32CubeIDE_1.17.0/STM32CubeIDE/plugins/com.st.stm32cube.ide.mcu.externaltools.gnu-tools-for-stm32.13.3.rel1.win32_1.0.0.202411081344/tools/bin/../lib/gcc/arm-none-eabi/13.3.1/../../../../arm-none-eabi/lib/thumb/v7-m/nofp\libc_nano.a(libc_a-lock.o)
                0x20003428                __lock___malloc_recursive_mutex
 *fill*         0x20003429        0x3 
 .bss.__malloc_free_list
                0x2000342c        0x4 E:/ST/STM32CubeIDE_1.17.0/STM32CubeIDE/plugins/com.st.stm32cube.ide.mcu.externaltools.gnu-tools-for-stm32.13.3.rel1.win32_1.0.0.202411081344/tools/bin/../lib/gcc/arm-none-eabi/13.3.1/../../../../arm-none-eabi/lib/thumb/v7-m/nofp\libc_nano.a(libc_a-mallocr.o)
                0x2000342c                __malloc_free_list
 *(COMMON)
                0x20003430                        . = ALIGN (0x4)
                0x20003430                        _ebss = .
                0x20003430                        __bss_end__ = _ebss

._user_heap_stack
                0x20003430      0x600 load address 0x0800b17c
                0x20003430                        . = ALIGN (0x8)
                [!provide]                        PROVIDE (end = .)
                0x20003430                        PROVIDE (_end = .)
                0x20003630                        . = (. + _Min_Heap_Size)
 *fill*         0x20003430      0x200 
                0x20003a30                        . = (. + _Min_Stack_Size)
 *fill*         0x20003630      0x400 
                0x20003a30                        . = ALIGN (0x8)

/DISCARD/
 libc.a(*)
 libm.a(*)
 libgcc.a(*)

.ARM.attributes
                0x00000000       0x29
 *(.ARM.attributes)
 .ARM.attributes
                0x00000000       0x1d E:/ST/STM32CubeIDE_1.17.0/STM32CubeIDE/plugins/com.st.stm32cube.ide.mcu.externaltools.gnu-tools-for-stm32.13.3.rel1.win32_1.0.0.202411081344/tools/bin/../lib/gcc/arm-none-eabi/13.3.1/thumb/v7-m/nofp/crti.o
 .ARM.attributes
                0x0000001d       0x2d E:/ST/STM32CubeIDE_1.17.0/STM32CubeIDE/plugins/com.st.stm32cube.ide.mcu.externaltools.gnu-tools-for-stm32.13.3.rel1.win32_1.0.0.202411081344/tools/bin/../lib/gcc/arm-none-eabi/13.3.1/thumb/v7-m/nofp/crtbegin.o
 .ARM.attributes
                0x0000004a       0x2d ./APP/app_params.o
 .ARM.attributes
                0x00000077       0x2d ./APP/app_states.o
 .ARM.attributes
                0x000000a4       0x2d ./Core/Src/dma.o
 .ARM.attributes
                0x000000d1       0x2d ./Core/Src/freertos.o
 .ARM.attributes
                0x000000fe       0x2d ./Core/Src/gpio.o
 .ARM.attributes
                0x0000012b       0x2d ./Core/Src/main.o
 .ARM.attributes
                0x00000158       0x2d ./Core/Src/stm32f1xx_hal_msp.o
 .ARM.attributes
                0x00000185       0x2d ./Core/Src/stm32f1xx_hal_timebase_tim.o
 .ARM.attributes
                0x000001b2       0x2d ./Core/Src/stm32f1xx_it.o
 .ARM.attributes
                0x000001df       0x2d ./Core/Src/system_stm32f1xx.o
 .ARM.attributes
                0x0000020c       0x2d ./Core/Src/tim.o
 .ARM.attributes
                0x00000239       0x2d ./Core/Src/usart.o
 .ARM.attributes
                0x00000266       0x21 ./Core/Startup/startup_stm32f103c8tx.o
 .ARM.attributes
                0x00000287       0x2d ./Drivers/STM32F1xx_HAL_Driver/Src/stm32f1xx_hal.o
 .ARM.attributes
                0x000002b4       0x2d ./Drivers/STM32F1xx_HAL_Driver/Src/stm32f1xx_hal_cortex.o
 .ARM.attributes
                0x000002e1       0x2d ./Drivers/STM32F1xx_HAL_Driver/Src/stm32f1xx_hal_dma.o
 .ARM.attributes
                0x0000030e       0x2d ./Drivers/STM32F1xx_HAL_Driver/Src/stm32f1xx_hal_flash.o
 .ARM.attributes
                0x0000033b       0x2d ./Drivers/STM32F1xx_HAL_Driver/Src/stm32f1xx_hal_flash_ex.o
 .ARM.attributes
                0x00000368       0x2d ./Drivers/STM32F1xx_HAL_Driver/Src/stm32f1xx_hal_gpio.o
 .ARM.attributes
                0x00000395       0x2d ./Drivers/STM32F1xx_HAL_Driver/Src/stm32f1xx_hal_rcc.o
 .ARM.attributes
                0x000003c2       0x2d ./Drivers/STM32F1xx_HAL_Driver/Src/stm32f1xx_hal_tim.o
 .ARM.attributes
                0x000003ef       0x2d ./Drivers/STM32F1xx_HAL_Driver/Src/stm32f1xx_hal_tim_ex.o
 .ARM.attributes
                0x0000041c       0x2d ./Drivers/STM32F1xx_HAL_Driver/Src/stm32f1xx_hal_uart.o
 .ARM.attributes
                0x00000449       0x2d ./EE/ee.o
 .ARM.attributes
                0x00000476       0x2d ./HSM/hsm.o
 .ARM.attributes
                0x000004a3       0x2d ./HSM/hsm_timer.o
 .ARM.attributes
                0x000004d0       0x2d ./MODBUS-LIB/Modbus.o
 .ARM.attributes
                0x000004fd       0x2d ./MODBUS-LIB/UARTCallback.o
 .ARM.attributes
                0x0000052a       0x2d ./Middlewares/Third_Party/FreeRTOS/Source/CMSIS_RTOS_V2/cmsis_os2.o
 .ARM.attributes
                0x00000557       0x2d ./Middlewares/Third_Party/FreeRTOS/Source/list.o
 .ARM.attributes
                0x00000584       0x2d ./Middlewares/Third_Party/FreeRTOS/Source/queue.o
 .ARM.attributes
                0x000005b1       0x2d ./Middlewares/Third_Party/FreeRTOS/Source/tasks.o
 .ARM.attributes
                0x000005de       0x2d ./Middlewares/Third_Party/FreeRTOS/Source/timers.o
 .ARM.attributes
                0x0000060b       0x2d ./Middlewares/Third_Party/FreeRTOS/Source/portable/GCC/ARM_CM3/port.o
 .ARM.attributes
                0x00000638       0x2d ./Middlewares/Third_Party/FreeRTOS/Source/portable/MemMang/heap_4.o
 .ARM.attributes
                0x00000665       0x2d E:/ST/STM32CubeIDE_1.17.0/STM32CubeIDE/plugins/com.st.stm32cube.ide.mcu.externaltools.gnu-tools-for-stm32.13.3.rel1.win32_1.0.0.202411081344/tools/bin/../lib/gcc/arm-none-eabi/13.3.1/../../../../arm-none-eabi/lib/thumb/v7-m/nofp\libc_nano.a(libc_a-findfp.o)
 .ARM.attributes
                0x00000692       0x2d E:/ST/STM32CubeIDE_1.17.0/STM32CubeIDE/plugins/com.st.stm32cube.ide.mcu.externaltools.gnu-tools-for-stm32.13.3.rel1.win32_1.0.0.202411081344/tools/bin/../lib/gcc/arm-none-eabi/13.3.1/../../../../arm-none-eabi/lib/thumb/v7-m/nofp\libc_nano.a(libc_a-memset.o)
 .ARM.attributes
                0x000006bf       0x2d E:/ST/STM32CubeIDE_1.17.0/STM32CubeIDE/plugins/com.st.stm32cube.ide.mcu.externaltools.gnu-tools-for-stm32.13.3.rel1.win32_1.0.0.202411081344/tools/bin/../lib/gcc/arm-none-eabi/13.3.1/../../../../arm-none-eabi/lib/thumb/v7-m/nofp\libc_nano.a(libc_a-reent.o)
 .ARM.attributes
                0x000006ec       0x2d E:/ST/STM32CubeIDE_1.17.0/STM32CubeIDE/plugins/com.st.stm32cube.ide.mcu.externaltools.gnu-tools-for-stm32.13.3.rel1.win32_1.0.0.202411081344/tools/bin/../lib/gcc/arm-none-eabi/13.3.1/../../../../arm-none-eabi/lib/thumb/v7-m/nofp\libc_nano.a(libc_a-impure.o)
 .ARM.attributes
                0x00000719       0x2d E:/ST/STM32CubeIDE_1.17.0/STM32CubeIDE/plugins/com.st.stm32cube.ide.mcu.externaltools.gnu-tools-for-stm32.13.3.rel1.win32_1.0.0.202411081344/tools/bin/../lib/gcc/arm-none-eabi/13.3.1/../../../../arm-none-eabi/lib/thumb/v7-m/nofp\libc_nano.a(libc_a-init.o)
 .ARM.attributes
                0x00000746       0x2d E:/ST/STM32CubeIDE_1.17.0/STM32CubeIDE/plugins/com.st.stm32cube.ide.mcu.externaltools.gnu-tools-for-stm32.13.3.rel1.win32_1.0.0.202411081344/tools/bin/../lib/gcc/arm-none-eabi/13.3.1/../../../../arm-none-eabi/lib/thumb/v7-m/nofp\libc_nano.a(libc_a-lock.o)
 .ARM.attributes
                0x00000773       0x2d E:/ST/STM32CubeIDE_1.17.0/STM32CubeIDE/plugins/com.st.stm32cube.ide.mcu.externaltools.gnu-tools-for-stm32.13.3.rel1.win32_1.0.0.202411081344/tools/bin/../lib/gcc/arm-none-eabi/13.3.1/../../../../arm-none-eabi/lib/thumb/v7-m/nofp\libc_nano.a(libc_a-memcpy-stub.o)
 .ARM.attributes
                0x000007a0       0x2d E:/ST/STM32CubeIDE_1.17.0/STM32CubeIDE/plugins/com.st.stm32cube.ide.mcu.externaltools.gnu-tools-for-stm32.13.3.rel1.win32_1.0.0.202411081344/tools/bin/../lib/gcc/arm-none-eabi/13.3.1/../../../../arm-none-eabi/lib/thumb/v7-m/nofp\libc_nano.a(libc_a-freer.o)
 .ARM.attributes
                0x000007cd       0x2d E:/ST/STM32CubeIDE_1.17.0/STM32CubeIDE/plugins/com.st.stm32cube.ide.mcu.externaltools.gnu-tools-for-stm32.13.3.rel1.win32_1.0.0.202411081344/tools/bin/../lib/gcc/arm-none-eabi/13.3.1/../../../../arm-none-eabi/lib/thumb/v7-m/nofp\libc_nano.a(libc_a-mallocr.o)
 .ARM.attributes
                0x000007fa       0x2d E:/ST/STM32CubeIDE_1.17.0/STM32CubeIDE/plugins/com.st.stm32cube.ide.mcu.externaltools.gnu-tools-for-stm32.13.3.rel1.win32_1.0.0.202411081344/tools/bin/../lib/gcc/arm-none-eabi/13.3.1/../../../../arm-none-eabi/lib/thumb/v7-m/nofp\libc_nano.a(libc_a-mlock.o)
 .ARM.attributes
                0x00000827       0x1d E:/ST/STM32CubeIDE_1.17.0/STM32CubeIDE/plugins/com.st.stm32cube.ide.mcu.externaltools.gnu-tools-for-stm32.13.3.rel1.win32_1.0.0.202411081344/tools/bin/../lib/gcc/arm-none-eabi/13.3.1/thumb/v7-m/nofp/crtn.o
OUTPUT(RBCS_READ_BATTERY_DATA.elf elf32-littlearm)
LOAD linker stubs
LOAD E:/ST/STM32CubeIDE_1.17.0/STM32CubeIDE/plugins/com.st.stm32cube.ide.mcu.externaltools.gnu-tools-for-stm32.13.3.rel1.win32_1.0.0.202411081344/tools/bin/../lib/gcc/arm-none-eabi/13.3.1/../../../../arm-none-eabi/lib/thumb/v7-m/nofp\libc.a
LOAD E:/ST/STM32CubeIDE_1.17.0/STM32CubeIDE/plugins/com.st.stm32cube.ide.mcu.externaltools.gnu-tools-for-stm32.13.3.rel1.win32_1.0.0.202411081344/tools/bin/../lib/gcc/arm-none-eabi/13.3.1/../../../../arm-none-eabi/lib/thumb/v7-m/nofp\libm.a
LOAD E:/ST/STM32CubeIDE_1.17.0/STM32CubeIDE/plugins/com.st.stm32cube.ide.mcu.externaltools.gnu-tools-for-stm32.13.3.rel1.win32_1.0.0.202411081344/tools/bin/../lib/gcc/arm-none-eabi/13.3.1/thumb/v7-m/nofp\libgcc.a

.debug_info     0x00000000    0x1f771
 .debug_info    0x00000000      0xc7b ./APP/app_params.o
 .debug_info    0x00000c7b     0x16c1 ./APP/app_states.o
 .debug_info    0x0000233c      0x2cf ./Core/Src/dma.o
 .debug_info    0x0000260b     0x1522 ./Core/Src/freertos.o
 .debug_info    0x00003b2d      0x2b7 ./Core/Src/gpio.o
 .debug_info    0x00003de4      0x8b2 ./Core/Src/main.o
 .debug_info    0x00004696      0x361 ./Core/Src/stm32f1xx_hal_msp.o
 .debug_info    0x000049f7      0x99a ./Core/Src/stm32f1xx_hal_timebase_tim.o
 .debug_info    0x00005391      0x9c9 ./Core/Src/stm32f1xx_it.o
 .debug_info    0x00005d5a      0x222 ./Core/Src/system_stm32f1xx.o
 .debug_info    0x00005f7c      0x9bb ./Core/Src/tim.o
 .debug_info    0x00006937      0x9ed ./Core/Src/usart.o
 .debug_info    0x00007324       0x30 ./Core/Startup/startup_stm32f103c8tx.o
 .debug_info    0x00007354      0x704 ./Drivers/STM32F1xx_HAL_Driver/Src/stm32f1xx_hal.o
 .debug_info    0x00007a58      0xa87 ./Drivers/STM32F1xx_HAL_Driver/Src/stm32f1xx_hal_cortex.o
 .debug_info    0x000084df      0x6d2 ./Drivers/STM32F1xx_HAL_Driver/Src/stm32f1xx_hal_dma.o
 .debug_info    0x00008bb1      0x4f8 ./Drivers/STM32F1xx_HAL_Driver/Src/stm32f1xx_hal_flash.o
 .debug_info    0x000090a9      0x777 ./Drivers/STM32F1xx_HAL_Driver/Src/stm32f1xx_hal_flash_ex.o
 .debug_info    0x00009820      0x5ab ./Drivers/STM32F1xx_HAL_Driver/Src/stm32f1xx_hal_gpio.o
 .debug_info    0x00009dcb      0x7d5 ./Drivers/STM32F1xx_HAL_Driver/Src/stm32f1xx_hal_rcc.o
 .debug_info    0x0000a5a0     0x2959 ./Drivers/STM32F1xx_HAL_Driver/Src/stm32f1xx_hal_tim.o
 .debug_info    0x0000cef9     0x149b ./Drivers/STM32F1xx_HAL_Driver/Src/stm32f1xx_hal_tim_ex.o
 .debug_info    0x0000e394     0x2eed ./Drivers/STM32F1xx_HAL_Driver/Src/stm32f1xx_hal_uart.o
 .debug_info    0x00011281      0x397 ./EE/ee.o
 .debug_info    0x00011618      0x443 ./HSM/hsm.o
 .debug_info    0x00011a5b      0x987 ./HSM/hsm_timer.o
 .debug_info    0x000123e2     0x1c1c ./MODBUS-LIB/Modbus.o
 .debug_info    0x00013ffe      0xba5 ./MODBUS-LIB/UARTCallback.o
 .debug_info    0x00014ba3     0x402c ./Middlewares/Third_Party/FreeRTOS/Source/CMSIS_RTOS_V2/cmsis_os2.o
 .debug_info    0x00018bcf      0x2af ./Middlewares/Third_Party/FreeRTOS/Source/list.o
 .debug_info    0x00018e7e     0x1b79 ./Middlewares/Third_Party/FreeRTOS/Source/queue.o
 .debug_info    0x0001a9f7     0x28c1 ./Middlewares/Third_Party/FreeRTOS/Source/tasks.o
 .debug_info    0x0001d2b8     0x1b50 ./Middlewares/Third_Party/FreeRTOS/Source/timers.o
 .debug_info    0x0001ee08      0x494 ./Middlewares/Third_Party/FreeRTOS/Source/portable/GCC/ARM_CM3/port.o
 .debug_info    0x0001f29c      0x4d5 ./Middlewares/Third_Party/FreeRTOS/Source/portable/MemMang/heap_4.o

.debug_abbrev   0x00000000     0x4feb
 .debug_abbrev  0x00000000      0x257 ./APP/app_params.o
 .debug_abbrev  0x00000257      0x273 ./APP/app_states.o
 .debug_abbrev  0x000004ca       0xfc ./Core/Src/dma.o
 .debug_abbrev  0x000005c6      0x2dc ./Core/Src/freertos.o
 .debug_abbrev  0x000008a2      0x13f ./Core/Src/gpio.o
 .debug_abbrev  0x000009e1      0x22e ./Core/Src/main.o
 .debug_abbrev  0x00000c0f      0x11c ./Core/Src/stm32f1xx_hal_msp.o
 .debug_abbrev  0x00000d2b      0x1f3 ./Core/Src/stm32f1xx_hal_timebase_tim.o
 .debug_abbrev  0x00000f1e      0x1a3 ./Core/Src/stm32f1xx_it.o
 .debug_abbrev  0x000010c1      0x13f ./Core/Src/system_stm32f1xx.o
 .debug_abbrev  0x00001200      0x20e ./Core/Src/tim.o
 .debug_abbrev  0x0000140e      0x221 ./Core/Src/usart.o
 .debug_abbrev  0x0000162f       0x24 ./Core/Startup/startup_stm32f103c8tx.o
 .debug_abbrev  0x00001653      0x201 ./Drivers/STM32F1xx_HAL_Driver/Src/stm32f1xx_hal.o
 .debug_abbrev  0x00001854      0x2f8 ./Drivers/STM32F1xx_HAL_Driver/Src/stm32f1xx_hal_cortex.o
 .debug_abbrev  0x00001b4c      0x20b ./Drivers/STM32F1xx_HAL_Driver/Src/stm32f1xx_hal_dma.o
 .debug_abbrev  0x00001d57      0x250 ./Drivers/STM32F1xx_HAL_Driver/Src/stm32f1xx_hal_flash.o
 .debug_abbrev  0x00001fa7      0x247 ./Drivers/STM32F1xx_HAL_Driver/Src/stm32f1xx_hal_flash_ex.o
 .debug_abbrev  0x000021ee      0x1ca ./Drivers/STM32F1xx_HAL_Driver/Src/stm32f1xx_hal_gpio.o
 .debug_abbrev  0x000023b8      0x2b3 ./Drivers/STM32F1xx_HAL_Driver/Src/stm32f1xx_hal_rcc.o
 .debug_abbrev  0x0000266b      0x277 ./Drivers/STM32F1xx_HAL_Driver/Src/stm32f1xx_hal_tim.o
 .debug_abbrev  0x000028e2      0x282 ./Drivers/STM32F1xx_HAL_Driver/Src/stm32f1xx_hal_tim_ex.o
 .debug_abbrev  0x00002b64      0x2f8 ./Drivers/STM32F1xx_HAL_Driver/Src/stm32f1xx_hal_uart.o
 .debug_abbrev  0x00002e5c      0x1b9 ./EE/ee.o
 .debug_abbrev  0x00003015      0x1a7 ./HSM/hsm.o
 .debug_abbrev  0x000031bc      0x206 ./HSM/hsm_timer.o
 .debug_abbrev  0x000033c2      0x420 ./MODBUS-LIB/Modbus.o
 .debug_abbrev  0x000037e2      0x23b ./MODBUS-LIB/UARTCallback.o
 .debug_abbrev  0x00003a1d      0x548 ./Middlewares/Third_Party/FreeRTOS/Source/CMSIS_RTOS_V2/cmsis_os2.o
 .debug_abbrev  0x00003f65       0xf5 ./Middlewares/Third_Party/FreeRTOS/Source/list.o
 .debug_abbrev  0x0000405a      0x3b6 ./Middlewares/Third_Party/FreeRTOS/Source/queue.o
 .debug_abbrev  0x00004410      0x3fe ./Middlewares/Third_Party/FreeRTOS/Source/tasks.o
 .debug_abbrev  0x0000480e      0x368 ./Middlewares/Third_Party/FreeRTOS/Source/timers.o
 .debug_abbrev  0x00004b76      0x258 ./Middlewares/Third_Party/FreeRTOS/Source/portable/GCC/ARM_CM3/port.o
 .debug_abbrev  0x00004dce      0x21d ./Middlewares/Third_Party/FreeRTOS/Source/portable/MemMang/heap_4.o

.debug_aranges  0x00000000     0x18c8
 .debug_aranges
                0x00000000       0x40 ./APP/app_params.o
 .debug_aranges
                0x00000040       0x58 ./APP/app_states.o
 .debug_aranges
                0x00000098       0x20 ./Core/Src/dma.o
 .debug_aranges
                0x000000b8       0x48 ./Core/Src/freertos.o
 .debug_aranges
                0x00000100       0x20 ./Core/Src/gpio.o
 .debug_aranges
                0x00000120       0x38 ./Core/Src/main.o
 .debug_aranges
                0x00000158       0x20 ./Core/Src/stm32f1xx_hal_msp.o
 .debug_aranges
                0x00000178       0x30 ./Core/Src/stm32f1xx_hal_timebase_tim.o
 .debug_aranges
                0x000001a8       0x88 ./Core/Src/stm32f1xx_it.o
 .debug_aranges
                0x00000230       0x28 ./Core/Src/system_stm32f1xx.o
 .debug_aranges
                0x00000258       0x30 ./Core/Src/tim.o
 .debug_aranges
                0x00000288       0x38 ./Core/Src/usart.o
 .debug_aranges
                0x000002c0       0x28 ./Core/Startup/startup_stm32f103c8tx.o
 .debug_aranges
                0x000002e8       0xe0 ./Drivers/STM32F1xx_HAL_Driver/Src/stm32f1xx_hal.o
 .debug_aranges
                0x000003c8      0x100 ./Drivers/STM32F1xx_HAL_Driver/Src/stm32f1xx_hal_cortex.o
 .debug_aranges
                0x000004c8       0x80 ./Drivers/STM32F1xx_HAL_Driver/Src/stm32f1xx_hal_dma.o
 .debug_aranges
                0x00000548       0x88 ./Drivers/STM32F1xx_HAL_Driver/Src/stm32f1xx_hal_flash.o
 .debug_aranges
                0x000005d0       0x98 ./Drivers/STM32F1xx_HAL_Driver/Src/stm32f1xx_hal_flash_ex.o
 .debug_aranges
                0x00000668       0x58 ./Drivers/STM32F1xx_HAL_Driver/Src/stm32f1xx_hal_gpio.o
 .debug_aranges
                0x000006c0       0x90 ./Drivers/STM32F1xx_HAL_Driver/Src/stm32f1xx_hal_rcc.o
 .debug_aranges
                0x00000750      0x3d0 ./Drivers/STM32F1xx_HAL_Driver/Src/stm32f1xx_hal_tim.o
 .debug_aranges
                0x00000b20      0x168 ./Drivers/STM32F1xx_HAL_Driver/Src/stm32f1xx_hal_tim_ex.o
 .debug_aranges
                0x00000c88      0x208 ./Drivers/STM32F1xx_HAL_Driver/Src/stm32f1xx_hal_uart.o
 .debug_aranges
                0x00000e90       0x40 ./EE/ee.o
 .debug_aranges
                0x00000ed0       0x50 ./HSM/hsm.o
 .debug_aranges
                0x00000f20       0x50 ./HSM/hsm_timer.o
 .debug_aranges
                0x00000f70      0x110 ./MODBUS-LIB/Modbus.o
 .debug_aranges
                0x00001080       0x38 ./MODBUS-LIB/UARTCallback.o
 .debug_aranges
                0x000010b8      0x2b0 ./Middlewares/Third_Party/FreeRTOS/Source/CMSIS_RTOS_V2/cmsis_os2.o
 .debug_aranges
                0x00001368       0x40 ./Middlewares/Third_Party/FreeRTOS/Source/list.o
 .debug_aranges
                0x000013a8      0x158 ./Middlewares/Third_Party/FreeRTOS/Source/queue.o
 .debug_aranges
                0x00001500      0x208 ./Middlewares/Third_Party/FreeRTOS/Source/tasks.o
 .debug_aranges
                0x00001708       0xf0 ./Middlewares/Third_Party/FreeRTOS/Source/timers.o
 .debug_aranges
                0x000017f8       0x78 ./Middlewares/Third_Party/FreeRTOS/Source/portable/GCC/ARM_CM3/port.o
 .debug_aranges
                0x00001870       0x58 ./Middlewares/Third_Party/FreeRTOS/Source/portable/MemMang/heap_4.o

.debug_rnglists
                0x00000000     0x1317
 .debug_rnglists
                0x00000000       0x2d ./APP/app_params.o
 .debug_rnglists