Archive member included to satisfy reference by file (symbol)

E:/ST/STM32CubeIDE_1.17.0/STM32CubeIDE/plugins/com.st.stm32cube.ide.mcu.externaltools.gnu-tools-for-stm32.13.3.rel1.win32_1.0.0.202411081344/tools/bin/../lib/gcc/arm-none-eabi/13.3.1/../../../../arm-none-eabi/lib/thumb/v7-m/nofp\libc_nano.a(libc_a-exit.o)
                              E:/ST/STM32CubeIDE_1.17.0/STM32CubeIDE/plugins/com.st.stm32cube.ide.mcu.externaltools.gnu-tools-for-stm32.13.3.rel1.win32_1.0.0.202411081344/tools/bin/../lib/gcc/arm-none-eabi/13.3.1/../../../../arm-none-eabi/lib/thumb/v7-m/nofp/crt0.o (exit)
E:/ST/STM32CubeIDE_1.17.0/STM32CubeIDE/plugins/com.st.stm32cube.ide.mcu.externaltools.gnu-tools-for-stm32.13.3.rel1.win32_1.0.0.202411081344/tools/bin/../lib/gcc/arm-none-eabi/13.3.1/../../../../arm-none-eabi/lib/thumb/v7-m/nofp\libc_nano.a(libc_a-findfp.o)
                              ./Middlewares/Third_Party/FreeRTOS/Source/tasks.o (__sf)
E:/ST/STM32CubeIDE_1.17.0/STM32CubeIDE/plugins/com.st.stm32cube.ide.mcu.externaltools.gnu-tools-for-stm32.13.3.rel1.win32_1.0.0.202411081344/tools/bin/../lib/gcc/arm-none-eabi/13.3.1/../../../../arm-none-eabi/lib/thumb/v7-m/nofp\libc_nano.a(libc_a-fwalk.o)
                              E:/ST/STM32CubeIDE_1.17.0/STM32CubeIDE/plugins/com.st.stm32cube.ide.mcu.externaltools.gnu-tools-for-stm32.13.3.rel1.win32_1.0.0.202411081344/tools/bin/../lib/gcc/arm-none-eabi/13.3.1/../../../../arm-none-eabi/lib/thumb/v7-m/nofp\libc_nano.a(libc_a-findfp.o) (_fwalk_sglue)
E:/ST/STM32CubeIDE_1.17.0/STM32CubeIDE/plugins/com.st.stm32cube.ide.mcu.externaltools.gnu-tools-for-stm32.13.3.rel1.win32_1.0.0.202411081344/tools/bin/../lib/gcc/arm-none-eabi/13.3.1/../../../../arm-none-eabi/lib/thumb/v7-m/nofp\libc_nano.a(libc_a-stdio.o)
                              E:/ST/STM32CubeIDE_1.17.0/STM32CubeIDE/plugins/com.st.stm32cube.ide.mcu.externaltools.gnu-tools-for-stm32.13.3.rel1.win32_1.0.0.202411081344/tools/bin/../lib/gcc/arm-none-eabi/13.3.1/../../../../arm-none-eabi/lib/thumb/v7-m/nofp\libc_nano.a(libc_a-findfp.o) (__sread)
E:/ST/STM32CubeIDE_1.17.0/STM32CubeIDE/plugins/com.st.stm32cube.ide.mcu.externaltools.gnu-tools-for-stm32.13.3.rel1.win32_1.0.0.202411081344/tools/bin/../lib/gcc/arm-none-eabi/13.3.1/../../../../arm-none-eabi/lib/thumb/v7-m/nofp\libc_nano.a(libc_a-memset.o)
                              E:/ST/STM32CubeIDE_1.17.0/STM32CubeIDE/plugins/com.st.stm32cube.ide.mcu.externaltools.gnu-tools-for-stm32.13.3.rel1.win32_1.0.0.202411081344/tools/bin/../lib/gcc/arm-none-eabi/13.3.1/../../../../arm-none-eabi/lib/thumb/v7-m/nofp/crt0.o (memset)
E:/ST/STM32CubeIDE_1.17.0/STM32CubeIDE/plugins/com.st.stm32cube.ide.mcu.externaltools.gnu-tools-for-stm32.13.3.rel1.win32_1.0.0.202411081344/tools/bin/../lib/gcc/arm-none-eabi/13.3.1/../../../../arm-none-eabi/lib/thumb/v7-m/nofp\libc_nano.a(libc_a-closer.o)
                              E:/ST/STM32CubeIDE_1.17.0/STM32CubeIDE/plugins/com.st.stm32cube.ide.mcu.externaltools.gnu-tools-for-stm32.13.3.rel1.win32_1.0.0.202411081344/tools/bin/../lib/gcc/arm-none-eabi/13.3.1/../../../../arm-none-eabi/lib/thumb/v7-m/nofp\libc_nano.a(libc_a-stdio.o) (_close_r)
E:/ST/STM32CubeIDE_1.17.0/STM32CubeIDE/plugins/com.st.stm32cube.ide.mcu.externaltools.gnu-tools-for-stm32.13.3.rel1.win32_1.0.0.202411081344/tools/bin/../lib/gcc/arm-none-eabi/13.3.1/../../../../arm-none-eabi/lib/thumb/v7-m/nofp\libc_nano.a(libc_a-reent.o)
                              ./Middlewares/Third_Party/FreeRTOS/Source/tasks.o (_reclaim_reent)
E:/ST/STM32CubeIDE_1.17.0/STM32CubeIDE/plugins/com.st.stm32cube.ide.mcu.externaltools.gnu-tools-for-stm32.13.3.rel1.win32_1.0.0.202411081344/tools/bin/../lib/gcc/arm-none-eabi/13.3.1/../../../../arm-none-eabi/lib/thumb/v7-m/nofp\libc_nano.a(libc_a-impure.o)
                              ./Middlewares/Third_Party/FreeRTOS/Source/tasks.o (_impure_ptr)
E:/ST/STM32CubeIDE_1.17.0/STM32CubeIDE/plugins/com.st.stm32cube.ide.mcu.externaltools.gnu-tools-for-stm32.13.3.rel1.win32_1.0.0.202411081344/tools/bin/../lib/gcc/arm-none-eabi/13.3.1/../../../../arm-none-eabi/lib/thumb/v7-m/nofp\libc_nano.a(libc_a-lseekr.o)
                              E:/ST/STM32CubeIDE_1.17.0/STM32CubeIDE/plugins/com.st.stm32cube.ide.mcu.externaltools.gnu-tools-for-stm32.13.3.rel1.win32_1.0.0.202411081344/tools/bin/../lib/gcc/arm-none-eabi/13.3.1/../../../../arm-none-eabi/lib/thumb/v7-m/nofp\libc_nano.a(libc_a-stdio.o) (_lseek_r)
E:/ST/STM32CubeIDE_1.17.0/STM32CubeIDE/plugins/com.st.stm32cube.ide.mcu.externaltools.gnu-tools-for-stm32.13.3.rel1.win32_1.0.0.202411081344/tools/bin/../lib/gcc/arm-none-eabi/13.3.1/../../../../arm-none-eabi/lib/thumb/v7-m/nofp\libc_nano.a(libc_a-readr.o)
                              E:/ST/STM32CubeIDE_1.17.0/STM32CubeIDE/plugins/com.st.stm32cube.ide.mcu.externaltools.gnu-tools-for-stm32.13.3.rel1.win32_1.0.0.202411081344/tools/bin/../lib/gcc/arm-none-eabi/13.3.1/../../../../arm-none-eabi/lib/thumb/v7-m/nofp\libc_nano.a(libc_a-stdio.o) (_read_r)
[...]
Memory Configuration

Name             Origin             Length             Attributes
RAM              0x20000000         0x00005000         xrw
FLASH            0x08000000         0x00010000         xr
*default*        0x00000000         0xffffffff

Linker script and memory map

LOAD E:/ST/STM32CubeIDE_1.17.0/STM32CubeIDE/plugins/com.st.stm32cube.ide.mcu.externaltools.gnu-tools-for-stm32.13.3.rel1.win32_1.0.0.202411081344/tools/bin/../lib/gcc/arm-none-eabi/13.3.1/thumb/v7-m/nofp/crti.o
LOAD E:/ST/STM32CubeIDE_1.17.0/STM32CubeIDE/plugins/com.st.stm32cube.ide.mcu.externaltools.gnu-tools-for-stm32.13.3.rel1.win32_1.0.0.202411081344/tools/bin/../lib/gcc/arm-none-eabi/13.3.1/thumb/v7-m/nofp/crtbegin.o
LOAD E:/ST/STM32CubeIDE_1.17.0/STM32CubeIDE/plugins/com.st.stm32cube.ide.mcu.externaltools.gnu-tools-for-stm32.13.3.rel1.win32_1.0.0.202411081344/tools/bin/../lib/gcc/arm-none-eabi/13.3.1/../../../../arm-none-eabi/lib/thumb/v7-m/nofp/crt0.o
LOAD ./APP/app_params.o
LOAD ./APP/app_states.o
LOAD ./Core/Src/dma.o
LOAD ./Core/Src/freertos.o
LOAD ./Core/Src/gpio.o
LOAD ./Core/Src/main.o
LOAD ./Core/Src/stm32f1xx_hal_msp.o
LOAD ./Core/Src/stm32f1xx_hal_timebase_tim.o
LOAD ./Core/Src/stm32f1xx_it.o
LOAD ./Core/Src/syscalls.o
LOAD ./Core/Src/system_stm32f1xx.o
LOAD ./Core/Src/tim.o
LOAD ./Core/Src/usart.o
LOAD ./Core/Startup/startup_stm32f103c8tx.o
LOAD ./Drivers/STM32F1xx_HAL_Driver/Src/stm32f1xx_hal.o
LOAD ./Drivers/STM32F1xx_HAL_Driver/Src/stm32f1xx_hal_cortex.o
LOAD ./Drivers/STM32F1xx_HAL_Driver/Src/stm32f1xx_hal_dma.o
LOAD ./Drivers/STM32F1xx_HAL_Driver/Src/stm32f1xx_hal_exti.o
LOAD ./Drivers/STM32F1xx_HAL_Driver/Src/stm32f1xx_hal_flash.o
LOAD ./Drivers/STM32F1xx_HAL_Driver/Src/stm32f1xx_hal_flash_ex.o
LOAD ./Drivers/STM32F1xx_HAL_Driver/Src/stm32f1xx_hal_gpio.o
LOAD ./Drivers/STM32F1xx_HAL_Driver/Src/stm32f1xx_hal_gpio_ex.o
LOAD ./Drivers/STM32F1xx_HAL_Driver/Src/stm32f1xx_hal_pwr.o
LOAD ./Drivers/STM32F1xx_HAL_Driver/Src/stm32f1xx_hal_rcc.o
LOAD ./Drivers/STM32F1xx_HAL_Driver/Src/stm32f1xx_hal_rcc_ex.o
LOAD ./Drivers/STM32F1xx_HAL_Driver/Src/stm32f1xx_hal_tim.o
LOAD ./Drivers/STM32F1xx_HAL_Driver/Src/stm32f1xx_hal_tim_ex.o
LOAD ./Drivers/STM32F1xx_HAL_Driver/Src/stm32f1xx_hal_uart.o
LOAD ./EE/ee.o
LOAD ./EE/sysmem.o
LOAD ./HSM/hsm.o
LOAD ./HSM/hsm_timer.o
LOAD ./MODBUS-LIB/Modbus.o
LOAD ./MODBUS-LIB/UARTCallback.o
LOAD ./Middlewares/Third_Party/FreeRTOS/Source/CMSIS_RTOS_V2/cmsis_os2.o
LOAD ./Middlewares/Third_Party/FreeRTOS/Source/croutine.o
LOAD ./Middlewares/Third_Party/FreeRTOS/Source/event_groups.o
LOAD ./Middlewares/Third_Party/FreeRTOS/Source/list.o
LOAD ./Middlewares/Third_Party/FreeRTOS/Source/queue.o
LOAD ./Middlewares/Third_Party/FreeRTOS/Source/stream_buffer.o
LOAD ./Middlewares/Third_Party/FreeRTOS/Source/tasks.o
LOAD ./Middlewares/Third_Party/FreeRTOS/Source/timers.o
LOAD ./Middlewares/Third_Party/FreeRTOS/Source/portable/GCC/ARM_CM3/port.o
LOAD ./Middlewares/Third_Party/FreeRTOS/Source/portable/MemMang/heap_4.o
START GROUP
LOAD E:/ST/STM32CubeIDE_1.17.0/STM32CubeIDE/plugins/com.st.stm32cube.ide.mcu.externaltools.gnu-tools-for-stm32.13.3.rel1.win32_1.0.0.202411081344/tools/bin/../lib/gcc/arm-none-eabi/13.3.1/../../../../arm-none-eabi/lib/thumb/v7-m/nofp\libc_nano.a
LOAD E:/ST/STM32CubeIDE_1.17.0/STM32CubeIDE/plugins/com.st.stm32cube.ide.mcu.externaltools.gnu-tools-for-stm32.13.3.rel1.win32_1.0.0.202411081344/tools/bin/../lib/gcc/arm-none-eabi/13.3.1/../../../../arm-none-eabi/lib/thumb/v7-m/nofp\libm.a
END GROUP
START GROUP
LOAD E:/ST/STM32CubeIDE_1.17.0/STM32CubeIDE/plugins/com.st.stm32cube.ide.mcu.externaltools.gnu-tools-for-stm32.13.3.rel1.win32_1.0.0.202411081344/tools/bin/../lib/gcc/arm-none-eabi/13.3.1/thumb/v7-m/nofp\libgcc.a
LOAD E:/ST/STM32CubeIDE_1.17.0/STM32CubeIDE/plugins/com.st.stm32cube.ide.mcu.externaltools.gnu-tools-for-stm32.13.3.rel1.win32_1.0.0.202411081344/tools/bin/../lib/gcc/arm-none-eabi/13.3.1/../../../../arm-none-eabi/lib/thumb/v7-m/nofp\libc_nano.a
END GROUP
START GROUP
LOAD E:/ST/STM32CubeIDE_1.17.0/STM32CubeIDE/plugins/com.st.stm32cube.ide.mcu.externaltools.gnu-tools-for-stm32.13.3.rel1.win32_1.0.0.202411081344/tools/bin/../lib/gcc/arm-none-eabi/13.3.1/thumb/v7-m/nofp\libgcc.a
LOAD E:/ST/STM32CubeIDE_1.17.0/STM32CubeIDE/plugins/com.st.stm32cube.ide.mcu.externaltools.gnu-tools-for-stm32.13.3.rel1.win32_1.0.0.202411081344/tools/bin/../lib/gcc/arm-none-eabi/13.3.1/../../../../arm-none-eabi/lib/thumb/v7-m/nofp\libc_nano.a
LOAD E:/ST/STM32CubeIDE_1.17.0/STM32CubeIDE/plugins/com.st.stm32cube.ide.mcu.externaltools.gnu-tools-for-stm32.13.3.rel1.win32_1.0.0.202411081344/tools/bin/../lib/gcc/arm-none-eabi/13.3.1/../../../../arm-none-eabi/lib/thumb/v7-m/nofp\libnosys.a
END GROUP
START GROUP
LOAD E:/ST/STM32CubeIDE_1.17.0/STM32CubeIDE/plugins/com.st.stm32cube.ide.mcu.externaltools.gnu-tools-for-stm32.13.3.rel1.win32_1.0.0.202411081344/tools/bin/../lib/gcc/arm-none-eabi/13.3.1/thumb/v7-m/nofp\libgcc.a
LOAD E:/ST/STM32CubeIDE_1.17.0/STM32CubeIDE/plugins/com.st.stm32cube.ide.mcu.externaltools.gnu-tools-for-stm32.13.3.rel1.win32_1.0.0.202411081344/tools/bin/../lib/gcc/arm-none-eabi/13.3.1/../../../../arm-none-eabi/lib/thumb/v7-m/nofp\libc_nano.a
LOAD E:/ST/STM32CubeIDE_1.17.0/STM32CubeIDE/plugins/com.st.stm32cube.ide.mcu.externaltools.gnu-tools-for-stm32.13.3.rel1.win32_1.0.0.202411081344/tools/bin/../lib/gcc/arm-none-eabi/13.3.1/../../../../arm-none-eabi/lib/thumb/v7-m/nofp\libnosys.a
END GROUP
LOAD E:/ST/STM32CubeIDE_1.17.0/STM32CubeIDE/plugins/com.st.stm32cube.ide.mcu.externaltools.gnu-tools-for-stm32.13.3.rel1.win32_1.0.0.202411081344/tools/bin/../lib/gcc/arm-none-eabi/13.3.1/thumb/v7-m/nofp/crtend.o
LOAD E:/ST/STM32CubeIDE_1.17.0/STM32CubeIDE/plugins/com.st.stm32cube.ide.mcu.externaltools.gnu-tools-for-stm32.13.3.rel1.win32_1.0.0.202411081344/tools/bin/../lib/gcc/arm-none-eabi/13.3.1/thumb/v7-m/nofp/crtn.o
                0x20005000                        _estack = (ORIGIN (RAM) + LENGTH (RAM))
                0x00000200                        _Min_Heap_Size = 0x200
                0x00000400                        _Min_Stack_Size = 0x400

.isr_vector     0x08000000      0x10c
                0x08000000                        . = ALIGN (0x4)
 *(.isr_vector)
 .isr_vector    0x08000000      0x10c ./Core/Startup/startup_stm32f103c8tx.o
                0x08000000                g_pfnVectors
                0x0800010c                        . = ALIGN (0x4)

.text           0x08000110     0xaafc
                0x08000110                        . = ALIGN (0x4)
 *(.text)
 .text          0x08000110       0x40 E:/ST/STM32CubeIDE_1.17.0/STM32CubeIDE/plugins/com.st.stm32cube.ide.mcu.externaltools.gnu-tools-for-stm32.13.3.rel1.win32_1.0.0.202411081344/tools/bin/../lib/gcc/arm-none-eabi/13.3.1/thumb/v7-m/nofp/crtbegin.o
 *(.text*)
 .text.default_parameter_init
                0x08000150       0x4e ./APP/app_params.o
                0x08000150                default_parameter_init
 *fill*         0x0800019e        0x2 
 .text.BaudrateCodeToValue
                0x080001a0       0x88 ./APP/app_params.o
                0x080001a0                BaudrateCodeToValue
 .text.UART_Reconfigure
                0x08000228       0x58 ./APP/app_params.o
                0x08000228                UART_Reconfigure
 .text.UART_ReconfigureByCode
                0x08000280       0x32 ./APP/app_params.o
                0x08000280                UART_ReconfigureByCode
 *fill*         0x080002b2        0x2 
 .text.app_states_hsm_init
                0x080002b4       0xc4 ./APP/app_states.o
                0x080002b4                app_states_hsm_init
 .text.app_state_setting_baudrate_handler
                0x08000378      0x130 ./APP/app_states.o
 .text.app_state_run_handler
                0x080004a8      0x164 ./APP/app_states.o
 .text.app_state_stop_handler
                0x0800060c       0xac ./APP/app_states.o
 .text.hsmt_custom_tick_callback
                0x080006b8       0x1e ./APP/app_states.o
 .text.hsmt_turn_off_led_stt_tick_callback
                0x080006d6       0x1e ./APP/app_states.o
 .text.hsmt_setting_done_tick_callback
                0x080006f4       0x1e ./APP/app_states.o
 *fill*         0x08000712        0x2 
 .text.MX_DMA_Init
                0x08000714       0x6c ./Core/Src/dma.o
                0x08000714                MX_DMA_Init
 .text.ReadModbusAddress
                0x08000780       0x90 ./Core/Src/freertos.o
                0x08000780                ReadModbusAddress
 .text.MX_FREERTOS_Init
                0x08000810       0x8c ./Core/Src/freertos.o
                0x08000810                MX_FREERTOS_Init
 .text.StartDefaultTask
                0x0800089c      0x1cc ./Core/Src/freertos.o
                0x0800089c                StartDefaultTask
 .text.StartReadBatteryTask
                0x08000a68       0xac ./Core/Src/freertos.o
                0x08000a68                StartReadBatteryTask
 .text.StartCommTask
                0x08000b14       0x54 ./Core/Src/freertos.o
                0x08000b14                StartCommTask
 .text.MX_GPIO_Init
                0x08000b68       0xf4 ./Core/Src/gpio.o
                0x08000b68                MX_GPIO_Init
 .text.main     0x08000c5c       0x30 ./Core/Src/main.o
                0x08000c5c                main
 .text.SystemClock_Config
                0x08000c8c       0x8a ./Core/Src/main.o
                0x08000c8c                SystemClock_Config
 *fill*         0x08000d16        0x2 
 .text.HAL_TIM_PeriodElapsedCallback
                0x08000d18       0x30 ./Core/Src/main.o
                0x08000d18                HAL_TIM_PeriodElapsedCallback
 .text.Error_Handler
                0x08000d48        0xc ./Core/Src/main.o
                0x08000d48                Error_Handler
 .text.HAL_MspInit
                0x08000d54       0x70 ./Core/Src/stm32f1xx_hal_msp.o
                0x08000d54                HAL_MspInit
 .text.HAL_InitTick
                0x08000dc4       0xe4 ./Core/Src/stm32f1xx_hal_timebase_tim.o
                0x08000dc4                HAL_InitTick
 .text.NMI_Handler
                0x08000ea8        0x8 ./Core/Src/stm32f1xx_it.o
                0x08000ea8                NMI_Handler
 .text.HardFault_Handler
                0x08000eb0        0x8 ./Core/Src/stm32f1xx_it.o
                0x08000eb0                HardFault_Handler
 .text.MemManage_Handler
                0x08000eb8        0x8 ./Core/Src/stm32f1xx_it.o
                0x08000eb8                MemManage_Handler
 .text.BusFault_Handler
                0x08000ec0        0x8 ./Core/Src/stm32f1xx_it.o
                0x08000ec0                BusFault_Handler
 .text.UsageFault_Handler
                0x08000ec8        0x8 ./Core/Src/stm32f1xx_it.o
                0x08000ec8                UsageFault_Handler
 .text.DebugMon_Handler
                0x08000ed0        0xc ./Core/Src/stm32f1xx_it.o
                0x08000ed0                DebugMon_Handler
 .text.DMA1_Channel2_IRQHandler
                0x08000edc       0x14 ./Core/Src/stm32f1xx_it.o
                0x08000edc                DMA1_Channel2_IRQHandler
 .text.DMA1_Channel3_IRQHandler
                0x08000ef0       0x14 ./Core/Src/stm32f1xx_it.o
                0x08000ef0                DMA1_Channel3_IRQHandler
 .text.DMA1_Channel6_IRQHandler
                0x08000f04       0x14 ./Core/Src/stm32f1xx_it.o
                0x08000f04                DMA1_Channel6_IRQHandler
 .text.DMA1_Channel7_IRQHandler
                0x08000f18       0x14 ./Core/Src/stm32f1xx_it.o
                0x08000f18                DMA1_Channel7_IRQHandler
 .text.TIM1_UP_IRQHandler
                0x08000f2c       0x14 ./Core/Src/stm32f1xx_it.o
                0x08000f2c                TIM1_UP_IRQHandler
 .text.TIM2_IRQHandler
                0x08000f40       0x14 ./Core/Src/stm32f1xx_it.o
                0x08000f40                TIM2_IRQHandler
 .text.USART2_IRQHandler
                0x08000f54       0x14 ./Core/Src/stm32f1xx_it.o
                0x08000f54                USART2_IRQHandler
 .text.USART3_IRQHandler
                0x08000f68       0x14 ./Core/Src/stm32f1xx_it.o
                0x08000f68                USART3_IRQHandler
 .text.SystemInit
                0x08000f7c        0xc ./Core/Src/system_stm32f1xx.o
                0x08000f7c                SystemInit
 .text.MX_TIM2_Init
                0x08000f88       0x98 ./Core/Src/tim.o
                0x08000f88                MX_TIM2_Init
 .text.HAL_TIM_Base_MspInit
                0x08001020       0x48 ./Core/Src/tim.o
                0x08001020                HAL_TIM_Base_MspInit
 .text.MX_USART2_UART_Init
                0x08001068       0x54 ./Core/Src/usart.o
                0x08001068                MX_USART2_UART_Init
 .text.MX_USART3_UART_Init
                0x080010bc       0x54 ./Core/Src/usart.o
                0x080010bc                MX_USART3_UART_Init
 .text.HAL_UART_MspInit
                0x08001110      0x280 ./Core/Src/usart.o
                0x08001110                HAL_UART_MspInit
 .text.HAL_UART_MspDeInit
                0x08001390       0x98 ./Core/Src/usart.o
                0x08001390                HAL_UART_MspDeInit
 .text.Reset_Handler
                0x08001428       0x48 ./Core/Startup/startup_stm32f103c8tx.o
                0x08001428                Reset_Handler
 .text.Default_Handler
                0x08001470        0x2 ./Core/Startup/startup_stm32f103c8tx.o
                0x08001470                RTC_Alarm_IRQHandler
                0x08001470                EXTI2_IRQHandler
                0x08001470                TIM1_CC_IRQHandler
                0x08001470                PVD_IRQHandler
                0x08001470                EXTI3_IRQHandler
                0x08001470                EXTI0_IRQHandler
                0x08001470                I2C2_EV_IRQHandler
                0x08001470                ADC1_2_IRQHandler
                0x08001470                SPI1_IRQHandler
                0x08001470                TAMPER_IRQHandler
                0x08001470                DMA1_Channel4_IRQHandler
                0x08001470                RTC_IRQHandler
                0x08001470                CAN1_RX1_IRQHandler
                0x08001470                TIM4_IRQHandler
                0x08001470                I2C1_EV_IRQHandler
                0x08001470                TIM3_IRQHandler
                0x08001470                RCC_IRQHandler
                0x08001470                TIM1_TRG_COM_IRQHandler
                0x08001470                DMA1_Channel1_IRQHandler
                0x08001470                Default_Handler
                0x08001470                EXTI15_10_IRQHandler
                0x08001470                EXTI9_5_IRQHandler
                0x08001470                SPI2_IRQHandler
                0x08001470                DMA1_Channel5_IRQHandler
                0x08001470                EXTI4_IRQHandler
                0x08001470                USB_LP_CAN1_RX0_IRQHandler
                0x08001470                USB_HP_CAN1_TX_IRQHandler
                0x08001470                WWDG_IRQHandler
                0x08001470                TIM1_BRK_IRQHandler
                0x08001470                EXTI1_IRQHandler
                0x08001470                I2C2_ER_IRQHandler
                0x08001470                CAN1_SCE_IRQHandler
                0x08001470                FLASH_IRQHandler
                0x08001470                USART1_IRQHandler
                0x08001470                I2C1_ER_IRQHandler
                0x08001470                USBWakeUp_IRQHandler
 *fill*         0x08001472        0x2 
 .text.HAL_Init
                0x08001474       0x2c ./Drivers/STM32F1xx_HAL_Driver/Src/stm32f1xx_hal.o
                0x08001474                HAL_Init
 .text.HAL_IncTick
                0x080014a0       0x24 ./Drivers/STM32F1xx_HAL_Driver/Src/stm32f1xx_hal.o
                0x080014a0                HAL_IncTick
 .text.HAL_GetTick
                0x080014c4       0x14 ./Drivers/STM32F1xx_HAL_Driver/Src/stm32f1xx_hal.o
                0x080014c4                HAL_GetTick
 .text.__NVIC_SetPriorityGrouping
                0x080014d8       0x48 ./Drivers/STM32F1xx_HAL_Driver/Src/stm32f1xx_hal_cortex.o
 .text.__NVIC_GetPriorityGrouping
                0x08001520       0x1c ./Drivers/STM32F1xx_HAL_Driver/Src/stm32f1xx_hal_cortex.o
 .text.__NVIC_EnableIRQ
                0x0800153c       0x38 ./Drivers/STM32F1xx_HAL_Driver/Src/stm32f1xx_hal_cortex.o
 .text.__NVIC_DisableIRQ
                0x08001574       0x48 ./Drivers/STM32F1xx_HAL_Driver/Src/stm32f1xx_hal_cortex.o
 .text.__NVIC_SetPriority
                0x080015bc       0x54 ./Drivers/STM32F1xx_HAL_Driver/Src/stm32f1xx_hal_cortex.o
 .text.NVIC_EncodePriority
                0x08001610       0x64 ./Drivers/STM32F1xx_HAL_Driver/Src/stm32f1xx_hal_cortex.o
 .text.HAL_NVIC_SetPriorityGrouping
                0x08001674       0x16 ./Drivers/STM32F1xx_HAL_Driver/Src/stm32f1xx_hal_cortex.o
                0x08001674                HAL_NVIC_SetPriorityGrouping
 .text.HAL_NVIC_SetPriority
                0x0800168a       0x38 ./Drivers/STM32F1xx_HAL_Driver/Src/stm32f1xx_hal_cortex.o
                0x0800168a                HAL_NVIC_SetPriority
 .text.HAL_NVIC_EnableIRQ
                0x080016c2       0x1c ./Drivers/STM32F1xx_HAL_Driver/Src/stm32f1xx_hal_cortex.o
                0x080016c2                HAL_NVIC_EnableIRQ
 .text.HAL_NVIC_DisableIRQ
                0x080016de       0x1c ./Drivers/STM32F1xx_HAL_Driver/Src/stm32f1xx_hal_cortex.o
                0x080016de                HAL_NVIC_DisableIRQ
 *fill*         0x080016fa        0x2 
 .text.HAL_DMA_Init
                0x080016fc       0xb4 ./Drivers/STM32F1xx_HAL_Driver/Src/stm32f1xx_hal_dma.o
                0x080016fc                HAL_DMA_Init
 .text.HAL_DMA_DeInit
                0x080017b0       0xb8 ./Drivers/STM32F1xx_HAL_Driver/Src/stm32f1xx_hal_dma.o
                0x080017b0                HAL_DMA_DeInit
 .text.HAL_DMA_Start_IT
                0x08001868       0xc0 ./Drivers/STM32F1xx_HAL_Driver/Src/stm32f1xx_hal_dma.o
                0x08001868                HAL_DMA_Start_IT
 .text.HAL_DMA_Abort
                0x08001928       0x76 ./Drivers/STM32F1xx_HAL_Driver/Src/stm32f1xx_hal_dma.o
                0x08001928                HAL_DMA_Abort
 *fill*         0x0800199e        0x2 
 .text.HAL_DMA_Abort_IT
                0x080019a0       0xf0 ./Drivers/STM32F1xx_HAL_Driver/Src/stm32f1xx_hal_dma.o
                0x080019a0                HAL_DMA_Abort_IT
 .text.HAL_DMA_IRQHandler
                0x08001a90      0x20c ./Drivers/STM32F1xx_HAL_Driver/Src/stm32f1xx_hal_dma.o
                0x08001a90                HAL_DMA_IRQHandler
 .text.DMA_SetConfig
                0x08001c9c       0x5a ./Drivers/STM32F1xx_HAL_Driver/Src/stm32f1xx_hal_dma.o
 *fill*         0x08001cf6        0x2 
 .text.HAL_FLASH_Program
                0x08001cf8       0xe0 ./Drivers/STM32F1xx_HAL_Driver/Src/stm32f1xx_hal_flash.o
                0x08001cf8                HAL_FLASH_Program
 .text.HAL_FLASH_Unlock
                0x08001dd8       0x4c ./Drivers/STM32F1xx_HAL_Driver/Src/stm32f1xx_hal_flash.o
                0x08001dd8                HAL_FLASH_Unlock
 .text.HAL_FLASH_Lock
                0x08001e24       0x20 ./Drivers/STM32F1xx_HAL_Driver/Src/stm32f1xx_hal_flash.o
                0x08001e24                HAL_FLASH_Lock
 .text.FLASH_Program_HalfWord
                0x08001e44       0x38 ./Drivers/STM32F1xx_HAL_Driver/Src/stm32f1xx_hal_flash.o
 .text.FLASH_WaitForLastOperation
                0x08001e7c       0x8c ./Drivers/STM32F1xx_HAL_Driver/Src/stm32f1xx_hal_flash.o
                0x08001e7c                FLASH_WaitForLastOperation
 .text.FLASH_SetErrorCode
                0x08001f08       0xa0 ./Drivers/STM32F1xx_HAL_Driver/Src/stm32f1xx_hal_flash.o
 .text.HAL_FLASHEx_Erase
                0x08001fa8       0xd8 ./Drivers/STM32F1xx_HAL_Driver/Src/stm32f1xx_hal_flash_ex.o
                0x08001fa8                HAL_FLASHEx_Erase
 .text.FLASH_MassErase
                0x08002080       0x38 ./Drivers/STM32F1xx_HAL_Driver/Src/stm32f1xx_hal_flash_ex.o
 .text.FLASH_PageErase
                0x080020b8       0x40 ./Drivers/STM32F1xx_HAL_Driver/Src/stm32f1xx_hal_flash_ex.o
                0x080020b8                FLASH_PageErase
 .text.HAL_GPIO_Init
                0x080020f8      0x308 ./Drivers/STM32F1xx_HAL_Driver/Src/stm32f1xx_hal_gpio.o
                0x080020f8                HAL_GPIO_Init
 .text.HAL_GPIO_DeInit
                0x08002400      0x178 ./Drivers/STM32F1xx_HAL_Driver/Src/stm32f1xx_hal_gpio.o
                0x08002400                HAL_GPIO_DeInit
 .text.HAL_GPIO_ReadPin
                0x08002578       0x2e ./Drivers/STM32F1xx_HAL_Driver/Src/stm32f1xx_hal_gpio.o
                0x08002578                HAL_GPIO_ReadPin
 .text.HAL_GPIO_WritePin
                0x080025a6       0x30 ./Drivers/STM32F1xx_HAL_Driver/Src/stm32f1xx_hal_gpio.o
                0x080025a6                HAL_GPIO_WritePin
 .text.HAL_GPIO_TogglePin
                0x080025d6       0x32 ./Drivers/STM32F1xx_HAL_Driver/Src/stm32f1xx_hal_gpio.o
                0x080025d6                HAL_GPIO_TogglePin
 .text.HAL_RCC_OscConfig
                0x08002608      0x504 ./Drivers/STM32F1xx_HAL_Driver/Src/stm32f1xx_hal_rcc.o
                0x08002608                HAL_RCC_OscConfig
 .text.HAL_RCC_ClockConfig
                0x08002b0c      0x1d4 ./Drivers/STM32F1xx_HAL_Driver/Src/stm32f1xx_hal_rcc.o
                0x08002b0c                HAL_RCC_ClockConfig
 .text.HAL_RCC_GetSysClockFreq
                0x08002ce0       0xa8 ./Drivers/STM32F1xx_HAL_Driver/Src/stm32f1xx_hal_rcc.o
                0x08002ce0                HAL_RCC_GetSysClockFreq
 .text.HAL_RCC_GetHCLKFreq
                0x08002d88       0x14 ./Drivers/STM32F1xx_HAL_Driver/Src/stm32f1xx_hal_rcc.o
                0x08002d88                HAL_RCC_GetHCLKFreq
 .text.HAL_RCC_GetPCLK1Freq
                0x08002d9c       0x28 ./Drivers/STM32F1xx_HAL_Driver/Src/stm32f1xx_hal_rcc.o
                0x08002d9c                HAL_RCC_GetPCLK1Freq
 .text.HAL_RCC_GetPCLK2Freq
                0x08002dc4       0x28 ./Drivers/STM32F1xx_HAL_Driver/Src/stm32f1xx_hal_rcc.o
                0x08002dc4                HAL_RCC_GetPCLK2Freq
 .text.HAL_RCC_GetClockConfig
                0x08002dec       0x60 ./Drivers/STM32F1xx_HAL_Driver/Src/stm32f1xx_hal_rcc.o
                0x08002dec                HAL_RCC_GetClockConfig
 .text.RCC_Delay
                0x08002e4c       0x3c ./Drivers/STM32F1xx_HAL_Driver/Src/stm32f1xx_hal_rcc.o
 .text.HAL_TIM_Base_Init
                0x08002e88       0x9e ./Drivers/STM32F1xx_HAL_Driver/Src/stm32f1xx_hal_tim.o
                0x08002e88                HAL_TIM_Base_Init
 *fill*         0x08002f26        0x2 
 .text.HAL_TIM_Base_Start_IT
                0x08002f28       0xa4 ./Drivers/STM32F1xx_HAL_Driver/Src/stm32f1xx_hal_tim.o
                0x08002f28                HAL_TIM_Base_Start_IT
 .text.HAL_TIM_IRQHandler
                0x08002fcc      0x1e0 ./Drivers/STM32F1xx_HAL_Driver/Src/stm32f1xx_hal_tim.o
                0x08002fcc                HAL_TIM_IRQHandler
 .text.HAL_TIM_ConfigClockSource
                0x080031ac      0x18e ./Drivers/STM32F1xx_HAL_Driver/Src/stm32f1xx_hal_tim.o
                0x080031ac                HAL_TIM_ConfigClockSource
 .text.HAL_TIM_OC_DelayElapsedCallback
                0x0800333a       0x12 ./Drivers/STM32F1xx_HAL_Driver/Src/stm32f1xx_hal_tim.o
                0x0800333a                HAL_TIM_OC_DelayElapsedCallback
 .text.HAL_TIM_IC_CaptureCallback
                0x0800334c       0x12 ./Drivers/STM32F1xx_HAL_Driver/Src/stm32f1xx_hal_tim.o
                0x0800334c                HAL_TIM_IC_CaptureCallback
 .text.HAL_TIM_PWM_PulseFinishedCallback
                0x0800335e       0x12 ./Drivers/STM32F1xx_HAL_Driver/Src/stm32f1xx_hal_tim.o
                0x0800335e                HAL_TIM_PWM_PulseFinishedCallback
 .text.HAL_TIM_TriggerCallback
                0x08003370       0x12 ./Drivers/STM32F1xx_HAL_Driver/Src/stm32f1xx_hal_tim.o
                0x08003370                HAL_TIM_TriggerCallback
 *fill*         0x08003382        0x2 
 .text.TIM_Base_SetConfig
                0x08003384       0xdc ./Drivers/STM32F1xx_HAL_Driver/Src/stm32f1xx_hal_tim.o
                0x08003384                TIM_Base_SetConfig
 .text.TIM_TI1_ConfigInputStage
                0x08003460       0x5c ./Drivers/STM32F1xx_HAL_Driver/Src/stm32f1xx_hal_tim.o
 .text.TIM_TI2_ConfigInputStage
                0x080034bc       0x5e ./Drivers/STM32F1xx_HAL_Driver/Src/stm32f1xx_hal_tim.o
 .text.TIM_ITRx_SetConfig
                0x0800351a       0x34 ./Drivers/STM32F1xx_HAL_Driver/Src/stm32f1xx_hal_tim.o
 .text.TIM_ETR_SetConfig
                0x0800354e       0x3e ./Drivers/STM32F1xx_HAL_Driver/Src/stm32f1xx_hal_tim.o
                0x0800354e                TIM_ETR_SetConfig
 .text.HAL_TIMEx_MasterConfigSynchronization
                0x0800358c       0xbc ./Drivers/STM32F1xx_HAL_Driver/Src/stm32f1xx_hal_tim_ex.o
                0x0800358c                HAL_TIMEx_MasterConfigSynchronization
 .text.HAL_TIMEx_CommutCallback
                0x08003648       0x12 ./Drivers/STM32F1xx_HAL_Driver/Src/stm32f1xx_hal_tim_ex.o
                0x08003648                HAL_TIMEx_CommutCallback
 .text.HAL_TIMEx_BreakCallback
                0x0800365a       0x12 ./Drivers/STM32F1xx_HAL_Driver/Src/stm32f1xx_hal_tim_ex.o
                0x0800365a                HAL_TIMEx_BreakCallback
 .text.HAL_UART_Init
                0x0800366c       0xa0 ./Drivers/STM32F1xx_HAL_Driver/Src/stm32f1xx_hal_uart.o
                0x0800366c                HAL_UART_Init
 .text.HAL_UART_DeInit
                0x0800370c       0x64 ./Drivers/STM32F1xx_HAL_Driver/Src/stm32f1xx_hal_uart.o
                0x0800370c                HAL_UART_DeInit
 .text.HAL_UART_Transmit_IT
                0x08003770       0x6a ./Drivers/STM32F1xx_HAL_Driver/Src/stm32f1xx_hal_uart.o
                0x08003770                HAL_UART_Transmit_IT
 .text.HAL_UART_Receive_IT
                0x080037da       0x4a ./Drivers/STM32F1xx_HAL_Driver/Src/stm32f1xx_hal_uart.o
                0x080037da                HAL_UART_Receive_IT
 .text.HAL_UART_Transmit_DMA
                0x08003824       0xe0 ./Drivers/STM32F1xx_HAL_Driver/Src/stm32f1xx_hal_uart.o
                0x08003824                HAL_UART_Transmit_DMA
 .text.HAL_UART_DMAStop
                0x08003904       0xfe ./Drivers/STM32F1xx_HAL_Driver/Src/stm32f1xx_hal_uart.o
                0x08003904                HAL_UART_DMAStop
 .text.HAL_UARTEx_ReceiveToIdle_DMA
                0x08003a02       0xb2 ./Drivers/STM32F1xx_HAL_Driver/Src/stm32f1xx_hal_uart.o
                0x08003a02                HAL_UARTEx_ReceiveToIdle_DMA
 .text.HAL_UART_AbortReceive_IT
                0x08003ab4      0x164 ./Drivers/STM32F1xx_HAL_Driver/Src/stm32f1xx_hal_uart.o
                0x08003ab4                HAL_UART_AbortReceive_IT
 .text.HAL_UART_IRQHandler
                0x08003c18      0x524 ./Drivers/STM32F1xx_HAL_Driver/Src/stm32f1xx_hal_uart.o
                0x08003c18                HAL_UART_IRQHandler
 .text.HAL_UART_TxHalfCpltCallback
                0x0800413c       0x12 ./Drivers/STM32F1xx_HAL_Driver/Src/stm32f1xx_hal_uart.o
                0x0800413c                HAL_UART_TxHalfCpltCallback
 .text.HAL_UART_RxHalfCpltCallback
                0x0800414e       0x12 ./Drivers/STM32F1xx_HAL_Driver/Src/stm32f1xx_hal_uart.o
                0x0800414e                HAL_UART_RxHalfCpltCallback
 .text.HAL_UART_AbortReceiveCpltCallback
                0x08004160       0x12 ./Drivers/STM32F1xx_HAL_Driver/Src/stm32f1xx_hal_uart.o
                0x08004160                HAL_UART_AbortReceiveCpltCallback
 .text.HAL_HalfDuplex_EnableTransmitter
                0x08004172       0x66 ./Drivers/STM32F1xx_HAL_Driver/Src/stm32f1xx_hal_uart.o
                0x08004172                HAL_HalfDuplex_EnableTransmitter
 .text.HAL_HalfDuplex_EnableReceiver
                0x080041d8       0x66 ./Drivers/STM32F1xx_HAL_Driver/Src/stm32f1xx_hal_uart.o
                0x080041d8                HAL_HalfDuplex_EnableReceiver
 .text.HAL_UART_GetState
                0x0800423e       0x3a ./Drivers/STM32F1xx_HAL_Driver/Src/stm32f1xx_hal_uart.o
                0x0800423e                HAL_UART_GetState
 .text.UART_DMATransmitCplt
                0x08004278       0x9a ./Drivers/STM32F1xx_HAL_Driver/Src/stm32f1xx_hal_uart.o
 .text.UART_DMATxHalfCplt
                0x08004312       0x1c ./Drivers/STM32F1xx_HAL_Driver/Src/stm32f1xx_hal_uart.o
 .text.UART_DMAReceiveCplt
                0x0800432e      0x12c ./Drivers/STM32F1xx_HAL_Driver/Src/stm32f1xx_hal_uart.o
 .text.UART_DMARxHalfCplt
                0x0800445a       0x3c ./Drivers/STM32F1xx_HAL_Driver/Src/stm32f1xx_hal_uart.o
 .text.UART_DMAError
                0x08004496       0x94 ./Drivers/STM32F1xx_HAL_Driver/Src/stm32f1xx_hal_uart.o
 .text.UART_Start_Receive_IT
                0x0800452a       0x72 ./Drivers/STM32F1xx_HAL_Driver/Src/stm32f1xx_hal_uart.o
                0x0800452a                UART_Start_Receive_IT
 .text.UART_Start_Receive_DMA
                0x0800459c      0x134 ./Drivers/STM32F1xx_HAL_Driver/Src/stm32f1xx_hal_uart.o
                0x0800459c                UART_Start_Receive_DMA
 .text.UART_EndTxTransfer
                0x080046d0       0x4e ./Drivers/STM32F1xx_HAL_Driver/Src/stm32f1xx_hal_uart.o
 .text.UART_EndRxTransfer
                0x0800471e       0xc4 ./Drivers/STM32F1xx_HAL_Driver/Src/stm32f1xx_hal_uart.o
 .text.UART_DMAAbortOnError
                0x080047e2       0x28 ./Drivers/STM32F1xx_HAL_Driver/Src/stm32f1xx_hal_uart.o
 .text.UART_DMARxOnlyAbortCallback
                0x0800480a       0x30 ./Drivers/STM32F1xx_HAL_Driver/Src/stm32f1xx_hal_uart.o
 .text.UART_Transmit_IT
                0x0800483a       0x9e ./Drivers/STM32F1xx_HAL_Driver/Src/stm32f1xx_hal_uart.o
 .text.UART_EndTransmit_IT
                0x080048d8       0x30 ./Drivers/STM32F1xx_HAL_Driver/Src/stm32f1xx_hal_uart.o
 .text.UART_Receive_IT
                0x08004908      0x17c ./Drivers/STM32F1xx_HAL_Driver/Src/stm32f1xx_hal_uart.o
 .text.UART_SetConfig
                0x08004a84      0x11c ./Drivers/STM32F1xx_HAL_Driver/Src/stm32f1xx_hal_uart.o
 .text.EE_Init  0x08004ba0       0x90 ./EE/ee.o
                0x08004ba0                EE_Init
 .text.EE_Format
                0x08004c30       0x5c ./EE/ee.o
                0x08004c30                EE_Format
 .text.EE_Read  0x08004c8c       0x4c ./EE/ee.o
                0x08004c8c                EE_Read
 .text.EE_Write
                0x08004cd8       0xc8 ./EE/ee.o
                0x08004cd8                EE_Write
 .text.HSM_RootHandler
                0x08004da0       0x18 ./HSM/hsm.o
                0x08004da0                HSM_RootHandler
 .text.HSM_STATE_Create
                0x08004db8       0x50 ./HSM/hsm.o
                0x08004db8                HSM_STATE_Create
 .text.HSM_Create
                0x08004e08       0x3a ./HSM/hsm.o
                0x08004e08                HSM_Create
 .text.HSM_Run  0x08004e42       0x38 ./HSM/hsm.o
                0x08004e42                HSM_Run
 .text.HSM_Tran
                0x08004e7a      0x17e ./HSM/hsm.o
                0x08004e7a                HSM_Tran
 .text.timer_get_index
                0x08004ff8       0x60 ./HSM/hsm_timer.o
 .text.hsmTimerCreate
                0x08005058       0xe8 ./HSM/hsm_timer.o
                0x08005058                hsmTimerCreate
 .text.hsmTimerStart
                0x08005140       0x74 ./HSM/hsm_timer.o
                0x08005140                hsmTimerStart
 .text.hsmTimerStop
                0x080051b4       0x40 ./HSM/hsm_timer.o
                0x080051b4                hsmTimerStop
 .text.HSM_TIM_IRQHandler
                0x080051f4      0x128 ./HSM/hsm_timer.o
                0x080051f4                HSM_TIM_IRQHandler
 .text.hsmTimerInit
                0x0800531c       0x14 ./HSM/hsm_timer.o
                0x0800531c                hsmTimerInit
 .text.RingAdd  0x08005330       0x8c ./MODBUS-LIB/Modbus.o
                0x08005330                RingAdd
 .text.RingGetAllBytes
                0x080053bc       0x24 ./MODBUS-LIB/Modbus.o
                0x080053bc                RingGetAllBytes
 .text.RingGetNBytes
                0x080053e0       0xa8 ./MODBUS-LIB/Modbus.o
                0x080053e0                RingGetNBytes
 .text.RingClear
                0x08005488       0x32 ./MODBUS-LIB/Modbus.o
                0x08005488                RingClear
 *fill*         0x080054ba        0x2 
 .text.ModbusInit
                0x080054bc      0x150 ./MODBUS-LIB/Modbus.o
                0x080054bc                ModbusInit
 .text.ModbusStart
                0x0800560c      0x144 ./MODBUS-LIB/Modbus.o
                0x0800560c                ModbusStart
 .text.vTimerCallbackT35
                0x08005750       0x84 ./MODBUS-LIB/Modbus.o
 .text.vTimerCallbackTimeout
                0x080057d4       0x5c ./MODBUS-LIB/Modbus.o
 .text.StartTaskModbusSlave
                0x08005830      0x1dc ./MODBUS-LIB/Modbus.o
                0x08005830                StartTaskModbusSlave
 .text.ModbusQuery
                0x08005a0c       0x44 ./MODBUS-LIB/Modbus.o
                0x08005a0c                ModbusQuery
 .text.SendQuery
                0x08005a50      0x2d8 ./MODBUS-LIB/Modbus.o
 .text.StartTaskModbusMaster
                0x08005d28      0x1d4 ./MODBUS-LIB/Modbus.o
                0x08005d28                StartTaskModbusMaster
 .text.get_FC1  0x08005efc       0xae ./MODBUS-LIB/Modbus.o
 .text.get_FC3  0x08005faa       0x5c ./MODBUS-LIB/Modbus.o
 *fill*         0x08006006        0x2 
 .text.validateAnswer
                0x08006008       0xe0 ./MODBUS-LIB/Modbus.o
 .text.getRxBuffer
                0x080060e8       0x90 ./MODBUS-LIB/Modbus.o
 .text.validateRequest
                0x08006178      0x294 ./MODBUS-LIB/Modbus.o
 .text.word     0x0800640c       0x24 ./MODBUS-LIB/Modbus.o
 .text.calcCRC  0x08006430       0x8c ./MODBUS-LIB/Modbus.o
                0x08006430                calcCRC
 .text.buildException
                0x080064bc       0x3c ./MODBUS-LIB/Modbus.o
 .text.sendTxBuffer
                0x080064f8      0x16a ./MODBUS-LIB/Modbus.o
 .text.process_FC1
                0x08006662      0x16a ./MODBUS-LIB/Modbus.o
 .text.process_FC3
                0x080067cc       0xd6 ./MODBUS-LIB/Modbus.o
 .text.process_FC5
                0x080068a2       0xb2 ./MODBUS-LIB/Modbus.o
 .text.process_FC6
                0x08006954       0x64 ./MODBUS-LIB/Modbus.o
 .text.process_FC15
                0x080069b8      0x11c ./MODBUS-LIB/Modbus.o
 .text.process_FC16
                0x08006ad4       0xb0 ./MODBUS-LIB/Modbus.o
 .text.HAL_UART_TxCpltCallback
                0x08006b84       0x7c ./MODBUS-LIB/UARTCallback.o
                0x08006b84                HAL_UART_TxCpltCallback
 .text.HAL_UART_RxCpltCallback
                0x08006c00       0xd4 ./MODBUS-LIB/UARTCallback.o
                0x08006c00                HAL_UART_RxCpltCallback
 .text.HAL_UART_ErrorCallback
                0x08006cd4       0xb0 ./MODBUS-LIB/UARTCallback.o
                0x08006cd4                HAL_UART_ErrorCallback
 .text.HAL_UARTEx_RxEventCallback
                0x08006d84      0x110 ./MODBUS-LIB/UARTCallback.o
                0x08006d84                HAL_UARTEx_RxEventCallback
 .text.__NVIC_SetPriority
                0x08006e94       0x54 ./Middlewares/Third_Party/FreeRTOS/Source/CMSIS_RTOS_V2/cmsis_os2.o
 .text.SysTick_Handler
                0x08006ee8       0x20 ./Middlewares/Third_Party/FreeRTOS/Source/CMSIS_RTOS_V2/cmsis_os2.o
                0x08006ee8                SysTick_Handler
 .text.SVC_Setup
                0x08006f08       0x12 ./Middlewares/Third_Party/FreeRTOS/Source/CMSIS_RTOS_V2/cmsis_os2.o
 *fill*         0x08006f1a        0x2 
 .text.osKernelInitialize
                0x08006f1c       0x44 ./Middlewares/Third_Party/FreeRTOS/Source/CMSIS_RTOS_V2/cmsis_os2.o
                0x08006f1c                osKernelInitialize
 .text.osKernelStart
                0x08006f60       0x4c ./Middlewares/Third_Party/FreeRTOS/Source/CMSIS_RTOS_V2/cmsis_os2.o
                0x08006f60                osKernelStart
 .text.osThreadNew
                0x08006fac      0x124 ./Middlewares/Third_Party/FreeRTOS/Source/CMSIS_RTOS_V2/cmsis_os2.o
                0x08006fac                osThreadNew
 .text.osThreadGetId
                0x080070d0       0x16 ./Middlewares/Third_Party/FreeRTOS/Source/CMSIS_RTOS_V2/cmsis_os2.o
                0x080070d0                osThreadGetId
 .text.osDelay  0x080070e6       0x36 ./Middlewares/Third_Party/FreeRTOS/Source/CMSIS_RTOS_V2/cmsis_os2.o
                0x080070e6                osDelay
 .text.osSemaphoreNew
                0x0800711c      0x112 ./Middlewares/Third_Party/FreeRTOS/Source/CMSIS_RTOS_V2/cmsis_os2.o
                0x0800711c                osSemaphoreNew
 *fill*         0x0800722e        0x2 
 .text.osSemaphoreAcquire
                0x08007230       0xa4 ./Middlewares/Third_Party/FreeRTOS/Source/CMSIS_RTOS_V2/cmsis_os2.o
                0x08007230                osSemaphoreAcquire
 .text.osSemaphoreRelease
                0x080072d4       0x88 ./Middlewares/Third_Party/FreeRTOS/Source/CMSIS_RTOS_V2/cmsis_os2.o
                0x080072d4                osSemaphoreRelease
 .text.osMessageQueueNew
                0x0800735c       0xe6 ./Middlewares/Third_Party/FreeRTOS/Source/CMSIS_RTOS_V2/cmsis_os2.o
                0x0800735c                osMessageQueueNew
 *fill*         0x08007442        0x2 
 .text.vApplicationGetIdleTaskMemory
                0x08007444       0x30 ./Middlewares/Third_Party/FreeRTOS/Source/CMSIS_RTOS_V2/cmsis_os2.o
                0x08007444                vApplicationGetIdleTaskMemory
 .text.vApplicationGetTimerTaskMemory
                0x08007474       0x34 ./Middlewares/Third_Party/FreeRTOS/Source/CMSIS_RTOS_V2/cmsis_os2.o
                0x08007474                vApplicationGetTimerTaskMemory
 .text.vListInitialise
                0x080074a8       0x3e ./Middlewares/Third_Party/FreeRTOS/Source/list.o
                0x080074a8                vListInitialise
 .text.vListInitialiseItem
                0x080074e6       0x18 ./Middlewares/Third_Party/FreeRTOS/Source/list.o
                0x080074e6                vListInitialiseItem
 .text.vListInsertEnd
                0x080074fe       0x46 ./Middlewares/Third_Party/FreeRTOS/Source/list.o
                0x080074fe                vListInsertEnd
 .text.vListInsert
                0x08007544       0x70 ./Middlewares/Third_Party/FreeRTOS/Source/list.o
                0x08007544                vListInsert
 .text.uxListRemove
                0x080075b4       0x52 ./Middlewares/Third_Party/FreeRTOS/Source/list.o
                0x080075b4                uxListRemove
 *fill*         0x08007606        0x2 
 .text.xQueueGenericReset
                0x08007608       0xd4 ./Middlewares/Third_Party/FreeRTOS/Source/queue.o
                0x08007608                xQueueGenericReset
 .text.xQueueGenericCreateStatic
                0x080076dc       0xfa ./Middlewares/Third_Party/FreeRTOS/Source/queue.o
                0x080076dc                xQueueGenericCreateStatic
 .text.xQueueGenericCreate
                0x080077d6       0x76 ./Middlewares/Third_Party/FreeRTOS/Source/queue.o
                0x080077d6                xQueueGenericCreate
 .text.prvInitialiseNewQueue
                0x0800784c       0x46 ./Middlewares/Third_Party/FreeRTOS/Source/queue.o
 .text.xQueueCreateCountingSemaphoreStatic
                0x08007892       0x72 ./Middlewares/Third_Party/FreeRTOS/Source/queue.o
                0x08007892                xQueueCreateCountingSemaphoreStatic
 .text.xQueueCreateCountingSemaphore
                0x08007904       0x6a ./Middlewares/Third_Party/FreeRTOS/Source/queue.o
                0x08007904                xQueueCreateCountingSemaphore
 *fill*         0x0800796e        0x2 
 .text.xQueueGenericSend
                0x08007970      0x204 ./Middlewares/Third_Party/FreeRTOS/Source/queue.o
                0x08007970                xQueueGenericSend
 .text.xQueueGenericSendFromISR
                0x08007b74      0x13c ./Middlewares/Third_Party/FreeRTOS/Source/queue.o
                0x08007b74                xQueueGenericSendFromISR
 .text.xQueueGiveFromISR
                0x08007cb0      0x120 ./Middlewares/Third_Party/FreeRTOS/Source/queue.o
                0x08007cb0                xQueueGiveFromISR
 .text.xQueueReceive
                0x08007dd0      0x1c4 ./Middlewares/Third_Party/FreeRTOS/Source/queue.o
                0x08007dd0                xQueueReceive
 .text.xQueueSemaphoreTake
                0x08007f94      0x220 ./Middlewares/Third_Party/FreeRTOS/Source/queue.o
                0x08007f94                xQueueSemaphoreTake
 .text.xQueueReceiveFromISR
                0x080081b4      0x104 ./Middlewares/Third_Party/FreeRTOS/Source/queue.o
                0x080081b4                xQueueReceiveFromISR
 .text.vQueueDelete
                0x080082b8       0x48 ./Middlewares/Third_Party/FreeRTOS/Source/queue.o
                0x080082b8                vQueueDelete
 .text.prvGetDisinheritPriorityAfterTimeout
                0x08008300       0x2e ./Middlewares/Third_Party/FreeRTOS/Source/queue.o
 .text.prvCopyDataToQueue
                0x0800832e       0xd4 ./Middlewares/Third_Party/FreeRTOS/Source/queue.o
 .text.prvCopyDataFromQueue
                0x08008402       0x4c ./Middlewares/Third_Party/FreeRTOS/Source/queue.o
 .text.prvUnlockQueue
                0x0800844e       0xa4 ./Middlewares/Third_Party/FreeRTOS/Source/queue.o
 .text.prvIsQueueEmpty
                0x080084f2       0x2c ./Middlewares/Third_Party/FreeRTOS/Source/queue.o
 .text.prvIsQueueFull
                0x0800851e       0x30 ./Middlewares/Third_Party/FreeRTOS/Source/queue.o
 *fill*         0x0800854e        0x2 
 .text.vQueueAddToRegistry
                0x08008550       0x50 ./Middlewares/Third_Party/FreeRTOS/Source/queue.o
                0x08008550                vQueueAddToRegistry
 .text.vQueueUnregisterQueue
                0x080085a0       0x54 ./Middlewares/Third_Party/FreeRTOS/Source/queue.o
                0x080085a0                vQueueUnregisterQueue
 .text.vQueueWaitForMessageRestricted
                0x080085f4       0x68 ./Middlewares/Third_Party/FreeRTOS/Source/queue.o
                0x080085f4                vQueueWaitForMessageRestricted
 .text.xTaskCreateStatic
                0x0800865c       0xc0 ./Middlewares/Third_Party/FreeRTOS/Source/tasks.o
                0x0800865c                xTaskCreateStatic
 .text.xTaskCreate
                0x0800871c       0x8a ./Middlewares/Third_Party/FreeRTOS/Source/tasks.o
                0x0800871c                xTaskCreate
 *fill*         0x080087a6        0x2 
 .text.prvInitialiseNewTask
                0x080087a8      0x150 ./Middlewares/Third_Party/FreeRTOS/Source/tasks.o
 .text.prvAddNewTaskToReadyList
                0x080088f8       0xe0 ./Middlewares/Third_Party/FreeRTOS/Source/tasks.o
 .text.vTaskDelay
                0x080089d8       0x6c ./Middlewares/Third_Party/FreeRTOS/Source/tasks.o
                0x080089d8                vTaskDelay
 .text.vTaskStartScheduler
                0x08008a44       0xe0 ./Middlewares/Third_Party/FreeRTOS/Source/tasks.o
                0x08008a44                vTaskStartScheduler
 .text.vTaskSuspendAll
                0x08008b24       0x1c ./Middlewares/Third_Party/FreeRTOS/Source/tasks.o
                0x08008b24                vTaskSuspendAll
 .text.xTaskResumeAll
                0x08008b40      0x13c ./Middlewares/Third_Party/FreeRTOS/Source/tasks.o
                0x08008b40                xTaskResumeAll
 .text.xTaskGetTickCount
                0x08008c7c       0x1c ./Middlewares/Third_Party/FreeRTOS/Source/tasks.o
                0x08008c7c                xTaskGetTickCount
 .text.xTaskGetTickCountFromISR
                0x08008c98       0x24 ./Middlewares/Third_Party/FreeRTOS/Source/tasks.o
                0x08008c98                xTaskGetTickCountFromISR
 .text.xTaskIncrementTick
                0x08008cbc      0x174 ./Middlewares/Third_Party/FreeRTOS/Source/tasks.o
                0x08008cbc                xTaskIncrementTick
 .text.vTaskSwitchContext
                0x08008e30       0xc8 ./Middlewares/Third_Party/FreeRTOS/Source/tasks.o
                0x08008e30                vTaskSwitchContext
 .text.vTaskPlaceOnEventList
                0x08008ef8       0x4c ./Middlewares/Third_Party/FreeRTOS/Source/tasks.o
                0x08008ef8                vTaskPlaceOnEventList
 .text.vTaskPlaceOnEventListRestricted
                0x08008f44       0x58 ./Middlewares/Third_Party/FreeRTOS/Source/tasks.o
                0x08008f44                vTaskPlaceOnEventListRestricted
 .text.xTaskRemoveFromEventList
                0x08008f9c       0xc8 ./Middlewares/Third_Party/FreeRTOS/Source/tasks.o
                0x08008f9c                xTaskRemoveFromEventList
 .text.vTaskInternalSetTimeOutState
                0x08009064       0x2c ./Middlewares/Third_Party/FreeRTOS/Source/tasks.o
                0x08009064                vTaskInternalSetTimeOutState
 .text.xTaskCheckForTimeOut
                0x08009090       0xc8 ./Middlewares/Third_Party/FreeRTOS/Source/tasks.o
                0x08009090                xTaskCheckForTimeOut
 .text.vTaskMissedYield
                0x08009158       0x18 ./Middlewares/Third_Party/FreeRTOS/Source/tasks.o
                0x08009158                vTaskMissedYield
 .text.prvIdleTask
                0x08009170       0x30 ./Middlewares/Third_Party/FreeRTOS/Source/tasks.o
 .text.prvInitialiseTaskLists
                0x080091a0       0x80 ./Middlewares/Third_Party/FreeRTOS/Source/tasks.o
 .text.prvCheckTasksWaitingTermination
                0x08009220       0x5c ./Middlewares/Third_Party/FreeRTOS/Source/tasks.o
 .text.prvDeleteTCB
                0x0800927c       0x6a ./Middlewares/Third_Party/FreeRTOS/Source/tasks.o
 *fill*         0x080092e6        0x2 
 .text.prvResetNextTaskUnblockTime
                0x080092e8       0x40 ./Middlewares/Third_Party/FreeRTOS/Source/tasks.o
 .text.xTaskGetCurrentTaskHandle
                0x08009328       0x1c ./Middlewares/Third_Party/FreeRTOS/Source/tasks.o
                0x08009328                xTaskGetCurrentTaskHandle
 .text.xTaskGetSchedulerState
                0x08009344       0x3c ./Middlewares/Third_Party/FreeRTOS/Source/tasks.o
                0x08009344                xTaskGetSchedulerState
 .text.xTaskPriorityInherit
                0x08009380       0xd0 ./Middlewares/Third_Party/FreeRTOS/Source/tasks.o
                0x08009380                xTaskPriorityInherit
 .text.xTaskPriorityDisinherit
                0x08009450       0xe0 ./Middlewares/Third_Party/FreeRTOS/Source/tasks.o
                0x08009450                xTaskPriorityDisinherit
 .text.vTaskPriorityDisinheritAfterTimeout
                0x08009530      0x108 ./Middlewares/Third_Party/FreeRTOS/Source/tasks.o
                0x08009530                vTaskPriorityDisinheritAfterTimeout
 .text.pvTaskIncrementMutexHeldCount
                0x08009638       0x28 ./Middlewares/Third_Party/FreeRTOS/Source/tasks.o
                0x08009638                pvTaskIncrementMutexHeldCount
 .text.ulTaskNotifyTake
                0x08009660       0x98 ./Middlewares/Third_Party/FreeRTOS/Source/tasks.o
                0x08009660                ulTaskNotifyTake
 .text.xTaskGenericNotify
                0x080096f8      0x184 ./Middlewares/Third_Party/FreeRTOS/Source/tasks.o
                0x080096f8                xTaskGenericNotify
 .text.xTaskGenericNotifyFromISR
                0x0800987c      0x1cc ./Middlewares/Third_Party/FreeRTOS/Source/tasks.o
                0x0800987c                xTaskGenericNotifyFromISR
 .text.prvAddCurrentTaskToDelayedList
                0x08009a48       0xa8 ./Middlewares/Third_Party/FreeRTOS/Source/tasks.o
 .text.xTimerCreateTimerTask
                0x08009af0       0x94 ./Middlewares/Third_Party/FreeRTOS/Source/timers.o
                0x08009af0                xTimerCreateTimerTask
 .text.xTimerCreate
                0x08009b84       0x42 ./Middlewares/Third_Party/FreeRTOS/Source/timers.o
                0x08009b84                xTimerCreate
 .text.prvInitialiseNewTimer
                0x08009bc6       0x78 ./Middlewares/Third_Party/FreeRTOS/Source/timers.o
 *fill*         0x08009c3e        0x2 
 .text.xTimerGenericCommand
                0x08009c40       0x9c ./Middlewares/Third_Party/FreeRTOS/Source/timers.o
                0x08009c40                xTimerGenericCommand
 .text.prvProcessExpiredTimer
                0x08009cdc       0x9c ./Middlewares/Third_Party/FreeRTOS/Source/timers.o
 .text.prvTimerTask
                0x08009d78       0x26 ./Middlewares/Third_Party/FreeRTOS/Source/timers.o
 *fill*         0x08009d9e        0x2 
 .text.prvProcessTimerOrBlockTask
                0x08009da0       0x9c ./Middlewares/Third_Party/FreeRTOS/Source/timers.o
 .text.prvGetNextExpireTime
                0x08009e3c       0x44 ./Middlewares/Third_Party/FreeRTOS/Source/timers.o
 .text.prvSampleTimeNow
                0x08009e80       0x40 ./Middlewares/Third_Party/FreeRTOS/Source/timers.o
 .text.prvInsertTimerInActiveList
                0x08009ec0       0x84 ./Middlewares/Third_Party/FreeRTOS/Source/timers.o
 .text.prvProcessReceivedCommands
                0x08009f44      0x1cc ./Middlewares/Third_Party/FreeRTOS/Source/timers.o
 .text.prvSwitchTimerLists
                0x0800a110       0xcc ./Middlewares/Third_Party/FreeRTOS/Source/timers.o
 .text.prvCheckForValidListAndQueue
                0x0800a1dc       0x80 ./Middlewares/Third_Party/FreeRTOS/Source/timers.o
 .text.pxPortInitialiseStack
                0x0800a25c       0x58 ./Middlewares/Third_Party/FreeRTOS/Source/portable/GCC/ARM_CM3/port.o
                0x0800a25c                pxPortInitialiseStack
 .text.prvTaskExitError
                0x0800a2b4       0x58 ./Middlewares/Third_Party/FreeRTOS/Source/portable/GCC/ARM_CM3/port.o
 *fill*         0x0800a30c        0x4 
 .text.SVC_Handler
                0x0800a310       0x28 ./Middlewares/Third_Party/FreeRTOS/Source/portable/GCC/ARM_CM3/port.o
                0x0800a310                SVC_Handler
 .text.prvPortStartFirstTask
                0x0800a338       0x20 ./Middlewares/Third_Party/FreeRTOS/Source/portable/GCC/ARM_CM3/port.o
 .text.xPortStartScheduler
                0x0800a358       0xe4 ./Middlewares/Third_Party/FreeRTOS/Source/portable/GCC/ARM_CM3/port.o
                0x0800a358                xPortStartScheduler
 .text.vPortEnterCritical
                0x0800a43c       0x60 ./Middlewares/Third_Party/FreeRTOS/Source/portable/GCC/ARM_CM3/port.o
                0x0800a43c                vPortEnterCritical
 .text.vPortExitCritical
                0x0800a49c       0x54 ./Middlewares/Third_Party/FreeRTOS/Source/portable/GCC/ARM_CM3/port.o
                0x0800a49c                vPortExitCritical
 .text.PendSV_Handler
                0x0800a4f0       0x48 ./Middlewares/Third_Party/FreeRTOS/Source/portable/GCC/ARM_CM3/port.o
                0x0800a4f0                PendSV_Handler
 .text.xPortSysTickHandler
                0x0800a538       0x44 ./Middlewares/Third_Party/FreeRTOS/Source/portable/GCC/ARM_CM3/port.o
                0x0800a538                xPortSysTickHandler
 .text.vPortSetupTimerInterrupt
                0x0800a57c       0x44 ./Middlewares/Third_Party/FreeRTOS/Source/portable/GCC/ARM_CM3/port.o
                0x0800a57c                vPortSetupTimerInterrupt
 .text.vPortValidateInterruptPriority
                0x0800a5c0       0x80 ./Middlewares/Third_Party/FreeRTOS/Source/portable/GCC/ARM_CM3/port.o
                0x0800a5c0                vPortValidateInterruptPriority
 .text.pvPortMalloc
                0x0800a640      0x19c ./Middlewares/Third_Party/FreeRTOS/Source/portable/MemMang/heap_4.o
                0x0800a640                pvPortMalloc
 .text.vPortFree
                0x0800a7dc       0xc8 ./Middlewares/Third_Party/FreeRTOS/Source/portable/MemMang/heap_4.o
                0x0800a7dc                vPortFree
 .text.prvHeapInit
                0x0800a8a4       0xc4 ./Middlewares/Third_Party/FreeRTOS/Source/portable/MemMang/heap_4.o
 .text.prvInsertBlockIntoFreeList
                0x0800a968       0xb0 ./Middlewares/Third_Party/FreeRTOS/Source/portable/MemMang/heap_4.o
 .text.memset   0x0800aa18       0x10 E:/ST/STM32CubeIDE_1.17.0/STM32CubeIDE/plugins/com.st.stm32cube.ide.mcu.externaltools.gnu-tools-for-stm32.13.3.rel1.win32_1.0.0.202411081344/tools/bin/../lib/gcc/arm-none-eabi/13.3.1/../../../../arm-none-eabi/lib/thumb/v7-m/nofp\libc_nano.a(libc_a-memset.o)
                0x0800aa18                memset
 .text._reclaim_reent
                0x0800aa28       0xbc E:/ST/STM32CubeIDE_1.17.0/STM32CubeIDE/plugins/com.st.stm32cube.ide.mcu.externaltools.gnu-tools-for-stm32.13.3.rel1.win32_1.0.0.202411081344/tools/bin/../lib/gcc/arm-none-eabi/13.3.1/../../../../arm-none-eabi/lib/thumb/v7-m/nofp\libc_nano.a(libc_a-reent.o)
                0x0800aa28                _reclaim_reent
 .text.__libc_init_array
                0x0800aae4       0x48 E:/ST/STM32CubeIDE_1.17.0/STM32CubeIDE/plugins/com.st.stm32cube.ide.mcu.externaltools.gnu-tools-for-stm32.13.3.rel1.win32_1.0.0.202411081344/tools/bin/../lib/gcc/arm-none-eabi/13.3.1/../../../../arm-none-eabi/lib/thumb/v7-m/nofp\libc_nano.a(libc_a-init.o)
                0x0800aae4                __libc_init_array
 .text.__retarget_lock_acquire_recursive
                0x0800ab2c        0x2 E:/ST/STM32CubeIDE_1.17.0/STM32CubeIDE/plugins/com.st.stm32cube.ide.mcu.externaltools.gnu-tools-for-stm32.13.3.rel1.win32_1.0.0.202411081344/tools/bin/../lib/gcc/arm-none-eabi/13.3.1/../../../../arm-none-eabi/lib/thumb/v7-m/nofp\libc_nano.a(libc_a-lock.o)
                0x0800ab2c                __retarget_lock_acquire_recursive
 .text.__retarget_lock_release_recursive
                0x0800ab2e        0x2 E:/ST/STM32CubeIDE_1.17.0/STM32CubeIDE/plugins/com.st.stm32cube.ide.mcu.externaltools.gnu-tools-for-stm32.13.3.rel1.win32_1.0.0.202411081344/tools/bin/../lib/gcc/arm-none-eabi/13.3.1/../../../../arm-none-eabi/lib/thumb/v7-m/nofp\libc_nano.a(libc_a-lock.o)
                0x0800ab2e                __retarget_lock_release_recursive
 .text.memcpy   0x0800ab30       0x1c E:/ST/STM32CubeIDE_1.17.0/STM32CubeIDE/plugins/com.st.stm32cube.ide.mcu.externaltools.gnu-tools-for-stm32.13.3.rel1.win32_1.0.0.202411081344/tools/bin/../lib/gcc/arm-none-eabi/13.3.1/../../../../arm-none-eabi/lib/thumb/v7-m/nofp\libc_nano.a(libc_a-memcpy-stub.o)
                0x0800ab30                memcpy
 .text._free_r  0x0800ab4c       0x90 E:/ST/STM32CubeIDE_1.17.0/STM32CubeIDE/plugins/com.st.stm32cube.ide.mcu.externaltools.gnu-tools-for-stm32.13.3.rel1.win32_1.0.0.202411081344/tools/bin/../lib/gcc/arm-none-eabi/13.3.1/../../../../arm-none-eabi/lib/thumb/v7-m/nofp\libc_nano.a(libc_a-freer.o)
                0x0800ab4c                _free_r
 .text.__malloc_lock
                0x0800abdc        0xc E:/ST/STM32CubeIDE_1.17.0/STM32CubeIDE/plugins/com.st.stm32cube.ide.mcu.externaltools.gnu-tools-for-stm32.13.3.rel1.win32_1.0.0.202411081344/tools/bin/../lib/gcc/arm-none-eabi/13.3.1/../../../../arm-none-eabi/lib/thumb/v7-m/nofp\libc_nano.a(libc_a-mlock.o)
                0x0800abdc                __malloc_lock
 .text.__malloc_unlock
                0x0800abe8        0xc E:/ST/STM32CubeIDE_1.17.0/STM32CubeIDE/plugins/com.st.stm32cube.ide.mcu.externaltools.gnu-tools-for-stm32.13.3.rel1.win32_1.0.0.202411081344/tools/bin/../lib/gcc/arm-none-eabi/13.3.1/../../../../arm-none-eabi/lib/thumb/v7-m/nofp\libc_nano.a(libc_a-mlock.o)
                0x0800abe8                __malloc_unlock
 *(.glue_7)
 .glue_7        0x0800abf4        0x0 linker stubs
 *(.glue_7t)
 .glue_7t       0x0800abf4        0x0 linker stubs
 *(.eh_frame)
 .eh_frame      0x0800abf4        0x0 E:/ST/STM32CubeIDE_1.17.0/STM32CubeIDE/plugins/com.st.stm32cube.ide.mcu.externaltools.gnu-tools-for-stm32.13.3.rel1.win32_1.0.0.202411081344/tools/bin/../lib/gcc/arm-none-eabi/13.3.1/thumb/v7-m/nofp/crtbegin.o
 *(.init)
 .init          0x0800abf4        0x4 E:/ST/STM32CubeIDE_1.17.0/STM32CubeIDE/plugins/com.st.stm32cube.ide.mcu.externaltools.gnu-tools-for-stm32.13.3.rel1.win32_1.0.0.202411081344/tools/bin/../lib/gcc/arm-none-eabi/13.3.1/thumb/v7-m/nofp/crti.o
                0x0800abf4                _init
 .init          0x0800abf8        0x8 E:/ST/STM32CubeIDE_1.17.0/STM32CubeIDE/plugins/com.st.stm32cube.ide.mcu.externaltools.gnu-tools-for-stm32.13.3.rel1.win32_1.0.0.202411081344/tools/bin/../lib/gcc/arm-none-eabi/13.3.1/thumb/v7-m/nofp/crtn.o
 *(.fini)
 .fini          0x0800ac00        0x4 E:/ST/STM32CubeIDE_1.17.0/STM32CubeIDE/plugins/com.st.stm32cube.ide.mcu.externaltools.gnu-tools-for-stm32.13.3.rel1.win32_1.0.0.202411081344/tools/bin/../lib/gcc/arm-none-eabi/13.3.1/thumb/v7-m/nofp/crti.o
                0x0800ac00                _fini
 .fini          0x0800ac04        0x8 E:/ST/STM32CubeIDE_1.17.0/STM32CubeIDE/plugins/com.st.stm32cube.ide.mcu.externaltools.gnu-tools-for-stm32.13.3.rel1.win32_1.0.0.202411081344/tools/bin/../lib/gcc/arm-none-eabi/13.3.1/thumb/v7-m/nofp/crtn.o
                0x0800ac0c                        . = ALIGN (0x4)
                0x0800ac0c                        _etext = .

.vfp11_veneer   0x0800ac0c        0x0
 .vfp11_veneer  0x0800ac0c        0x0 linker stubs

.v4_bx          0x0800ac0c        0x0
 .v4_bx         0x0800ac0c        0x0 linker stubs

.iplt           0x0800ac0c        0x0
 .iplt          0x0800ac0c        0x0 E:/ST/STM32CubeIDE_1.17.0/STM32CubeIDE/plugins/com.st.stm32cube.ide.mcu.externaltools.gnu-tools-for-stm32.13.3.rel1.win32_1.0.0.202411081344/tools/bin/../lib/gcc/arm-none-eabi/13.3.1/thumb/v7-m/nofp/crtbegin.o

.rodata         0x0800ac0c      0x270
                0x0800ac0c                        . = ALIGN (0x4)
 *(.rodata)
 .rodata        0x0800ac0c       0x48 ./APP/app_states.o
 .rodata        0x0800ac54       0x4f ./Core/Src/freertos.o
 *fill*         0x0800aca3        0x1 
 .rodata        0x0800aca4       0x1f ./HSM/hsm.o
 *fill*         0x0800acc3        0x1 
 .rodata        0x0800acc4       0x5d ./MODBUS-LIB/Modbus.o
 *fill*         0x0800ad21        0x3 
 .rodata        0x0800ad24        0x5 ./Middlewares/Third_Party/FreeRTOS/Source/tasks.o
 *fill*         0x0800ad29        0x3 
 .rodata        0x0800ad2c        0xd ./Middlewares/Third_Party/FreeRTOS/Source/timers.o
 *(.rodata*)
 *fill*         0x0800ad39        0x3 
 .rodata.defaultTask_attributes
                0x0800ad3c       0x24 ./Core/Src/freertos.o
                0x0800ad3c                defaultTask_attributes
 .rodata.readBatteryTask_attributes
                0x0800ad60       0x24 ./Core/Src/freertos.o
                0x0800ad60                readBatteryTask_attributes
 .rodata.commTask_attributes
                0x0800ad84       0x24 ./Core/Src/freertos.o
                0x0800ad84                commTask_attributes
 .rodata.binsemaModbusMaster_attributes
                0x0800ada8       0x10 ./Core/Src/freertos.o
                0x0800ada8                binsemaModbusMaster_attributes
 .rodata.binsemaModbusSlave_attributes
                0x0800adb8       0x10 ./Core/Src/freertos.o
                0x0800adb8                binsemaModbusSlave_attributes
 .rodata.AHBPrescTable
                0x0800adc8       0x10 ./Core/Src/system_stm32f1xx.o
                0x0800adc8                AHBPrescTable
 .rodata.APBPrescTable
                0x0800add8        0x8 ./Core/Src/system_stm32f1xx.o
                0x0800add8                APBPrescTable
 .rodata.aPLLMULFactorTable.1
                0x0800ade0       0x10 ./Drivers/STM32F1xx_HAL_Driver/Src/stm32f1xx_hal_rcc.o
 .rodata.aPredivFactorTable.0
                0x0800adf0        0x2 ./Drivers/STM32F1xx_HAL_Driver/Src/stm32f1xx_hal_rcc.o
 *fill*         0x0800adf2        0x2 
 .rodata.HSM_ROOT
                0x0800adf4       0x10 ./HSM/hsm.o
                0x0800adf4                HSM_ROOT
 .rodata.QueueTelegram_attributes
                0x0800ae04       0x18 ./MODBUS-LIB/Modbus.o
                0x0800ae04                QueueTelegram_attributes
 .rodata.myTaskModbusA_attributes
                0x0800ae1c       0x24 ./MODBUS-LIB/Modbus.o
                0x0800ae1c                myTaskModbusA_attributes
 .rodata.myTaskModbusB_attributes
                0x0800ae40       0x24 ./MODBUS-LIB/Modbus.o
                0x0800ae40                myTaskModbusB_attributes
 .rodata.ModBusSphr_attributes
                0x0800ae64       0x10 ./MODBUS-LIB/Modbus.o
                0x0800ae64                ModBusSphr_attributes
 .rodata.fctsupported
                0x0800ae74        0x8 ./MODBUS-LIB/Modbus.o
                0x0800ae74                fctsupported
                0x0800ae7c                        . = ALIGN (0x4)

.ARM.extab      0x0800ae7c        0x0
                0x0800ae7c                        . = ALIGN (0x4)
 *(.ARM.extab* .gnu.linkonce.armextab.*)
                0x0800ae7c                        . = ALIGN (0x4)

.ARM            0x0800ae7c        0x0
                0x0800ae7c                        . = ALIGN (0x4)
                0x0800ae7c                        __exidx_start = .
 *(.ARM.exidx*)
                0x0800ae7c                        __exidx_end = .
                0x0800ae7c                        . = ALIGN (0x4)

.preinit_array  0x0800ae7c        0x0
                0x0800ae7c                        . = ALIGN (0x4)
                0x0800ae7c                        PROVIDE (__preinit_array_start = .)
 *(.preinit_array*)
                0x0800ae7c                        PROVIDE (__preinit_array_end = .)
                0x0800ae7c                        . = ALIGN (0x4)

.init_array     0x0800ae7c        0x4
                0x0800ae7c                        . = ALIGN (0x4)
                0x0800ae7c                        PROVIDE (__init_array_start = .)
 *(SORT_BY_NAME(.init_array.*))
 *(.init_array*)
 .init_array    0x0800ae7c        0x4 E:/ST/STM32CubeIDE_1.17.0/STM32CubeIDE/plugins/com.st.stm32cube.ide.mcu.externaltools.gnu-tools-for-stm32.13.3.rel1.win32_1.0.0.202411081344/tools/bin/../lib/gcc/arm-none-eabi/13.3.1/thumb/v7-m/nofp/crtbegin.o
                0x0800ae80                        PROVIDE (__init_array_end = .)
                0x0800ae80                        . = ALIGN (0x4)

.fini_array     0x0800ae80        0x4
                0x0800ae80                        . = ALIGN (0x4)
                [!provide]                        PROVIDE (__fini_array_start = .)
 *(SORT_BY_NAME(.fini_array.*))
 *(.fini_array*)
 .fini_array    0x0800ae80        0x4 E:/ST/STM32CubeIDE_1.17.0/STM32CubeIDE/plugins/com.st.stm32cube.ide.mcu.externaltools.gnu-tools-for-stm32.13.3.rel1.win32_1.0.0.202411081344/tools/bin/../lib/gcc/arm-none-eabi/13.3.1/thumb/v7-m/nofp/crtbegin.o
                [!provide]                        PROVIDE (__fini_array_end = .)
                0x0800ae84                        . = ALIGN (0x4)
                0x0800ae84                        _sidata = LOADADDR (.data)

.rel.dyn        0x0800ae84        0x0
 .rel.iplt      0x0800ae84        0x0 E:/ST/STM32CubeIDE_1.17.0/STM32CubeIDE/plugins/com.st.stm32cube.ide.mcu.externaltools.gnu-tools-for-stm32.13.3.rel1.win32_1.0.0.202411081344/tools/bin/../lib/gcc/arm-none-eabi/13.3.1/thumb/v7-m/nofp/crtbegin.o

.data           0x20000000       0x78 load address 0x0800ae84
                0x20000000                        . = ALIGN (0x4)
                0x20000000                        _sdata = .
 *(.data)
 *(.data*)
 .data.hsmt_custom_tick_att
                0x20000000        0x8 ./APP/app_states.o
 .data.hsmt_turn_off_led_stt_tick_att
                0x20000008        0x8 ./APP/app_states.o
 .data.hsmt_setting_done_tick_att
                0x20000010        0x8 ./APP/app_states.o
 .data.SystemCoreClock
                0x20000018        0x4 ./Core/Src/system_stm32f1xx.o
                0x20000018                SystemCoreClock
 .data.uwTickPrio
                0x2000001c        0x4 ./Drivers/STM32F1xx_HAL_Driver/Src/stm32f1xx_hal.o
                0x2000001c                uwTickPrio
 .data.uwTickFreq
                0x20000020        0x1 ./Drivers/STM32F1xx_HAL_Driver/Src/stm32f1xx_hal.o
                0x20000020                uwTickFreq
 *fill*         0x20000021        0x3 
 .data.uxCriticalNesting
                0x20000024        0x4 ./Middlewares/Third_Party/FreeRTOS/Source/portable/GCC/ARM_CM3/port.o
 .data._impure_ptr
                0x20000028        0x4 E:/ST/STM32CubeIDE_1.17.0/STM32CubeIDE/plugins/com.st.stm32cube.ide.mcu.externaltools.gnu-tools-for-stm32.13.3.rel1.win32_1.0.0.202411081344/tools/bin/../lib/gcc/arm-none-eabi/13.3.1/../../../../arm-none-eabi/lib/thumb/v7-m/nofp\libc_nano.a(libc_a-impure.o)
                0x20000028                _impure_ptr
 .data._impure_data
                0x2000002c       0x4c E:/ST/STM32CubeIDE_1.17.0/STM32CubeIDE/plugins/com.st.stm32cube.ide.mcu.externaltools.gnu-tools-for-stm32.13.3.rel1.win32_1.0.0.202411081344/tools/bin/../lib/gcc/arm-none-eabi/13.3.1/../../../../arm-none-eabi/lib/thumb/v7-m/nofp\libc_nano.a(libc_a-impure.o)
                0x2000002c                _impure_data
 *(.RamFunc)
 *(.RamFunc*)
                0x20000078                        . = ALIGN (0x4)
                0x20000078                        _edata = .

.igot.plt       0x20000078        0x0 load address 0x0800aefc
 .igot.plt      0x20000078        0x0 E:/ST/STM32CubeIDE_1.17.0/STM32CubeIDE/plugins/com.st.stm32cube.ide.mcu.externaltools.gnu-tools-for-stm32.13.3.rel1.win32_1.0.0.202411081344/tools/bin/../lib/gcc/arm-none-eabi/13.3.1/thumb/v7-m/nofp/crtbegin.o
                0x20000078                        . = ALIGN (0x4)

.bss            0x20000078     0x33a0 load address 0x0800aefc
                0x20000078                        _sbss = .
                0x20000078                        __bss_start__ = _sbss
 *(.bss)
 .bss           0x20000078       0x1c E:/ST/STM32CubeIDE_1.17.0/STM32CubeIDE/plugins/com.st.stm32cube.ide.mcu.externaltools.gnu-tools-for-stm32.13.3.rel1.win32_1.0.0.202411081344/tools/bin/../lib/gcc/arm-none-eabi/13.3.1/thumb/v7-m/nofp/crtbegin.o
 *(.bss*)
 .bss.app_state_setting_baudrate
                0x20000094       0x10 ./APP/app_states.o
 .bss.app_state_run
                0x200000a4       0x10 ./APP/app_states.o
 .bss.app_state_stop
                0x200000b4       0x10 ./APP/app_states.o
 .bss.hsmt_custom_tick_handle
                0x200000c4        0x4 ./APP/app_states.o
 .bss.hsmt_turn_off_led_stt_tick_handle
                0x200000c8        0x4 ./APP/app_states.o
 .bss.hsmt_setting_done_tick_handle
                0x200000cc        0x4 ./APP/app_states.o
 .bss.device    0x200000d0      0x384 ./Core/Src/freertos.o
                0x200000d0                device
 .bss.defaultTaskHandle
                0x20000454        0x4 ./Core/Src/freertos.o
                0x20000454                defaultTaskHandle
 .bss.readBatteryTaskHandle
                0x20000458        0x4 ./Core/Src/freertos.o
                0x20000458                readBatteryTaskHandle
 .bss.commTaskHandle
                0x2000045c        0x4 ./Core/Src/freertos.o
                0x2000045c                commTaskHandle
 .bss.binsemaModbusMasterHandle
                0x20000460        0x4 ./Core/Src/freertos.o
                0x20000460                binsemaModbusMasterHandle
 .bss.binsemaModbusSlaveHandle
                0x20000464        0x4 ./Core/Src/freertos.o
                0x20000464                binsemaModbusSlaveHandle
 .bss.timeout_count.0
                0x20000468        0x2 ./Core/Src/freertos.o
 *fill*         0x2000046a        0x2 
 .bss.htim1     0x2000046c       0x48 ./Core/Src/stm32f1xx_hal_timebase_tim.o
                0x2000046c                htim1
 .bss.htim2     0x200004b4       0x48 ./Core/Src/tim.o
                0x200004b4                htim2
 .bss.huart2    0x200004fc       0x48 ./Core/Src/usart.o
                0x200004fc                huart2
 .bss.huart3    0x20000544       0x48 ./Core/Src/usart.o
                0x20000544                huart3
 .bss.hdma_usart2_rx
                0x2000058c       0x44 ./Core/Src/usart.o
                0x2000058c                hdma_usart2_rx
 .bss.hdma_usart2_tx
                0x200005d0       0x44 ./Core/Src/usart.o
                0x200005d0                hdma_usart2_tx
 .bss.hdma_usart3_rx
                0x20000614       0x44 ./Core/Src/usart.o
                0x20000614                hdma_usart3_rx
 .bss.hdma_usart3_tx
                0x20000658       0x44 ./Core/Src/usart.o
                0x20000658                hdma_usart3_tx
 .bss.uwTick    0x2000069c        0x4 ./Drivers/STM32F1xx_HAL_Driver/Src/stm32f1xx_hal.o
                0x2000069c                uwTick
 .bss.pFlash    0x200006a0       0x20 ./Drivers/STM32F1xx_HAL_Driver/Src/stm32f1xx_hal_flash.o
                0x200006a0                pFlash
 .bss.eeHandle  0x200006c0       0x14 ./EE/ee.o
                0x200006c0                eeHandle
 .bss.timerPool
                0x200006d4      0x540 ./HSM/hsm_timer.o
 .bss.timerAllocated
                0x20000c14       0x10 ./HSM/hsm_timer.o
 .bss.timerRuntime
                0x20000c24       0xc0 ./HSM/hsm_timer.o
 .bss.mHandlers
                0x20000ce4        0x8 ./MODBUS-LIB/Modbus.o
                0x20000ce4                mHandlers
 .bss.numberHandlers
                0x20000cec        0x1 ./MODBUS-LIB/Modbus.o
                0x20000cec                numberHandlers
 *fill*         0x20000ced        0x3 
 .bss.KernelState
                0x20000cf0        0x4 ./Middlewares/Third_Party/FreeRTOS/Source/CMSIS_RTOS_V2/cmsis_os2.o
 .bss.Idle_TCB.3
                0x20000cf4       0xa8 ./Middlewares/Third_Party/FreeRTOS/Source/CMSIS_RTOS_V2/cmsis_os2.o
 .bss.Idle_Stack.2
                0x20000d9c      0x200 ./Middlewares/Third_Party/FreeRTOS/Source/CMSIS_RTOS_V2/cmsis_os2.o
 .bss.Timer_TCB.1
                0x20000f9c       0xa8 ./Middlewares/Third_Party/FreeRTOS/Source/CMSIS_RTOS_V2/cmsis_os2.o
 .bss.Timer_Stack.0
                0x20001044      0x400 ./Middlewares/Third_Party/FreeRTOS/Source/CMSIS_RTOS_V2/cmsis_os2.o
 .bss.xQueueRegistry
                0x20001444       0x40 ./Middlewares/Third_Party/FreeRTOS/Source/queue.o
                0x20001444                xQueueRegistry
 .bss.pxCurrentTCB
                0x20001484        0x4 ./Middlewares/Third_Party/FreeRTOS/Source/tasks.o
                0x20001484                pxCurrentTCB
 .bss.pxReadyTasksLists
                0x20001488      0x460 ./Middlewares/Third_Party/FreeRTOS/Source/tasks.o
 .bss.xDelayedTaskList1
                0x200018e8       0x14 ./Middlewares/Third_Party/FreeRTOS/Source/tasks.o
 .bss.xDelayedTaskList2
                0x200018fc       0x14 ./Middlewares/Third_Party/FreeRTOS/Source/tasks.o
 .bss.pxDelayedTaskList
                0x20001910        0x4 ./Middlewares/Third_Party/FreeRTOS/Source/tasks.o
 .bss.pxOverflowDelayedTaskList
                0x20001914        0x4 ./Middlewares/Third_Party/FreeRTOS/Source/tasks.o
 .bss.xPendingReadyList
                0x20001918       0x14 ./Middlewares/Third_Party/FreeRTOS/Source/tasks.o
 .bss.xTasksWaitingTermination
                0x2000192c       0x14 ./Middlewares/Third_Party/FreeRTOS/Source/tasks.o
 .bss.uxDeletedTasksWaitingCleanUp
                0x20001940        0x4 ./Middlewares/Third_Party/FreeRTOS/Source/tasks.o
 .bss.xSuspendedTaskList
                0x20001944       0x14 ./Middlewares/Third_Party/FreeRTOS/Source/tasks.o
 .bss.uxCurrentNumberOfTasks
                0x20001958        0x4 ./Middlewares/Third_Party/FreeRTOS/Source/tasks.o
 .bss.xTickCount
                0x2000195c        0x4 ./Middlewares/Third_Party/FreeRTOS/Source/tasks.o
 .bss.uxTopReadyPriority
                0x20001960        0x4 ./Middlewares/Third_Party/FreeRTOS/Source/tasks.o
 .bss.xSchedulerRunning
                0x20001964        0x4 ./Middlewares/Third_Party/FreeRTOS/Source/tasks.o
 .bss.xPendedTicks
                0x20001968        0x4 ./Middlewares/Third_Party/FreeRTOS/Source/tasks.o
 .bss.xYieldPending
                0x2000196c        0x4 ./Middlewares/Third_Party/FreeRTOS/Source/tasks.o
 .bss.xNumOfOverflows
                0x20001970        0x4 ./Middlewares/Third_Party/FreeRTOS/Source/tasks.o
 .bss.uxTaskNumber
                0x20001974        0x4 ./Middlewares/Third_Party/FreeRTOS/Source/tasks.o
 .bss.xNextTaskUnblockTime
                0x20001978        0x4 ./Middlewares/Third_Party/FreeRTOS/Source/tasks.o
 .bss.xIdleTaskHandle
                0x2000197c        0x4 ./Middlewares/Third_Party/FreeRTOS/Source/tasks.o
 .bss.uxSchedulerSuspended
                0x20001980        0x4 ./Middlewares/Third_Party/FreeRTOS/Source/tasks.o
 .bss.xActiveTimerList1
                0x20001984       0x14 ./Middlewares/Third_Party/FreeRTOS/Source/timers.o
 .bss.xActiveTimerList2
                0x20001998       0x14 ./Middlewares/Third_Party/FreeRTOS/Source/timers.o
 .bss.pxCurrentTimerList
                0x200019ac        0x4 ./Middlewares/Third_Party/FreeRTOS/Source/timers.o
 .bss.pxOverflowTimerList
                0x200019b0        0x4 ./Middlewares/Third_Party/FreeRTOS/Source/timers.o
 .bss.xTimerQueue
                0x200019b4        0x4 ./Middlewares/Third_Party/FreeRTOS/Source/timers.o
 .bss.xTimerTaskHandle
                0x200019b8        0x4 ./Middlewares/Third_Party/FreeRTOS/Source/timers.o
 .bss.xLastTime.2
                0x200019bc        0x4 ./Middlewares/Third_Party/FreeRTOS/Source/timers.o
 .bss.ucStaticTimerQueueStorage.1
                0x200019c0       0xa0 ./Middlewares/Third_Party/FreeRTOS/Source/timers.o
 .bss.xStaticTimerQueue.0
                0x20001a60       0x50 ./Middlewares/Third_Party/FreeRTOS/Source/timers.o
 .bss.ucMaxSysCallPriority
                0x20001ab0        0x1 ./Middlewares/Third_Party/FreeRTOS/Source/portable/GCC/ARM_CM3/port.o
 *fill*         0x20001ab1        0x3 
 .bss.ulMaxPRIGROUPValue
                0x20001ab4        0x4 ./Middlewares/Third_Party/FreeRTOS/Source/portable/GCC/ARM_CM3/port.o
 .bss.ucHeap    0x20001ab8     0x1800 ./Middlewares/Third_Party/FreeRTOS/Source/portable/MemMang/heap_4.o
 .bss.xStart    0x200032b8        0x8 ./Middlewares/Third_Party/FreeRTOS/Source/portable/MemMang/heap_4.o
 .bss.pxEnd     0x200032c0        0x4 ./Middlewares/Third_Party/FreeRTOS/Source/portable/MemMang/heap_4.o
 .bss.xFreeBytesRemaining
                0x200032c4        0x4 ./Middlewares/Third_Party/FreeRTOS/Source/portable/MemMang/heap_4.o
 .bss.xMinimumEverFreeBytesRemaining
                0x200032c8        0x4 ./Middlewares/Third_Party/FreeRTOS/Source/portable/MemMang/heap_4.o
 .bss.xNumberOfSuccessfulAllocations
                0x200032cc        0x4 ./Middlewares/Third_Party/FreeRTOS/Source/portable/MemMang/heap_4.o
 .bss.xNumberOfSuccessfulFrees
                0x200032d0        0x4 ./Middlewares/Third_Party/FreeRTOS/Source/portable/MemMang/heap_4.o
 .bss.xBlockAllocatedBit
                0x200032d4        0x4 ./Middlewares/Third_Party/FreeRTOS/Source/portable/MemMang/heap_4.o
 .bss.__sf      0x200032d8      0x138 E:/ST/STM32CubeIDE_1.17.0/STM32CubeIDE/plugins/com.st.stm32cube.ide.mcu.externaltools.gnu-tools-for-stm32.13.3.rel1.win32_1.0.0.202411081344/tools/bin/../lib/gcc/arm-none-eabi/13.3.1/../../../../arm-none-eabi/lib/thumb/v7-m/nofp\libc_nano.a(libc_a-findfp.o)
                0x200032d8                __sf
 .bss.__lock___malloc_recursive_mutex
                0x20003410        0x1 E:/ST/STM32CubeIDE_1.17.0/STM32CubeIDE/plugins/com.st.stm32cube.ide.mcu.externaltools.gnu-tools-for-stm32.13.3.rel1.win32_1.0.0.202411081344/tools/bin/../lib/gcc/arm-none-eabi/13.3.1/../../../../arm-none-eabi/lib/thumb/v7-m/nofp\libc_nano.a(libc_a-lock.o)
                0x20003410                __lock___malloc_recursive_mutex
 *fill*         0x20003411        0x3 
 .bss.__malloc_free_list
                0x20003414        0x4 E:/ST/STM32CubeIDE_1.17.0/STM32CubeIDE/plugins/com.st.stm32cube.ide.mcu.externaltools.gnu-tools-for-stm32.13.3.rel1.win32_1.0.0.202411081344/tools/bin/../lib/gcc/arm-none-eabi/13.3.1/../../../../arm-none-eabi/lib/thumb/v7-m/nofp\libc_nano.a(libc_a-mallocr.o)
                0x20003414                __malloc_free_list
 *(COMMON)
                0x20003418                        . = ALIGN (0x4)
                0x20003418                        _ebss = .
                0x20003418                        __bss_end__ = _ebss

._user_heap_stack
                0x20003418      0x600 load address 0x0800aefc
                0x20003418                        . = ALIGN (0x8)
                [!provide]                        PROVIDE (end = .)
                0x20003418                        PROVIDE (_end = .)
                0x20003618                        . = (. + _Min_Heap_Size)
 *fill*         0x20003418      0x200 
                0x20003a18                        . = (. + _Min_Stack_Size)
 *fill*         0x20003618      0x400 
                0x20003a18                        . = ALIGN (0x8)

/DISCARD/
 libc.a(*)
 libm.a(*)
 libgcc.a(*)

.ARM.attributes
                0x00000000       0x29
 *(.ARM.attributes)
 .ARM.attributes
                0x00000000       0x1d E:/ST/STM32CubeIDE_1.17.0/STM32CubeIDE/plugins/com.st.stm32cube.ide.mcu.externaltools.gnu-tools-for-stm32.13.3.rel1.win32_1.0.0.202411081344/tools/bin/../lib/gcc/arm-none-eabi/13.3.1/thumb/v7-m/nofp/crti.o
 .ARM.attributes
                0x0000001d       0x2d E:/ST/STM32CubeIDE_1.17.0/STM32CubeIDE/plugins/com.st.stm32cube.ide.mcu.externaltools.gnu-tools-for-stm32.13.3.rel1.win32_1.0.0.202411081344/tools/bin/../lib/gcc/arm-none-eabi/13.3.1/thumb/v7-m/nofp/crtbegin.o
 .ARM.attributes
                0x0000004a       0x2d ./APP/app_params.o
 .ARM.attributes
                0x00000077       0x2d ./APP/app_states.o
 .ARM.attributes
                0x000000a4       0x2d ./Core/Src/dma.o
 .ARM.attributes
                0x000000d1       0x2d ./Core/Src/freertos.o
 .ARM.attributes
                0x000000fe       0x2d ./Core/Src/gpio.o
 .ARM.attributes
                0x0000012b       0x2d ./Core/Src/main.o
 .ARM.attributes
                0x00000158       0x2d ./Core/Src/stm32f1xx_hal_msp.o
 .ARM.attributes
                0x00000185       0x2d ./Core/Src/stm32f1xx_hal_timebase_tim.o
 .ARM.attributes
                0x000001b2       0x2d ./Core/Src/stm32f1xx_it.o
 .ARM.attributes
                0x000001df       0x2d ./Core/Src/system_stm32f1xx.o
 .ARM.attributes
                0x0000020c       0x2d ./Core/Src/tim.o
 .ARM.attributes
                0x00000239       0x2d ./Core/Src/usart.o
 .ARM.attributes
                0x00000266       0x21 ./Core/Startup/startup_stm32f103c8tx.o
 .ARM.attributes
                0x00000287       0x2d ./Drivers/STM32F1xx_HAL_Driver/Src/stm32f1xx_hal.o
 .ARM.attributes
                0x000002b4       0x2d ./Drivers/STM32F1xx_HAL_Driver/Src/stm32f1xx_hal_cortex.o
 .ARM.attributes
                0x000002e1       0x2d ./Drivers/STM32F1xx_HAL_Driver/Src/stm32f1xx_hal_dma.o
 .ARM.attributes
                0x0000030e       0x2d ./Drivers/STM32F1xx_HAL_Driver/Src/stm32f1xx_hal_flash.o
 .ARM.attributes
                0x0000033b       0x2d ./Drivers/STM32F1xx_HAL_Driver/Src/stm32f1xx_hal_flash_ex.o
 .ARM.attributes
                0x00000368       0x2d ./Drivers/STM32F1xx_HAL_Driver/Src/stm32f1xx_hal_gpio.o
 .ARM.attributes
                0x00000395       0x2d ./Drivers/STM32F1xx_HAL_Driver/Src/stm32f1xx_hal_rcc.o
 .ARM.attributes
                0x000003c2       0x2d ./Drivers/STM32F1xx_HAL_Driver/Src/stm32f1xx_hal_tim.o
 .ARM.attributes
                0x000003ef       0x2d ./Drivers/STM32F1xx_HAL_Driver/Src/stm32f1xx_hal_tim_ex.o
 .ARM.attributes
                0x0000041c       0x2d ./Drivers/STM32F1xx_HAL_Driver/Src/stm32f1xx_hal_uart.o
 .ARM.attributes
                0x00000449       0x2d ./EE/ee.o
 .ARM.attributes
                0x00000476       0x2d ./HSM/hsm.o
 .ARM.attributes
                0x000004a3       0x2d ./HSM/hsm_timer.o
 .ARM.attributes
                0x000004d0       0x2d ./MODBUS-LIB/Modbus.o
 .ARM.attributes
                0x000004fd       0x2d ./MODBUS-LIB/UARTCallback.o
 .ARM.attributes
                0x0000052a       0x2d ./Middlewares/Third_Party/FreeRTOS/Source/CMSIS_RTOS_V2/cmsis_os2.o
 .ARM.attributes
                0x00000557       0x2d ./Middlewares/Third_Party/FreeRTOS/Source/list.o
 .ARM.attributes
                0x00000584       0x2d ./Middlewares/Third_Party/FreeRTOS/Source/queue.o
 .ARM.attributes
                0x000005b1       0x2d ./Middlewares/Third_Party/FreeRTOS/Source/tasks.o
 .ARM.attributes
                0x000005de       0x2d ./Middlewares/Third_Party/FreeRTOS/Source/timers.o
 .ARM.attributes
                0x0000060b       0x2d ./Middlewares/Third_Party/FreeRTOS/Source/portable/GCC/ARM_CM3/port.o
 .ARM.attributes
                0x00000638       0x2d ./Middlewares/Third_Party/FreeRTOS/Source/portable/MemMang/heap_4.o
 .ARM.attributes
                0x00000665       0x2d E:/ST/STM32CubeIDE_1.17.0/STM32CubeIDE/plugins/com.st.stm32cube.ide.mcu.externaltools.gnu-tools-for-stm32.13.3.rel1.win32_1.0.0.202411081344/tools/bin/../lib/gcc/arm-none-eabi/13.3.1/../../../../arm-none-eabi/lib/thumb/v7-m/nofp\libc_nano.a(libc_a-findfp.o)
 .ARM.attributes
                0x00000692       0x2d E:/ST/STM32CubeIDE_1.17.0/STM32CubeIDE/plugins/com.st.stm32cube.ide.mcu.externaltools.gnu-tools-for-stm32.13.3.rel1.win32_1.0.0.202411081344/tools/bin/../lib/gcc/arm-none-eabi/13.3.1/../../../../arm-none-eabi/lib/thumb/v7-m/nofp\libc_nano.a(libc_a-memset.o)
 .ARM.attributes
                0x000006bf       0x2d E:/ST/STM32CubeIDE_1.17.0/STM32CubeIDE/plugins/com.st.stm32cube.ide.mcu.externaltools.gnu-tools-for-stm32.13.3.rel1.win32_1.0.0.202411081344/tools/bin/../lib/gcc/arm-none-eabi/13.3.1/../../../../arm-none-eabi/lib/thumb/v7-m/nofp\libc_nano.a(libc_a-reent.o)
 .ARM.attributes
                0x000006ec       0x2d E:/ST/STM32CubeIDE_1.17.0/STM32CubeIDE/plugins/com.st.stm32cube.ide.mcu.externaltools.gnu-tools-for-stm32.13.3.rel1.win32_1.0.0.202411081344/tools/bin/../lib/gcc/arm-none-eabi/13.3.1/../../../../arm-none-eabi/lib/thumb/v7-m/nofp\libc_nano.a(libc_a-impure.o)
 .ARM.attributes
                0x00000719       0x2d E:/ST/STM32CubeIDE_1.17.0/STM32CubeIDE/plugins/com.st.stm32cube.ide.mcu.externaltools.gnu-tools-for-stm32.13.3.rel1.win32_1.0.0.202411081344/tools/bin/../lib/gcc/arm-none-eabi/13.3.1/../../../../arm-none-eabi/lib/thumb/v7-m/nofp\libc_nano.a(libc_a-init.o)
 .ARM.attributes
                0x00000746       0x2d E:/ST/STM32CubeIDE_1.17.0/STM32CubeIDE/plugins/com.st.stm32cube.ide.mcu.externaltools.gnu-tools-for-stm32.13.3.rel1.win32_1.0.0.202411081344/tools/bin/../lib/gcc/arm-none-eabi/13.3.1/../../../../arm-none-eabi/lib/thumb/v7-m/nofp\libc_nano.a(libc_a-lock.o)
 .ARM.attributes
                0x00000773       0x2d E:/ST/STM32CubeIDE_1.17.0/STM32CubeIDE/plugins/com.st.stm32cube.ide.mcu.externaltools.gnu-tools-for-stm32.13.3.rel1.win32_1.0.0.202411081344/tools/bin/../lib/gcc/arm-none-eabi/13.3.1/../../../../arm-none-eabi/lib/thumb/v7-m/nofp\libc_nano.a(libc_a-memcpy-stub.o)
 .ARM.attributes
                0x000007a0       0x2d E:/ST/STM32CubeIDE_1.17.0/STM32CubeIDE/plugins/com.st.stm32cube.ide.mcu.externaltools.gnu-tools-for-stm32.13.3.rel1.win32_1.0.0.202411081344/tools/bin/../lib/gcc/arm-none-eabi/13.3.1/../../../../arm-none-eabi/lib/thumb/v7-m/nofp\libc_nano.a(libc_a-freer.o)
 .ARM.attributes
                0x000007cd       0x2d E:/ST/STM32CubeIDE_1.17.0/STM32CubeIDE/plugins/com.st.stm32cube.ide.mcu.externaltools.gnu-tools-for-stm32.13.3.rel1.win32_1.0.0.202411081344/tools/bin/../lib/gcc/arm-none-eabi/13.3.1/../../../../arm-none-eabi/lib/thumb/v7-m/nofp\libc_nano.a(libc_a-mallocr.o)
 .ARM.attributes
                0x000007fa       0x2d E:/ST/STM32CubeIDE_1.17.0/STM32CubeIDE/plugins/com.st.stm32cube.ide.mcu.externaltools.gnu-tools-for-stm32.13.3.rel1.win32_1.0.0.202411081344/tools/bin/../lib/gcc/arm-none-eabi/13.3.1/../../../../arm-none-eabi/lib/thumb/v7-m/nofp\libc_nano.a(libc_a-mlock.o)
 .ARM.attributes
                0x00000827       0x1d E:/ST/STM32CubeIDE_1.17.0/STM32CubeIDE/plugins/com.st.stm32cube.ide.mcu.externaltools.gnu-tools-for-stm32.13.3.rel1.win32_1.0.0.202411081344/tools/bin/../lib/gcc/arm-none-eabi/13.3.1/thumb/v7-m/nofp/crtn.o
OUTPUT(RBCS_READ_BATTERY_DATA.elf elf32-littlearm)
LOAD linker stubs
LOAD E:/ST/STM32CubeIDE_1.17.0/STM32CubeIDE/plugins/com.st.stm32cube.ide.mcu.externaltools.gnu-tools-for-stm32.13.3.rel1.win32_1.0.0.202411081344/tools/bin/../lib/gcc/arm-none-eabi/13.3.1/../../../../arm-none-eabi/lib/thumb/v7-m/nofp\libc.a
LOAD E:/ST/STM32CubeIDE_1.17.0/STM32CubeIDE/plugins/com.st.stm32cube.ide.mcu.externaltools.gnu-tools-for-stm32.13.3.rel1.win32_1.0.0.202411081344/tools/bin/../lib/gcc/arm-none-eabi/13.3.1/../../../../arm-none-eabi/lib/thumb/v7-m/nofp\libm.a
LOAD E:/ST/STM32CubeIDE_1.17.0/STM32CubeIDE/plugins/com.st.stm32cube.ide.mcu.externaltools.gnu-tools-for-stm32.13.3.rel1.win32_1.0.0.202411081344/tools/bin/../lib/gcc/arm-none-eabi/13.3.1/thumb/v7-m/nofp\libgcc.a

.debug_info     0x00000000    0x1f5f6
 .debug_info    0x00000000      0xc7b ./APP/app_params.o
 .debug_info    0x00000c7b     0x1607 ./APP/app_states.o
 .debug_info    0x00002282      0x2cf ./Core/Src/dma.o
 .debug_info    0x00002551     0x14f4 ./Core/Src/freertos.o
 .debug_info    0x00003a45      0x2b7 ./Core/Src/gpio.o
 .debug_info    0x00003cfc      0x8b2 ./Core/Src/main.o
 .debug_info    0x000045ae      0x361 ./Core/Src/stm32f1xx_hal_msp.o
 .debug_info    0x0000490f      0x99a ./Core/Src/stm32f1xx_hal_timebase_tim.o
 .debug_info    0x000052a9      0x9c9 ./Core/Src/stm32f1xx_it.o
 .debug_info    0x00005c72      0x222 ./Core/Src/system_stm32f1xx.o
 .debug_info    0x00005e94      0x9bb ./Core/Src/tim.o
 .debug_info    0x0000684f      0x9ed ./Core/Src/usart.o
 .debug_info    0x0000723c       0x30 ./Core/Startup/startup_stm32f103c8tx.o
 .debug_info    0x0000726c      0x704 ./Drivers/STM32F1xx_HAL_Driver/Src/stm32f1xx_hal.o
 .debug_info    0x00007970      0xa87 ./Drivers/STM32F1xx_HAL_Driver/Src/stm32f1xx_hal_cortex.o
 .debug_info    0x000083f7      0x6d2 ./Drivers/STM32F1xx_HAL_Driver/Src/stm32f1xx_hal_dma.o
 .debug_info    0x00008ac9      0x4f8 ./Drivers/STM32F1xx_HAL_Driver/Src/stm32f1xx_hal_flash.o
 .debug_info    0x00008fc1      0x777 ./Drivers/STM32F1xx_HAL_Driver/Src/stm32f1xx_hal_flash_ex.o
 .debug_info    0x00009738      0x5ab ./Drivers/STM32F1xx_HAL_Driver/Src/stm32f1xx_hal_gpio.o
 .debug_info    0x00009ce3      0x7d5 ./Drivers/STM32F1xx_HAL_Driver/Src/stm32f1xx_hal_rcc.o
 .debug_info    0x0000a4b8     0x2959 ./Drivers/STM32F1xx_HAL_Driver/Src/stm32f1xx_hal_tim.o
 .debug_info    0x0000ce11     0x149b ./Drivers/STM32F1xx_HAL_Driver/Src/stm32f1xx_hal_tim_ex.o
 .debug_info    0x0000e2ac     0x2eed ./Drivers/STM32F1xx_HAL_Driver/Src/stm32f1xx_hal_uart.o
 .debug_info    0x00011199      0x397 ./EE/ee.o
 .debug_info    0x00011530      0x443 ./HSM/hsm.o
 .debug_info    0x00011973      0x987 ./HSM/hsm_timer.o
 .debug_info    0x000122fa     0x1bf5 ./MODBUS-LIB/Modbus.o
 .debug_info    0x00013eef      0xb39 ./MODBUS-LIB/UARTCallback.o
 .debug_info    0x00014a28     0x402c ./Middlewares/Third_Party/FreeRTOS/Source/CMSIS_RTOS_V2/cmsis_os2.o
 .debug_info    0x00018a54      0x2af ./Middlewares/Third_Party/FreeRTOS/Source/list.o
 .debug_info    0x00018d03     0x1b79 ./Middlewares/Third_Party/FreeRTOS/Source/queue.o
 .debug_info    0x0001a87c     0x28c1 ./Middlewares/Third_Party/FreeRTOS/Source/tasks.o
 .debug_info    0x0001d13d     0x1b50 ./Middlewares/Third_Party/FreeRTOS/Source/timers.o
 .debug_info    0x0001ec8d      0x494 ./Middlewares/Third_Party/FreeRTOS/Source/portable/GCC/ARM_CM3/port.o
 .debug_info    0x0001f121      0x4d5 ./Middlewares/Third_Party/FreeRTOS/Source/portable/MemMang/heap_4.o

.debug_abbrev   0x00000000     0x4fa6
 .debug_abbrev  0x00000000      0x257 ./APP/app_params.o
 .debug_abbrev  0x00000257      0x260 ./APP/app_states.o
 .debug_abbrev  0x000004b7       0xfc ./Core/Src/dma.o
 .debug_abbrev  0x000005b3      0x2d9 ./Core/Src/freertos.o
 .debug_abbrev  0x0000088c      0x13f ./Core/Src/gpio.o
 .debug_abbrev  0x000009cb      0x22e ./Core/Src/main.o
 .debug_abbrev  0x00000bf9      0x11c ./Core/Src/stm32f1xx_hal_msp.o
 .debug_abbrev  0x00000d15      0x1f3 ./Core/Src/stm32f1xx_hal_timebase_tim.o
 .debug_abbrev  0x00000f08      0x1a3 ./Core/Src/stm32f1xx_it.o
 .debug_abbrev  0x000010ab      0x13f ./Core/Src/system_stm32f1xx.o
 .debug_abbrev  0x000011ea      0x20e ./Core/Src/tim.o
 .debug_abbrev  0x000013f8      0x221 ./Core/Src/usart.o
 .debug_abbrev  0x00001619       0x24 ./Core/Startup/startup_stm32f103c8tx.o
 .debug_abbrev  0x0000163d      0x201 ./Drivers/STM32F1xx_HAL_Driver/Src/stm32f1xx_hal.o
 .debug_abbrev  0x0000183e      0x2f8 ./Drivers/STM32F1xx_HAL_Driver/Src/stm32f1xx_hal_cortex.o
 .debug_abbrev  0x00001b36      0x20b ./Drivers/STM32F1xx_HAL_Driver/Src/stm32f1xx_hal_dma.o
 .debug_abbrev  0x00001d41      0x250 ./Drivers/STM32F1xx_HAL_Driver/Src/stm32f1xx_hal_flash.o
 .debug_abbrev  0x00001f91      0x247 ./Drivers/STM32F1xx_HAL_Driver/Src/stm32f1xx_hal_flash_ex.o
 .debug_abbrev  0x000021d8      0x1ca ./Drivers/STM32F1xx_HAL_Driver/Src/stm32f1xx_hal_gpio.o
 .debug_abbrev  0x000023a2      0x2b3 ./Drivers/STM32F1xx_HAL_Driver/Src/stm32f1xx_hal_rcc.o
 .debug_abbrev  0x00002655      0x277 ./Drivers/STM32F1xx_HAL_Driver/Src/stm32f1xx_hal_tim.o
 .debug_abbrev  0x000028cc      0x282 ./Drivers/STM32F1xx_HAL_Driver/Src/stm32f1xx_hal_tim_ex.o
 .debug_abbrev  0x00002b4e      0x2f8 ./Drivers/STM32F1xx_HAL_Driver/Src/stm32f1xx_hal_uart.o
 .debug_abbrev  0x00002e46      0x1b9 ./EE/ee.o
 .debug_abbrev  0x00002fff      0x1a7 ./HSM/hsm.o
 .debug_abbrev  0x000031a6      0x206 ./HSM/hsm_timer.o
 .debug_abbrev  0x000033ac      0x405 ./MODBUS-LIB/Modbus.o
 .debug_abbrev  0x000037b1      0x227 ./MODBUS-LIB/UARTCallback.o
 .debug_abbrev  0x000039d8      0x548 ./Middlewares/Third_Party/FreeRTOS/Source/CMSIS_RTOS_V2/cmsis_os2.o
 .debug_abbrev  0x00003f20       0xf5 ./Middlewares/Third_Party/FreeRTOS/Source/list.o
 .debug_abbrev  0x00004015      0x3b6 ./Middlewares/Third_Party/FreeRTOS/Source/queue.o
 .debug_abbrev  0x000043cb      0x3fe ./Middlewares/Third_Party/FreeRTOS/Source/tasks.o
 .debug_abbrev  0x000047c9      0x368 ./Middlewares/Third_Party/FreeRTOS/Source/timers.o
 .debug_abbrev  0x00004b31      0x258 ./Middlewares/Third_Party/FreeRTOS/Source/portable/GCC/ARM_CM3/port.o
 .debug_abbrev  0x00004d89      0x21d ./Middlewares/Third_Party/FreeRTOS/Source/portable/MemMang/heap_4.o

.debug_aranges  0x00000000     0x18b0
 .debug_aranges
                0x00000000       0x40 ./APP/app_params.o
 .debug_aranges
                0x00000040       0x50 ./APP/app_states.o
 .debug_aranges
                0x00000090       0x20 ./Core/Src/dma.o
 .debug_aranges
                0x000000b0       0x40 ./Core/Src/freertos.o
 .debug_aranges
                0x000000f0       0x20 ./Core/Src/gpio.o
 .debug_aranges
                0x00000110       0x38 ./Core/Src/main.o
 .debug_aranges
                0x00000148       0x20 ./Core/Src/stm32f1xx_hal_msp.o
 .debug_aranges
                0x00000168       0x30 ./Core/Src/stm32f1xx_hal_timebase_tim.o
 .debug_aranges
                0x00000198       0x88 ./Core/Src/stm32f1xx_it.o
 .debug_aranges
                0x00000220       0x28 ./Core/Src/system_stm32f1xx.o
 .debug_aranges
                0x00000248       0x30 ./Core/Src/tim.o
 .debug_aranges
                0x00000278       0x38 ./Core/Src/usart.o
 .debug_aranges
                0x000002b0       0x28 ./Core/Startup/startup_stm32f103c8tx.o
 .debug_aranges
                0x000002d8       0xe0 ./Drivers/STM32F1xx_HAL_Driver/Src/stm32f1xx_hal.o
 .debug_aranges
                0x000003b8      0x100 ./Drivers/STM32F1xx_HAL_Driver/Src/stm32f1xx_hal_cortex.o
 .debug_aranges
                0x000004b8       0x80 ./Drivers/STM32F1xx_HAL_Driver/Src/stm32f1xx_hal_dma.o
 .debug_aranges
                0x00000538       0x88 ./Drivers/STM32F1xx_HAL_Driver/Src/stm32f1xx_hal_flash.o
 .debug_aranges
                0x000005c0       0x98 ./Drivers/STM32F1xx_HAL_Driver/Src/stm32f1xx_hal_flash_ex.o
 .debug_aranges
                0x00000658       0x58 ./Drivers/STM32F1xx_HAL_Driver/Src/stm32f1xx_hal_gpio.o
 .debug_aranges
                0x000006b0       0x90 ./Drivers/STM32F1xx_HAL_Driver/Src/stm32f1xx_hal_rcc.o
 .debug_aranges
                0x00000740      0x3d0 ./Drivers/STM32F1xx_HAL_Driver/Src/stm32f1xx_hal_tim.o
 .debug_aranges
                0x00000b10      0x168 ./Drivers/STM32F1xx_HAL_Driver/Src/stm32f1xx_hal_tim_ex.o
 .debug_aranges
                0x00000c78      0x208 ./Drivers/STM32F1xx_HAL_Driver/Src/stm32f1xx_hal_uart.o
 .debug_aranges
                0x00000e80       0x40 ./EE/ee.o
 .debug_aranges
                0x00000ec0       0x50 ./HSM/hsm.o
 .debug_aranges
                0x00000f10       0x50 ./HSM/hsm_timer.o
 .debug_aranges
                0x00000f60      0x108 ./MODBUS-LIB/Modbus.o
 .debug_aranges
                0x00001068       0x38 ./MODBUS-LIB/UARTCallback.o
 .debug_aranges
                0x000010a0      0x2b0 ./Middlewares/Third_Party/FreeRTOS/Source/CMSIS_RTOS_V2/cmsis_os2.o
 .debug_aranges
                0x00001350       0x40 ./Middlewares/Third_Party/FreeRTOS/Source/list.o
 .debug_aranges
                0x00001390      0x158 ./Middlewares/Third_Party/FreeRTOS/Source/queue.o
 .debug_aranges
                0x000014e8      0x208 ./Middlewares/Third_Party/FreeRTOS/Source/tasks.o
 .debug_aranges
                0x000016f0       0xf0 ./Middlewares/Third_Party/FreeRTOS/Source/timers.o
 .debug_aranges
                0x000017e0       0x78 ./Middlewares/Third_Party/FreeRTOS/Source/portable/GCC/ARM_CM3/port.o
 .debug_aranges
                0x00001858       0x58 ./Middlewares/Third_Party/FreeRTOS/Source/portable/MemMang/heap_4.o

.debug_rnglists
                0x00000000     0x1304
 .debug_rnglists
                0x00000000       0x2d ./APP/app_params.o
 .debug_rnglists
                0x0000002d       0x3b ./APP/app_states.o
 .debug_rnglists
                0x00000068       0x13 ./Core/Src/dma.o
 .debug_rnglists
                0x0000007b       0x2f ./Core/Src/freertos.o
 .debug_rnglists
                0x000000aa       0x14 ./Core/Src/gpio.o
 .debug_rnglists
                0x000000be       0x26 ./Core/Src/main.o
 .debug_rnglists
                0x000000e4       0x13 ./Core/Src/stm32f1xx_hal_msp.o
 .debug_rnglists