../Core/Src/stm32f1xx_it.c:79:6:NMI_Handler	4	static
../Core/Src/stm32f1xx_it.c:94:6:HardFault_Handler	4	static
../Core/Src/stm32f1xx_it.c:109:6:MemManage_Handler	4	static
../Core/Src/stm32f1xx_it.c:124:6:BusFault_Handler	4	static
../Core/Src/stm32f1xx_it.c:139:6:UsageFault_Handler	4	static
../Core/Src/stm32f1xx_it.c:154:6:DebugMon_Handler	4	static
../Core/Src/stm32f1xx_it.c:174:6:DMA1_Channel2_IRQHandler	8	static
../Core/Src/stm32f1xx_it.c:188:6:DMA1_Channel3_IRQHandler	8	static
../Core/Src/stm32f1xx_it.c:202:6:DMA1_Channel6_IRQHandler	8	static
../Core/Src/stm32f1xx_it.c:216:6:DMA1_Channel7_IRQHandler	8	static
../Core/Src/stm32f1xx_it.c:230:6:TIM1_UP_IRQHandler	8	static
../Core/Src/stm32f1xx_it.c:244:6:TIM2_IRQHandler	8	static
../Core/Src/stm32f1xx_it.c:258:6:USART2_IRQHandler	8	static
../Core/Src/stm32f1xx_it.c:272:6:USART3_IRQHandler	8	static
